
> unimedia-web@1.0.0 test
> jest

node.exe : FAIL __tests__/unit.test.js
At line:1 char:1
+ & "C:\Program Files\nodejs/node.exe" "C:\Users\rober\AppData\Roaming\ ...
+ ~~~~~~~~~~~~~~~~~~~~~~~~~~~~~~~~~~~~~~~~~~~~~~~~~~~~~~~~~~~~~~~~~~~~~
    + CategoryInfo          : NotSpecified: (FAIL __tests__/unit.test.js:Strin 
   g) [], RemoteException
    + FullyQualifiedErrorId : NativeCommandError
 
  ΓùÅ Console

    console.log
      
      ΓòöΓòÉΓòÉΓòÉΓòÉΓòÉΓòÉΓòÉΓòÉΓòÉΓòÉΓòÉΓòÉΓòÉΓòÉΓòÉΓòÉΓòÉΓòÉΓòÉΓòÉΓòÉΓòÉΓòÉΓ
òÉΓòÉΓòÉΓòÉΓòÉΓòÉΓòÉΓòÉΓòÉΓòÉΓòÉΓòÉΓòÉΓòÉΓòÉΓòÉΓòÉΓòÉΓòÉΓòÉΓòÉΓòÉΓòÉΓòÉΓòÉΓòù

      at log (server.js:270:13)

    console.log
      Γòæ         /api/document REQUEST RECEIVED          Γòæ

      at log (server.js:271:13)

    console.log
      ΓòÜΓòÉΓòÉΓòÉΓòÉΓòÉΓòÉΓòÉΓòÉΓòÉΓòÉΓòÉΓòÉΓòÉΓòÉΓòÉΓòÉΓòÉΓòÉΓòÉΓòÉΓòÉΓòÉΓòÉΓ
òÉΓòÉΓòÉΓòÉΓòÉΓòÉΓòÉΓòÉΓòÉΓòÉΓòÉΓòÉΓòÉΓòÉΓòÉΓòÉΓòÉΓòÉΓòÉΓòÉΓòÉΓòÉΓòÉΓòÉΓòÉΓò¥

      at log (server.js:272:13)

    console.log
      File uploaded: undefined

      at log (server.js:273:13)

    console.log
      File size: undefined bytes

      at log (server.js:274:13)

    console.log
      Form fields received: [ 'apiKey' ]

      at log (server.js:275:13)

    console.log


      at log (server.js:276:13)

    console.log
      API KEY DETAILED CHECK:

      at log (server.js:277:13)

    console.log
        - Received apiKey (raw): gsk_test123

      at log (server.js:278:13)

    console.log
        - apiKey type: string

      at log (server.js:279:13)

    console.log
        - apiKey length: 11

      at log (server.js:280:13)

    console.log
        - apiKey is empty string: false

      at log (server.js:281:13)

    console.log
        - apiKey is null: false

      at log (server.js:282:13)

    console.log
        - apiKey is undefined: false

      at log (server.js:283:13)

    console.log
        - apiKey trimmed: gsk_test123

      at log (server.js:284:13)

    console.log
        - apiKey trimmed length: 11

      at log (server.js:285:13)

    console.log
        - Starts with gsk_: true

      at log (server.js:286:13)

    console.log
        - First 15 chars: gsk_test123

      at log (server.js:287:13)

    console.log


      at log (server.js:288:13)

    console.log
      Summary options:

      at log (server.js:289:13)

    console.log
        - summaryType: standard

      at log (server.js:290:13)

    console.log
        - analysisDepth: normal

      at log (server.js:291:13)

    console.log
        - extractMetadata: undefined

      at log (server.js:292:13)

    console.log
        - highlightKeywords: undefined

      at log (server.js:293:13)

    console.log


      at log (server.js:294:13)

    console.error
      Server error: Error: Network unavailable
          at Object.<anonymous> 
(C:\Users\rober\Desktop\UNIMEDIA_WEBSITE\__tests__\unit.test.js:36:27)
          at Promise.finally.completed (C:\Users\rober\Desktop\UNIMEDIA_WEBSITE
\node_modules\jest-circus\build\jestAdapterInit.js:1557:28)
          at new Promise (<anonymous>)
          at callAsyncCircusFn (C:\Users\rober\Desktop\UNIMEDIA_WEBSITE\node_mo
dules\jest-circus\build\jestAdapterInit.js:1497:10)
          at _callCircusHook (C:\Users\rober\Desktop\UNIMEDIA_WEBSITE\node_modu
les\jest-circus\build\jestAdapterInit.js:976:40)
          at processTicksAndRejections 
(node:internal/process/task_queues:103:5)
          at _runTest (C:\Users\rober\Desktop\UNIMEDIA_WEBSITE\node_modules\jes
t-circus\build\jestAdapterInit.js:941:5)
          at C:\Users\rober\Desktop\UNIMEDIA_WEBSITE\node_modules\jest-circus\b
uild\jestAdapterInit.js:849:7
          at _runTestsForDescribeBlock (C:\Users\rober\Desktop\UNIMEDIA_WEBSITE
\node_modules\jest-circus\build\jestAdapterInit.js:862:11)
          at _runTestsForDescribeBlock (C:\Users\rober\Desktop\UNIMEDIA_WEBSITE
\node_modules\jest-circus\build\jestAdapterInit.js:857:11)
          at _runTestsForDescribeBlock (C:\Users\rober\Desktop\UNIMEDIA_WEBSITE
\node_modules\jest-circus\build\jestAdapterInit.js:857:11)
          at run (C:\Users\rober\Desktop\UNIMEDIA_WEBSITE\node_modules\jest-cir
cus\build\jestAdapterInit.js:761:3)
          at runAndTransformResultsToJestFormat (C:\Users\rober\Desktop\UNIMEDI
A_WEBSITE\node_modules\jest-circus\build\jestAdapterInit.js:1918:21)
          at jestAdapter (C:\Users\rober\Desktop\UNIMEDIA_WEBSITE\node_modules\
jest-circus\build\runner.js:101:19)
          at runTestInternal (C:\Users\rober\Desktop\UNIMEDIA_WEBSITE\node_modu
les\jest-runner\build\testWorker.js:275:16)
          at runTest (C:\Users\rober\Desktop\UNIMEDIA_WEBSITE\node_modules\jest
-runner\build\testWorker.js:343:7)
          at Object.worker (C:\Users\rober\Desktop\UNIMEDIA_WEBSITE\node_module
s\jest-runner\build\testWorker.js:497:12)

    [0m [90m 251 |[39m
     [90m 252 |[39m   } [36mcatch[39m (error) {
    [31m[1m>[22m[39m[90m 253 |[39m     
console[33m.[39merror([32m'Server error:'[39m[33m,[39m error)[33m;[39m
     [90m     |[39m             [31m[1m^[22m[39m
     [90m 254 |[39m     res[33m.[39mstatus([35m500[39m)[33m.[39mjson({
     [90m 255 |[39m       error[33m:[39m error[33m.[39mmessage[33m,[39m
     [90m 256 |[39m       source[33m:[39m [32m'local'[39m[33m,[39m[0m

      at error (server.js:253:13)

    console.error
      Server error: Error: Network unavailable
          at Object.<anonymous> 
(C:\Users\rober\Desktop\UNIMEDIA_WEBSITE\__tests__\unit.test.js:36:27)
          at Promise.finally.completed (C:\Users\rober\Desktop\UNIMEDIA_WEBSITE
\node_modules\jest-circus\build\jestAdapterInit.js:1557:28)
          at new Promise (<anonymous>)
          at callAsyncCircusFn (C:\Users\rober\Desktop\UNIMEDIA_WEBSITE\node_mo
dules\jest-circus\build\jestAdapterInit.js:1497:10)
          at _callCircusHook (C:\Users\rober\Desktop\UNIMEDIA_WEBSITE\node_modu
les\jest-circus\build\jestAdapterInit.js:976:40)
          at processTicksAndRejections 
(node:internal/process/task_queues:103:5)
          at _runTest (C:\Users\rober\Desktop\UNIMEDIA_WEBSITE\node_modules\jes
t-circus\build\jestAdapterInit.js:941:5)
          at C:\Users\rober\Desktop\UNIMEDIA_WEBSITE\node_modules\jest-circus\b
uild\jestAdapterInit.js:849:7
          at _runTestsForDescribeBlock (C:\Users\rober\Desktop\UNIMEDIA_WEBSITE
\node_modules\jest-circus\build\jestAdapterInit.js:862:11)
          at _runTestsForDescribeBlock (C:\Users\rober\Desktop\UNIMEDIA_WEBSITE
\node_modules\jest-circus\build\jestAdapterInit.js:857:11)
          at _runTestsForDescribeBlock (C:\Users\rober\Desktop\UNIMEDIA_WEBSITE
\node_modules\jest-circus\build\jestAdapterInit.js:857:11)
          at run (C:\Users\rober\Desktop\UNIMEDIA_WEBSITE\node_modules\jest-cir
cus\build\jestAdapterInit.js:761:3)
          at runAndTransformResultsToJestFormat (C:\Users\rober\Desktop\UNIMEDI
A_WEBSITE\node_modules\jest-circus\build\jestAdapterInit.js:1918:21)
          at jestAdapter (C:\Users\rober\Desktop\UNIMEDIA_WEBSITE\node_modules\
jest-circus\build\runner.js:101:19)
          at runTestInternal (C:\Users\rober\Desktop\UNIMEDIA_WEBSITE\node_modu
les\jest-runner\build\testWorker.js:275:16)
          at runTest (C:\Users\rober\Desktop\UNIMEDIA_WEBSITE\node_modules\jest
-runner\build\testWorker.js:343:7)
          at Object.worker (C:\Users\rober\Desktop\UNIMEDIA_WEBSITE\node_module
s\jest-runner\build\testWorker.js:497:12)

    [0m [90m 251 |[39m
     [90m 252 |[39m   } [36mcatch[39m (error) {
    [31m[1m>[22m[39m[90m 253 |[39m     
console[33m.[39merror([32m'Server error:'[39m[33m,[39m error)[33m;[39m
     [90m     |[39m             [31m[1m^[22m[39m
     [90m 254 |[39m     res[33m.[39mstatus([35m500[39m)[33m.[39mjson({
     [90m 255 |[39m       error[33m:[39m error[33m.[39mmessage[33m,[39m
     [90m 256 |[39m       source[33m:[39m [32m'local'[39m[33m,[39m[0m

      at error (server.js:253:13)

    console.error
      Groq Whisper Error: { error: { message: 'Unauthorized' } }

    [0m [90m 157 |[39m     [36mif[39m ([33m![39mresponse[33m.[39mok) {
     [90m 158 |[39m       [36mconst[39m errorData [33m=[39m 
[36mawait[39m response[33m.[39mjson()[33m.[39m[36mcatch[39m(() 
[33m=>[39m ({}))[33m;[39m
    [31m[1m>[22m[39m[90m 159 |[39m       
console[33m.[39merror([32m'Groq Whisper Error:'[39m[33m,[39m 
errorData)[33m;[39m
     [90m     |[39m               [31m[1m^[22m[39m
     [90m 160 |[39m       [36mreturn[39m 
res[33m.[39mstatus(response[33m.[39mstatus)[33m.[39mjson({
     [90m 161 |[39m         error[33m:[39m 
errorData[33m.[39merror[33m?[39m[33m.[39mmessage [33m||[39m 
[32m'Transcription failed'[39m[33m,[39m
     [90m 162 |[39m         text[33m:[39m [32m`ΓÜá∩╕Å Transcription 
Error: ${errorData.error?.message || 'Failed to transcribe audio. Make sure 
the file is a valid audio format (MP3, WAV, M4A, OGG).'}`[39m[0m

      at error (server.js:159:15)

    console.error
      Transcription error: Error: Network error
          at Object.<anonymous> 
(C:\Users\rober\Desktop\UNIMEDIA_WEBSITE\__tests__\unit.test.js:255:31)
          at Promise.finally.completed (C:\Users\rober\Desktop\UNIMEDIA_WEBSITE
\node_modules\jest-circus\build\jestAdapterInit.js:1557:28)
          at new Promise (<anonymous>)
          at callAsyncCircusFn (C:\Users\rober\Desktop\UNIMEDIA_WEBSITE\node_mo
dules\jest-circus\build\jestAdapterInit.js:1497:10)
          at _callCircusTest (C:\Users\rober\Desktop\UNIMEDIA_WEBSITE\node_modu
les\jest-circus\build\jestAdapterInit.js:1007:40)
          at processTicksAndRejections 
(node:internal/process/task_queues:103:5)
          at _runTest (C:\Users\rober\Desktop\UNIMEDIA_WEBSITE\node_modules\jes
t-circus\build\jestAdapterInit.js:947:3)
          at C:\Users\rober\Desktop\UNIMEDIA_WEBSITE\node_modules\jest-circus\b
uild\jestAdapterInit.js:849:7
          at _runTestsForDescribeBlock (C:\Users\rober\Desktop\UNIMEDIA_WEBSITE
\node_modules\jest-circus\build\jestAdapterInit.js:862:11)
          at _runTestsForDescribeBlock (C:\Users\rober\Desktop\UNIMEDIA_WEBSITE
\node_modules\jest-circus\build\jestAdapterInit.js:857:11)
          at _runTestsForDescribeBlock (C:\Users\rober\Desktop\UNIMEDIA_WEBSITE
\node_modules\jest-circus\build\jestAdapterInit.js:857:11)
          at run (C:\Users\rober\Desktop\UNIMEDIA_WEBSITE\node_modules\jest-cir
cus\build\jestAdapterInit.js:761:3)
          at runAndTransformResultsToJestFormat (C:\Users\rober\Desktop\UNIMEDI
A_WEBSITE\node_modules\jest-circus\build\jestAdapterInit.js:1918:21)
          at jestAdapter (C:\Users\rober\Desktop\UNIMEDIA_WEBSITE\node_modules\
jest-circus\build\runner.js:101:19)
          at runTestInternal (C:\Users\rober\Desktop\UNIMEDIA_WEBSITE\node_modu
les\jest-runner\build\testWorker.js:275:16)
          at runTest (C:\Users\rober\Desktop\UNIMEDIA_WEBSITE\node_modules\jest
-runner\build\testWorker.js:343:7)
          at Object.worker (C:\Users\rober\Desktop\UNIMEDIA_WEBSITE\node_module
s\jest-runner\build\testWorker.js:497:12)

    [0m [90m 174 |[39m
     [90m 175 |[39m   } [36mcatch[39m (error) {
    [31m[1m>[22m[39m[90m 176 |[39m     
console[33m.[39merror([32m'Transcription error:'[39m[33m,[39m 
error)[33m;[39m
     [90m     |[39m             [31m[1m^[22m[39m
     [90m 177 |[39m     res[33m.[39mstatus([35m500[39m)[33m.[39mjson({
     [90m 178 |[39m       error[33m:[39m error[33m.[39mmessage[33m,[39m
     [90m 179 |[39m       text[33m:[39m [32m`ΓÜá∩╕Å Transcription Error: 
${error.message}`[39m[0m

      at error (server.js:176:13)

    console.error
      Server error: Error: Network unavailable
          at Object.<anonymous> 
(C:\Users\rober\Desktop\UNIMEDIA_WEBSITE\__tests__\unit.test.js:36:27)
          at Promise.finally.completed (C:\Users\rober\Desktop\UNIMEDIA_WEBSITE
\node_modules\jest-circus\build\jestAdapterInit.js:1557:28)
          at new Promise (<anonymous>)
          at callAsyncCircusFn (C:\Users\rober\Desktop\UNIMEDIA_WEBSITE\node_mo
dules\jest-circus\build\jestAdapterInit.js:1497:10)
          at _callCircusHook (C:\Users\rober\Desktop\UNIMEDIA_WEBSITE\node_modu
les\jest-circus\build\jestAdapterInit.js:976:40)
          at processTicksAndRejections 
(node:internal/process/task_queues:103:5)
          at _runTest (C:\Users\rober\Desktop\UNIMEDIA_WEBSITE\node_modules\jes
t-circus\build\jestAdapterInit.js:941:5)
          at C:\Users\rober\Desktop\UNIMEDIA_WEBSITE\node_modules\jest-circus\b
uild\jestAdapterInit.js:849:7
          at _runTestsForDescribeBlock (C:\Users\rober\Desktop\UNIMEDIA_WEBSITE
\node_modules\jest-circus\build\jestAdapterInit.js:862:11)
          at _runTestsForDescribeBlock (C:\Users\rober\Desktop\UNIMEDIA_WEBSITE
\node_modules\jest-circus\build\jestAdapterInit.js:857:11)
          at _runTestsForDescribeBlock (C:\Users\rober\Desktop\UNIMEDIA_WEBSITE
\node_modules\jest-circus\build\jestAdapterInit.js:857:11)
          at run (C:\Users\rober\Desktop\UNIMEDIA_WEBSITE\node_modules\jest-cir
cus\build\jestAdapterInit.js:761:3)
          at runAndTransformResultsToJestFormat (C:\Users\rober\Desktop\UNIMEDI
A_WEBSITE\node_modules\jest-circus\build\jestAdapterInit.js:1918:21)
          at jestAdapter (C:\Users\rober\Desktop\UNIMEDIA_WEBSITE\node_modules\
jest-circus\build\runner.js:101:19)
          at runTestInternal (C:\Users\rober\Desktop\UNIMEDIA_WEBSITE\node_modu
les\jest-runner\build\testWorker.js:275:16)
          at runTest (C:\Users\rober\Desktop\UNIMEDIA_WEBSITE\node_modules\jest
-runner\build\testWorker.js:343:7)
          at Object.worker (C:\Users\rober\Desktop\UNIMEDIA_WEBSITE\node_module
s\jest-runner\build\testWorker.js:497:12)

    [0m [90m 251 |[39m
     [90m 252 |[39m   } [36mcatch[39m (error) {
    [31m[1m>[22m[39m[90m 253 |[39m     
console[33m.[39merror([32m'Server error:'[39m[33m,[39m error)[33m;[39m
     [90m     |[39m             [31m[1m^[22m[39m
     [90m 254 |[39m     res[33m.[39mstatus([35m500[39m)[33m.[39mjson({
     [90m 255 |[39m       error[33m:[39m error[33m.[39mmessage[33m,[39m
     [90m 256 |[39m       source[33m:[39m [32m'local'[39m[33m,[39m[0m

      at error (server.js:253:13)

    console.error
      Groq API Error: { error: { message: 'Internal server error' } }

    [0m [90m 233 |[39m     [36mif[39m ([33m![39mresponse[33m.[39mok) {
     [90m 234 |[39m       [36mconst[39m errorData [33m=[39m 
[36mawait[39m response[33m.[39mjson()[33m;[39m
    [31m[1m>[22m[39m[90m 235 |[39m       
console[33m.[39merror([32m'Groq API Error:'[39m[33m,[39m 
errorData)[33m;[39m
     [90m     |[39m               [31m[1m^[22m[39m
     [90m 236 |[39m       [36mreturn[39m 
res[33m.[39mstatus(response[33m.[39mstatus)[33m.[39mjson({
     [90m 237 |[39m         error[33m:[39m 
errorData[33m.[39merror[33m?[39m[33m.[39mmessage [33m||[39m [32m'Groq 
API error'[39m[33m,[39m
     [90m 238 |[39m         source[33m:[39m 
[32m'local'[39m[33m,[39m[0m

      at error (server.js:235:15)

    console.error
      TTS error: TypeError: response.buffer is not a function
          at buffer (C:\Users\rober\Desktop\UNIMEDIA_WEBSITE\server.js:1103:40)
          at processTicksAndRejections 
(node:internal/process/task_queues:103:5)

    [0m [90m 1109 |[39m
     [90m 1110 |[39m   } [36mcatch[39m (error) {
    [31m[1m>[22m[39m[90m 1111 |[39m     
console[33m.[39merror([32m'TTS error:'[39m[33m,[39m error)[33m;[39m
     [90m      |[39m             [31m[1m^[22m[39m
     [90m 1112 |[39m     
res[33m.[39mstatus([35m500[39m)[33m.[39mjson({ 
     [90m 1113 |[39m       error[33m:[39m 
error[33m.[39mmessage[33m,[39m 
     [90m 1114 |[39m       text[33m:[39m [32m`ΓÜá∩╕Å Text-to-Speech 
error: ${error.message}`[39m [0m

      at error (server.js:1111:13)

    console.log
      
      ΓòöΓòÉΓòÉΓòÉΓòÉΓòÉΓòÉΓòÉΓòÉΓòÉΓòÉΓòÉΓòÉΓòÉΓòÉΓòÉΓòÉΓòÉΓòÉΓòÉΓòÉΓòÉΓòÉΓòÉΓ
òÉΓòÉΓòÉΓòÉΓòÉΓòÉΓòÉΓòÉΓòÉΓòÉΓòÉΓòÉΓòÉΓòÉΓòÉΓòÉΓòÉΓòÉΓòÉΓòÉΓòÉΓòÉΓòÉΓòÉΓòÉΓòù

      at log (server.js:270:13)

    console.log
      Γòæ         /api/document REQUEST RECEIVED          Γòæ

      at log (server.js:271:13)

    console.log
      ΓòÜΓòÉΓòÉΓòÉΓòÉΓòÉΓòÉΓòÉΓòÉΓòÉΓòÉΓòÉΓòÉΓòÉΓòÉΓòÉΓòÉΓòÉΓòÉΓòÉΓòÉΓòÉΓòÉΓòÉΓ
òÉΓòÉΓòÉΓòÉΓòÉΓòÉΓòÉΓòÉΓòÉΓòÉΓòÉΓòÉΓòÉΓòÉΓòÉΓòÉΓòÉΓòÉΓòÉΓòÉΓòÉΓòÉΓòÉΓòÉΓòÉΓò¥

      at log (server.js:272:13)

    console.log
      File uploaded: test.pdf

      at log (server.js:273:13)

    console.log
      File size: 4 bytes

      at log (server.js:274:13)

    console.log
      Form fields received: []

      at log (server.js:275:13)

    console.log


      at log (server.js:276:13)

    console.log
      API KEY DETAILED CHECK:

      at log (server.js:277:13)

    console.log
        - Received apiKey (raw): undefined

      at log (server.js:278:13)

    console.log
        - apiKey type: undefined

      at log (server.js:279:13)

    console.log
        - apiKey length: NULL/UNDEFINED

      at log (server.js:280:13)

    console.log
        - apiKey is empty string: false

      at log (server.js:281:13)

    console.log
        - apiKey is null: false

      at log (server.js:282:13)

    console.log
        - apiKey is undefined: true

      at log (server.js:283:13)

    console.log
        - apiKey trimmed: NO TRIM METHOD

      at log (server.js:284:13)

    console.log
        - apiKey trimmed length: 0

      at log (server.js:285:13)

    console.log
        - Starts with gsk_: false

      at log (server.js:286:13)

    console.log
        - First 15 chars: N/A

      at log (server.js:287:13)

    console.log


      at log (server.js:288:13)

    console.log
      Summary options:

      at log (server.js:289:13)

    console.log
        - summaryType: standard

      at log (server.js:290:13)

    console.log
        - analysisDepth: normal

      at log (server.js:291:13)

    console.log
        - extractMetadata: undefined

      at log (server.js:292:13)

    console.log
        - highlightKeywords: undefined

      at log (server.js:293:13)

    console.log


      at log (server.js:294:13)

    console.log
      API KEY RESOLUTION:

      at log (server.js:303:13)

    console.log
        - Using form apiKey: false

      at log (server.js:304:13)

    console.log
        - apiKeyToUse value: NULL

      at log (server.js:305:13)

    console.log
        - apiKeyToUse length: 0

      at log (server.js:306:13)

    console.log


      at log (server.js:307:13)

    console.log
      Γ¥î VALIDATION FAILED: No API key available

      at log (server.js:310:15)

    console.log
         - form apiKey: NOT SENT

      at log (server.js:311:15)

    console.log
      
      ΓòöΓòÉΓòÉΓòÉΓòÉΓòÉΓòÉΓòÉΓòÉΓòÉΓòÉΓòÉΓòÉΓòÉΓòÉΓòÉΓòÉΓòÉΓòÉΓòÉΓòÉΓòÉΓòÉΓòÉΓ
òÉΓòÉΓòÉΓòÉΓòÉΓòÉΓòÉΓòÉΓòÉΓòÉΓòÉΓòÉΓòÉΓòÉΓòÉΓòÉΓòÉΓòÉΓòÉΓòÉΓòÉΓòÉΓòÉΓòÉΓòÉΓòù

      at log (server.js:270:13)

    console.log
      Γòæ         /api/document REQUEST RECEIVED          Γòæ

      at log (server.js:271:13)

    console.log
      ΓòÜΓòÉΓòÉΓòÉΓòÉΓòÉΓòÉΓòÉΓòÉΓòÉΓòÉΓòÉΓòÉΓòÉΓòÉΓòÉΓòÉΓòÉΓòÉΓòÉΓòÉΓòÉΓòÉΓòÉΓ
òÉΓòÉΓòÉΓòÉΓòÉΓòÉΓòÉΓòÉΓòÉΓòÉΓòÉΓòÉΓòÉΓòÉΓòÉΓòÉΓòÉΓòÉΓòÉΓòÉΓòÉΓòÉΓòÉΓòÉΓòÉΓò¥

      at log (server.js:272:13)

    console.log
      File uploaded: test.pdf

      at log (server.js:273:13)

    console.log
      File size: 4 bytes

      at log (server.js:274:13)

    console.log
      Form fields received: [ 'apiKey' ]

      at log (server.js:275:13)

    console.log


      at log (server.js:276:13)

    console.log
      API KEY DETAILED CHECK:

      at log (server.js:277:13)

    console.log
        - Received apiKey (raw): wrong

      at log (server.js:278:13)

    console.log
        - apiKey type: string

      at log (server.js:279:13)

    console.log
        - apiKey length: 5

      at log (server.js:280:13)

    console.log
        - apiKey is empty string: false

      at log (server.js:281:13)

    console.log
        - apiKey is null: false

      at log (server.js:282:13)

    console.log
        - apiKey is undefined: false

      at log (server.js:283:13)

    console.log
        - apiKey trimmed: wrong

      at log (server.js:284:13)

    console.log
        - apiKey trimmed length: 5

      at log (server.js:285:13)

    console.log
        - Starts with gsk_: false

      at log (server.js:286:13)

    console.log
        - First 15 chars: wrong

      at log (server.js:287:13)

    console.log


      at log (server.js:288:13)

    console.log
      Summary options:

      at log (server.js:289:13)

    console.log
        - summaryType: standard

      at log (server.js:290:13)

    console.log
        - analysisDepth: normal

      at log (server.js:291:13)

    console.log
        - extractMetadata: undefined

      at log (server.js:292:13)

    console.log
        - highlightKeywords: undefined

      at log (server.js:293:13)

    console.log


      at log (server.js:294:13)

    console.log
      API KEY RESOLUTION:

      at log (server.js:303:13)

    console.log
        - Using form apiKey: true

      at log (server.js:304:13)

    console.log
        - apiKeyToUse value: wrong...

      at log (server.js:305:13)

    console.log
        - apiKeyToUse length: 5

      at log (server.js:306:13)

    console.log


      at log (server.js:307:13)

    console.log
      Γ¥î VALIDATION FAILED: Invalid API key format

      at log (server.js:316:15)

    console.log
         - apiKeyToUse starts with: wrong

      at log (server.js:317:15)

    console.log
      
      ΓòöΓòÉΓòÉΓòÉΓòÉΓòÉΓòÉΓòÉΓòÉΓòÉΓòÉΓòÉΓòÉΓòÉΓòÉΓòÉΓòÉΓòÉΓòÉΓòÉΓòÉΓòÉΓòÉΓòÉΓ
òÉΓòÉΓòÉΓòÉΓòÉΓòÉΓòÉΓòÉΓòÉΓòÉΓòÉΓòÉΓòÉΓòÉΓòÉΓòÉΓòÉΓòÉΓòÉΓòÉΓòÉΓòÉΓòÉΓòÉΓòÉΓòù

      at log (server.js:270:13)

    console.log
      Γòæ         /api/document REQUEST RECEIVED          Γòæ

      at log (server.js:271:13)

    console.log
      ΓòÜΓòÉΓòÉΓòÉΓòÉΓòÉΓòÉΓòÉΓòÉΓòÉΓòÉΓòÉΓòÉΓòÉΓòÉΓòÉΓòÉΓòÉΓòÉΓòÉΓòÉΓòÉΓòÉΓòÉΓ
òÉΓòÉΓòÉΓòÉΓòÉΓòÉΓòÉΓòÉΓòÉΓòÉΓòÉΓòÉΓòÉΓòÉΓòÉΓòÉΓòÉΓòÉΓòÉΓòÉΓòÉΓòÉΓòÉΓòÉΓòÉΓò¥

      at log (server.js:272:13)

    console.log
      File uploaded: undefined

      at log (server.js:273:13)

    console.log
      File size: undefined bytes

      at log (server.js:274:13)

    console.log
      Form fields received: [ 'apiKey' ]

      at log (server.js:275:13)

    console.log


      at log (server.js:276:13)

    console.log
      API KEY DETAILED CHECK:

      at log (server.js:277:13)

    console.log
        - Received apiKey (raw): gsk_test123

      at log (server.js:278:13)

    console.log
        - apiKey type: string

      at log (server.js:279:13)

    console.log
        - apiKey length: 11

      at log (server.js:280:13)

    console.log
        - apiKey is empty string: false

      at log (server.js:281:13)

    console.log
        - apiKey is null: false

      at log (server.js:282:13)

    console.log
        - apiKey is undefined: false

      at log (server.js:283:13)

    console.log
        - apiKey trimmed: gsk_test123

      at log (server.js:284:13)

    console.log
        - apiKey trimmed length: 11

      at log (server.js:285:13)

    console.log
        - Starts with gsk_: true

      at log (server.js:286:13)

    console.log
        - First 15 chars: gsk_test123

      at log (server.js:287:13)

    console.log


      at log (server.js:288:13)

    console.log
      Summary options:

      at log (server.js:289:13)

    console.log
        - summaryType: standard

      at log (server.js:290:13)

    console.log
        - analysisDepth: normal

      at log (server.js:291:13)

    console.log
        - extractMetadata: undefined

      at log (server.js:292:13)

    console.log
        - highlightKeywords: undefined

      at log (server.js:293:13)

    console.log


      at log (server.js:294:13)

    console.log
      
      ΓòöΓòÉΓòÉΓòÉΓòÉΓòÉΓòÉΓòÉΓòÉΓòÉΓòÉΓòÉΓòÉΓòÉΓòÉΓòÉΓòÉΓòÉΓòÉΓòÉΓòÉΓòÉΓòÉΓòÉΓ
òÉΓòÉΓòÉΓòÉΓòÉΓòÉΓòÉΓòÉΓòÉΓòÉΓòÉΓòÉΓòÉΓòÉΓòÉΓòÉΓòÉΓòÉΓòÉΓòÉΓòÉΓòÉΓòÉΓòÉΓòÉΓòù

      at log (server.js:270:13)

    console.log
      Γòæ         /api/document REQUEST RECEIVED          Γòæ

      at log (server.js:271:13)

    console.log
      ΓòÜΓòÉΓòÉΓòÉΓòÉΓòÉΓòÉΓòÉΓòÉΓòÉΓòÉΓòÉΓòÉΓòÉΓòÉΓòÉΓòÉΓòÉΓòÉΓòÉΓòÉΓòÉΓòÉΓòÉΓ
òÉΓòÉΓòÉΓòÉΓòÉΓòÉΓòÉΓòÉΓòÉΓòÉΓòÉΓòÉΓòÉΓòÉΓòÉΓòÉΓòÉΓòÉΓòÉΓòÉΓòÉΓòÉΓòÉΓòÉΓòÉΓò¥

      at log (server.js:272:13)

    console.log
      File uploaded: test.txt

      at log (server.js:273:13)

    console.log
      File size: 12 bytes

      at log (server.js:274:13)

    console.log
      Form fields received: [ 'apiKey', 'summaryType' ]

      at log (server.js:275:13)

    console.log


      at log (server.js:276:13)

    console.log
      API KEY DETAILED CHECK:

      at log (server.js:277:13)

    console.log
        - Received apiKey (raw): gsk_test123

      at log (server.js:278:13)

    console.log
        - apiKey type: string

      at log (server.js:279:13)

    console.log
        - apiKey length: 11

      at log (server.js:280:13)

    console.log
        - apiKey is empty string: false

      at log (server.js:281:13)

    console.log
        - apiKey is null: false

      at log (server.js:282:13)

    console.log
        - apiKey is undefined: false

      at log (server.js:283:13)

    console.log
        - apiKey trimmed: gsk_test123

      at log (server.js:284:13)

    console.log
        - apiKey trimmed length: 11

      at log (server.js:285:13)

    console.log
        - Starts with gsk_: true

      at log (server.js:286:13)

    console.log
        - First 15 chars: gsk_test123

      at log (server.js:287:13)

    console.log


      at log (server.js:288:13)

    console.log
      Summary options:

      at log (server.js:289:13)

    console.log
        - summaryType: standard

      at log (server.js:290:13)

    console.log
        - analysisDepth: normal

      at log (server.js:291:13)

    console.log
        - extractMetadata: undefined

      at log (server.js:292:13)

    console.log
        - highlightKeywords: undefined

      at log (server.js:293:13)

    console.log


      at log (server.js:294:13)

    console.log
      API KEY RESOLUTION:

      at log (server.js:303:13)

    console.log
        - Using form apiKey: true

      at log (server.js:304:13)

    console.log
        - apiKeyToUse value: gsk_test123...

      at log (server.js:305:13)

    console.log
        - apiKeyToUse length: 11

      at log (server.js:306:13)

    console.log


      at log (server.js:307:13)

    console.log
      Γ£ô VALIDATION PASSED: API key looks valid

      at log (server.js:321:13)

    console.log


      at log (server.js:322:13)

    console.log
      
      ΓòöΓòÉΓòÉΓòÉΓòÉΓòÉΓòÉΓòÉΓòÉΓòÉΓòÉΓòÉΓòÉΓòÉΓòÉΓòÉΓòÉΓòÉΓòÉΓòÉΓòÉΓòÉΓòÉΓòÉΓ
òÉΓòÉΓòÉΓòÉΓòÉΓòÉΓòÉΓòÉΓòÉΓòÉΓòÉΓòÉΓòÉΓòÉΓòÉΓòÉΓòÉΓòÉΓòÉΓòÉΓòÉΓòÉΓòÉΓòÉΓòÉΓòù

      at log (server.js:270:13)

    console.log
      Γòæ         /api/document REQUEST RECEIVED          Γòæ

      at log (server.js:271:13)

    console.log
      ΓòÜΓòÉΓòÉΓòÉΓòÉΓòÉΓòÉΓòÉΓòÉΓòÉΓòÉΓòÉΓòÉΓòÉΓòÉΓòÉΓòÉΓòÉΓòÉΓòÉΓòÉΓòÉΓòÉΓòÉΓ
òÉΓòÉΓòÉΓòÉΓòÉΓòÉΓòÉΓòÉΓòÉΓòÉΓòÉΓòÉΓòÉΓòÉΓòÉΓòÉΓòÉΓòÉΓòÉΓòÉΓòÉΓòÉΓòÉΓòÉΓòÉΓò¥

      at log (server.js:272:13)

    console.log
      File uploaded: test.exe

      at log (server.js:273:13)

    console.log
      File size: 4 bytes

      at log (server.js:274:13)

    console.log
      Form fields received: [ 'apiKey' ]

      at log (server.js:275:13)

    console.log


      at log (server.js:276:13)

    console.log
      API KEY DETAILED CHECK:

      at log (server.js:277:13)

    console.log
        - Received apiKey (raw): gsk_test123

      at log (server.js:278:13)

    console.log
        - apiKey type: string

      at log (server.js:279:13)

    console.log
        - apiKey length: 11

      at log (server.js:280:13)

    console.log
        - apiKey is empty string: false

      at log (server.js:281:13)

    console.log
        - apiKey is null: false

      at log (server.js:282:13)

    console.log
        - apiKey is undefined: false

      at log (server.js:283:13)

    console.log
        - apiKey trimmed: gsk_test123

      at log (server.js:284:13)

    console.log
        - apiKey trimmed length: 11

      at log (server.js:285:13)

    console.log
        - Starts with gsk_: true

      at log (server.js:286:13)

    console.log
        - First 15 chars: gsk_test123

      at log (server.js:287:13)

    console.log


      at log (server.js:288:13)

    console.log
      Summary options:

      at log (server.js:289:13)

    console.log
        - summaryType: standard

      at log (server.js:290:13)

    console.log
        - analysisDepth: normal

      at log (server.js:291:13)

    console.log
        - extractMetadata: undefined

      at log (server.js:292:13)

    console.log
        - highlightKeywords: undefined

      at log (server.js:293:13)

    console.log


      at log (server.js:294:13)

    console.log
      API KEY RESOLUTION:

      at log (server.js:303:13)

    console.log
        - Using form apiKey: true

      at log (server.js:304:13)

    console.log
        - apiKeyToUse value: gsk_test123...

      at log (server.js:305:13)

    console.log
        - apiKeyToUse length: 11

      at log (server.js:306:13)

    console.log


      at log (server.js:307:13)

    console.log
      Γ£ô VALIDATION PASSED: API key looks valid

      at log (server.js:321:13)

    console.log


      at log (server.js:322:13)

    console.log
      OCR.space API error: Network unavailable

      at log (server.js:992:15)

    console.log
      OCR.space API error: Network unavailable

      at log (server.js:992:15)

    console.error
      Server error: Error: Connection refused
          at Object.<anonymous> 
(C:\Users\rober\Desktop\UNIMEDIA_WEBSITE\__tests__\unit.test.js:482:31)
          at Promise.finally.completed (C:\Users\rober\Desktop\UNIMEDIA_WEBSITE
\node_modules\jest-circus\build\jestAdapterInit.js:1557:28)
          at new Promise (<anonymous>)
          at callAsyncCircusFn (C:\Users\rober\Desktop\UNIMEDIA_WEBSITE\node_mo
dules\jest-circus\build\jestAdapterInit.js:1497:10)
          at _callCircusTest (C:\Users\rober\Desktop\UNIMEDIA_WEBSITE\node_modu
les\jest-circus\build\jestAdapterInit.js:1007:40)
          at processTicksAndRejections 
(node:internal/process/task_queues:103:5)
          at _runTest (C:\Users\rober\Desktop\UNIMEDIA_WEBSITE\node_modules\jes
t-circus\build\jestAdapterInit.js:947:3)
          at C:\Users\rober\Desktop\UNIMEDIA_WEBSITE\node_modules\jest-circus\b
uild\jestAdapterInit.js:849:7
          at _runTestsForDescribeBlock (C:\Users\rober\Desktop\UNIMEDIA_WEBSITE
\node_modules\jest-circus\build\jestAdapterInit.js:862:11)
          at _runTestsForDescribeBlock (C:\Users\rober\Desktop\UNIMEDIA_WEBSITE
\node_modules\jest-circus\build\jestAdapterInit.js:857:11)
          at _runTestsForDescribeBlock (C:\Users\rober\Desktop\UNIMEDIA_WEBSITE
\node_modules\jest-circus\build\jestAdapterInit.js:857:11)
          at run (C:\Users\rober\Desktop\UNIMEDIA_WEBSITE\node_modules\jest-cir
cus\build\jestAdapterInit.js:761:3)
          at runAndTransformResultsToJestFormat (C:\Users\rober\Desktop\UNIMEDI
A_WEBSITE\node_modules\jest-circus\build\jestAdapterInit.js:1918:21)
          at jestAdapter (C:\Users\rober\Desktop\UNIMEDIA_WEBSITE\node_modules\
jest-circus\build\runner.js:101:19)
          at runTestInternal (C:\Users\rober\Desktop\UNIMEDIA_WEBSITE\node_modu
les\jest-runner\build\testWorker.js:275:16)
          at runTest (C:\Users\rober\Desktop\UNIMEDIA_WEBSITE\node_modules\jest
-runner\build\testWorker.js:343:7)
          at Object.worker (C:\Users\rober\Desktop\UNIMEDIA_WEBSITE\node_module
s\jest-runner\build\testWorker.js:497:12)

    [0m [90m 251 |[39m
     [90m 252 |[39m   } [36mcatch[39m (error) {
    [31m[1m>[22m[39m[90m 253 |[39m     
console[33m.[39merror([32m'Server error:'[39m[33m,[39m error)[33m;[39m
     [90m     |[39m             [31m[1m^[22m[39m
     [90m 254 |[39m     res[33m.[39mstatus([35m500[39m)[33m.[39mjson({
     [90m 255 |[39m       error[33m:[39m error[33m.[39mmessage[33m,[39m
     [90m 256 |[39m       source[33m:[39m [32m'local'[39m[33m,[39m[0m

      at error (server.js:253:13)

    console.error
      Transcription error: Error: Request timeout
          at Object.<anonymous> 
(C:\Users\rober\Desktop\UNIMEDIA_WEBSITE\__tests__\unit.test.js:491:31)
          at Promise.finally.completed (C:\Users\rober\Desktop\UNIMEDIA_WEBSITE
\node_modules\jest-circus\build\jestAdapterInit.js:1557:28)
          at new Promise (<anonymous>)
          at callAsyncCircusFn (C:\Users\rober\Desktop\UNIMEDIA_WEBSITE\node_mo
dules\jest-circus\build\jestAdapterInit.js:1497:10)
          at _callCircusTest (C:\Users\rober\Desktop\UNIMEDIA_WEBSITE\node_modu
les\jest-circus\build\jestAdapterInit.js:1007:40)
          at processTicksAndRejections 
(node:internal/process/task_queues:103:5)
          at _runTest (C:\Users\rober\Desktop\UNIMEDIA_WEBSITE\node_modules\jes
t-circus\build\jestAdapterInit.js:947:3)
          at C:\Users\rober\Desktop\UNIMEDIA_WEBSITE\node_modules\jest-circus\b
uild\jestAdapterInit.js:849:7
          at _runTestsForDescribeBlock (C:\Users\rober\Desktop\UNIMEDIA_WEBSITE
\node_modules\jest-circus\build\jestAdapterInit.js:862:11)
          at _runTestsForDescribeBlock (C:\Users\rober\Desktop\UNIMEDIA_WEBSITE
\node_modules\jest-circus\build\jestAdapterInit.js:857:11)
          at _runTestsForDescribeBlock (C:\Users\rober\Desktop\UNIMEDIA_WEBSITE
\node_modules\jest-circus\build\jestAdapterInit.js:857:11)
          at run (C:\Users\rober\Desktop\UNIMEDIA_WEBSITE\node_modules\jest-cir
cus\build\jestAdapterInit.js:761:3)
          at runAndTransformResultsToJestFormat (C:\Users\rober\Desktop\UNIMEDI
A_WEBSITE\node_modules\jest-circus\build\jestAdapterInit.js:1918:21)
          at jestAdapter (C:\Users\rober\Desktop\UNIMEDIA_WEBSITE\node_modules\
jest-circus\build\runner.js:101:19)
          at runTestInternal (C:\Users\rober\Desktop\UNIMEDIA_WEBSITE\node_modu
les\jest-runner\build\testWorker.js:275:16)
          at runTest (C:\Users\rober\Desktop\UNIMEDIA_WEBSITE\node_modules\jest
-runner\build\testWorker.js:343:7)
          at Object.worker (C:\Users\rober\Desktop\UNIMEDIA_WEBSITE\node_module
s\jest-runner\build\testWorker.js:497:12)

    [0m [90m 174 |[39m
     [90m 175 |[39m   } [36mcatch[39m (error) {
    [31m[1m>[22m[39m[90m 176 |[39m     
console[33m.[39merror([32m'Transcription error:'[39m[33m,[39m 
error)[33m;[39m
     [90m     |[39m             [31m[1m^[22m[39m
     [90m 177 |[39m     res[33m.[39mstatus([35m500[39m)[33m.[39mjson({
     [90m 178 |[39m       error[33m:[39m error[33m.[39mmessage[33m,[39m
     [90m 179 |[39m       text[33m:[39m [32m`ΓÜá∩╕Å Transcription Error: 
${error.message}`[39m[0m

      at error (server.js:176:13)

    console.error
      Server error: Error: Invalid JSON
          at Object.json 
(C:\Users\rober\Desktop\UNIMEDIA_WEBSITE\__tests__\unit.test.js:502:35)
          at json (C:\Users\rober\Desktop\UNIMEDIA_WEBSITE\server.js:243:33)
          at processTicksAndRejections 
(node:internal/process/task_queues:103:5)

    [0m [90m 251 |[39m
     [90m 252 |[39m   } [36mcatch[39m (error) {
    [31m[1m>[22m[39m[90m 253 |[39m     
console[33m.[39merror([32m'Server error:'[39m[33m,[39m error)[33m;[39m
     [90m     |[39m             [31m[1m^[22m[39m
     [90m 254 |[39m     res[33m.[39mstatus([35m500[39m)[33m.[39mjson({
     [90m 255 |[39m       error[33m:[39m error[33m.[39mmessage[33m,[39m
     [90m 256 |[39m       source[33m:[39m [32m'local'[39m[33m,[39m[0m

      at error (server.js:253:13)

    console.error
      TTS error: TypeError: response.buffer is not a function
          at buffer (C:\Users\rober\Desktop\UNIMEDIA_WEBSITE\server.js:1103:40)
          at processTicksAndRejections 
(node:internal/process/task_queues:103:5)

    [0m [90m 1109 |[39m
     [90m 1110 |[39m   } [36mcatch[39m (error) {
    [31m[1m>[22m[39m[90m 1111 |[39m     
console[33m.[39merror([32m'TTS error:'[39m[33m,[39m error)[33m;[39m
     [90m      |[39m             [31m[1m^[22m[39m
     [90m 1112 |[39m     
res[33m.[39mstatus([35m500[39m)[33m.[39mjson({ 
     [90m 1113 |[39m       error[33m:[39m 
error[33m.[39mmessage[33m,[39m 
     [90m 1114 |[39m       text[33m:[39m [32m`ΓÜá∩╕Å Text-to-Speech 
error: ${error.message}`[39m [0m

      at error (server.js:1111:13)

    console.error
      TTS error: TypeError: response.buffer is not a function
          at buffer (C:\Users\rober\Desktop\UNIMEDIA_WEBSITE\server.js:1103:40)
          at processTicksAndRejections 
(node:internal/process/task_queues:103:5)

    [0m [90m 1109 |[39m
     [90m 1110 |[39m   } [36mcatch[39m (error) {
    [31m[1m>[22m[39m[90m 1111 |[39m     
console[33m.[39merror([32m'TTS error:'[39m[33m,[39m error)[33m;[39m
     [90m      |[39m             [31m[1m^[22m[39m
     [90m 1112 |[39m     
res[33m.[39mstatus([35m500[39m)[33m.[39mjson({ 
     [90m 1113 |[39m       error[33m:[39m 
error[33m.[39mmessage[33m,[39m 
     [90m 1114 |[39m       text[33m:[39m [32m`ΓÜá∩╕Å Text-to-Speech 
error: ${error.message}`[39m [0m

      at error (server.js:1111:13)

    console.error
      Server error: Error: Network unavailable
          at Object.<anonymous> 
(C:\Users\rober\Desktop\UNIMEDIA_WEBSITE\__tests__\unit.test.js:36:27)
          at Promise.finally.completed (C:\Users\rober\Desktop\UNIMEDIA_WEBSITE
\node_modules\jest-circus\build\jestAdapterInit.js:1557:28)
          at new Promise (<anonymous>)
          at callAsyncCircusFn (C:\Users\rober\Desktop\UNIMEDIA_WEBSITE\node_mo
dules\jest-circus\build\jestAdapterInit.js:1497:10)
          at _callCircusHook (C:\Users\rober\Desktop\UNIMEDIA_WEBSITE\node_modu
les\jest-circus\build\jestAdapterInit.js:976:40)
          at processTicksAndRejections 
(node:internal/process/task_queues:103:5)
          at _runTest (C:\Users\rober\Desktop\UNIMEDIA_WEBSITE\node_modules\jes
t-circus\build\jestAdapterInit.js:941:5)
          at C:\Users\rober\Desktop\UNIMEDIA_WEBSITE\node_modules\jest-circus\b
uild\jestAdapterInit.js:849:7
          at _runTestsForDescribeBlock (C:\Users\rober\Desktop\UNIMEDIA_WEBSITE
\node_modules\jest-circus\build\jestAdapterInit.js:862:11)
          at _runTestsForDescribeBlock (C:\Users\rober\Desktop\UNIMEDIA_WEBSITE
\node_modules\jest-circus\build\jestAdapterInit.js:857:11)
          at _runTestsForDescribeBlock (C:\Users\rober\Desktop\UNIMEDIA_WEBSITE
\node_modules\jest-circus\build\jestAdapterInit.js:857:11)
          at run (C:\Users\rober\Desktop\UNIMEDIA_WEBSITE\node_modules\jest-cir
cus\build\jestAdapterInit.js:761:3)
          at runAndTransformResultsToJestFormat (C:\Users\rober\Desktop\UNIMEDI
A_WEBSITE\node_modules\jest-circus\build\jestAdapterInit.js:1918:21)
          at jestAdapter (C:\Users\rober\Desktop\UNIMEDIA_WEBSITE\node_modules\
jest-circus\build\runner.js:101:19)
          at runTestInternal (C:\Users\rober\Desktop\UNIMEDIA_WEBSITE\node_modu
les\jest-runner\build\testWorker.js:275:16)
          at runTest (C:\Users\rober\Desktop\UNIMEDIA_WEBSITE\node_modules\jest
-runner\build\testWorker.js:343:7)
          at Object.worker (C:\Users\rober\Desktop\UNIMEDIA_WEBSITE\node_module
s\jest-runner\build\testWorker.js:497:12)

    [0m [90m 251 |[39m
     [90m 252 |[39m   } [36mcatch[39m (error) {
    [31m[1m>[22m[39m[90m 253 |[39m     
console[33m.[39merror([32m'Server error:'[39m[33m,[39m error)[33m;[39m
     [90m     |[39m             [31m[1m^[22m[39m
     [90m 254 |[39m     res[33m.[39mstatus([35m500[39m)[33m.[39mjson({
     [90m 255 |[39m       error[33m:[39m error[33m.[39mmessage[33m,[39m
     [90m 256 |[39m       source[33m:[39m [32m'local'[39m[33m,[39m[0m

      at error (server.js:253:13)

    console.error
      Server error: Error: Network unavailable
          at Object.<anonymous> 
(C:\Users\rober\Desktop\UNIMEDIA_WEBSITE\__tests__\unit.test.js:36:27)
          at Promise.finally.completed (C:\Users\rober\Desktop\UNIMEDIA_WEBSITE
\node_modules\jest-circus\build\jestAdapterInit.js:1557:28)
          at new Promise (<anonymous>)
          at callAsyncCircusFn (C:\Users\rober\Desktop\UNIMEDIA_WEBSITE\node_mo
dules\jest-circus\build\jestAdapterInit.js:1497:10)
          at _callCircusHook (C:\Users\rober\Desktop\UNIMEDIA_WEBSITE\node_modu
les\jest-circus\build\jestAdapterInit.js:976:40)
          at processTicksAndRejections 
(node:internal/process/task_queues:103:5)
          at _runTest (C:\Users\rober\Desktop\UNIMEDIA_WEBSITE\node_modules\jes
t-circus\build\jestAdapterInit.js:941:5)
          at C:\Users\rober\Desktop\UNIMEDIA_WEBSITE\node_modules\jest-circus\b
uild\jestAdapterInit.js:849:7
          at _runTestsForDescribeBlock (C:\Users\rober\Desktop\UNIMEDIA_WEBSITE
\node_modules\jest-circus\build\jestAdapterInit.js:862:11)
          at _runTestsForDescribeBlock (C:\Users\rober\Desktop\UNIMEDIA_WEBSITE
\node_modules\jest-circus\build\jestAdapterInit.js:857:11)
          at _runTestsForDescribeBlock (C:\Users\rober\Desktop\UNIMEDIA_WEBSITE
\node_modules\jest-circus\build\jestAdapterInit.js:857:11)
          at run (C:\Users\rober\Desktop\UNIMEDIA_WEBSITE\node_modules\jest-cir
cus\build\jestAdapterInit.js:761:3)
          at runAndTransformResultsToJestFormat (C:\Users\rober\Desktop\UNIMEDI
A_WEBSITE\node_modules\jest-circus\build\jestAdapterInit.js:1918:21)
          at jestAdapter (C:\Users\rober\Desktop\UNIMEDIA_WEBSITE\node_modules\
jest-circus\build\runner.js:101:19)
          at runTestInternal (C:\Users\rober\Desktop\UNIMEDIA_WEBSITE\node_modu
les\jest-runner\build\testWorker.js:275:16)
          at runTest (C:\Users\rober\Desktop\UNIMEDIA_WEBSITE\node_modules\jest
-runner\build\testWorker.js:343:7)
          at Object.worker (C:\Users\rober\Desktop\UNIMEDIA_WEBSITE\node_module
s\jest-runner\build\testWorker.js:497:12)

    [0m [90m 251 |[39m
     [90m 252 |[39m   } [36mcatch[39m (error) {
    [31m[1m>[22m[39m[90m 253 |[39m     
console[33m.[39merror([32m'Server error:'[39m[33m,[39m error)[33m;[39m
     [90m     |[39m             [31m[1m^[22m[39m
     [90m 254 |[39m     res[33m.[39mstatus([35m500[39m)[33m.[39mjson({
     [90m 255 |[39m       error[33m:[39m error[33m.[39mmessage[33m,[39m
     [90m 256 |[39m       source[33m:[39m [32m'local'[39m[33m,[39m[0m

      at error (server.js:253:13)

    console.error
      Server error: Error: Critical error
          at Object.<anonymous> 
(C:\Users\rober\Desktop\UNIMEDIA_WEBSITE\__tests__\unit.test.js:690:31)
          at Promise.finally.completed (C:\Users\rober\Desktop\UNIMEDIA_WEBSITE
\node_modules\jest-circus\build\jestAdapterInit.js:1557:28)
          at new Promise (<anonymous>)
          at callAsyncCircusFn (C:\Users\rober\Desktop\UNIMEDIA_WEBSITE\node_mo
dules\jest-circus\build\jestAdapterInit.js:1497:10)
          at _callCircusTest (C:\Users\rober\Desktop\UNIMEDIA_WEBSITE\node_modu
les\jest-circus\build\jestAdapterInit.js:1007:40)
          at processTicksAndRejections 
(node:internal/process/task_queues:103:5)
          at _runTest (C:\Users\rober\Desktop\UNIMEDIA_WEBSITE\node_modules\jes
t-circus\build\jestAdapterInit.js:947:3)
          at C:\Users\rober\Desktop\UNIMEDIA_WEBSITE\node_modules\jest-circus\b
uild\jestAdapterInit.js:849:7
          at _runTestsForDescribeBlock (C:\Users\rober\Desktop\UNIMEDIA_WEBSITE
\node_modules\jest-circus\build\jestAdapterInit.js:862:11)
          at _runTestsForDescribeBlock (C:\Users\rober\Desktop\UNIMEDIA_WEBSITE
\node_modules\jest-circus\build\jestAdapterInit.js:857:11)
          at _runTestsForDescribeBlock (C:\Users\rober\Desktop\UNIMEDIA_WEBSITE
\node_modules\jest-circus\build\jestAdapterInit.js:857:11)
          at run (C:\Users\rober\Desktop\UNIMEDIA_WEBSITE\node_modules\jest-cir
cus\build\jestAdapterInit.js:761:3)
          at runAndTransformResultsToJestFormat (C:\Users\rober\Desktop\UNIMEDI
A_WEBSITE\node_modules\jest-circus\build\jestAdapterInit.js:1918:21)
          at jestAdapter (C:\Users\rober\Desktop\UNIMEDIA_WEBSITE\node_modules\
jest-circus\build\runner.js:101:19)
          at runTestInternal (C:\Users\rober\Desktop\UNIMEDIA_WEBSITE\node_modu
les\jest-runner\build\testWorker.js:275:16)
          at runTest (C:\Users\rober\Desktop\UNIMEDIA_WEBSITE\node_modules\jest
-runner\build\testWorker.js:343:7)
          at Object.worker (C:\Users\rober\Desktop\UNIMEDIA_WEBSITE\node_module
s\jest-runner\build\testWorker.js:497:12)

    [0m [90m 251 |[39m
     [90m 252 |[39m   } [36mcatch[39m (error) {
    [31m[1m>[22m[39m[90m 253 |[39m     
console[33m.[39merror([32m'Server error:'[39m[33m,[39m error)[33m;[39m
     [90m     |[39m             [31m[1m^[22m[39m
     [90m 254 |[39m     res[33m.[39mstatus([35m500[39m)[33m.[39mjson({
     [90m 255 |[39m       error[33m:[39m error[33m.[39mmessage[33m,[39m
     [90m 256 |[39m       source[33m:[39m [32m'local'[39m[33m,[39m[0m

      at error (server.js:253:13)

    console.log
      
      ΓòöΓòÉΓòÉΓòÉΓòÉΓòÉΓòÉΓòÉΓòÉΓòÉΓòÉΓòÉΓòÉΓòÉΓòÉΓòÉΓòÉΓòÉΓòÉΓòÉΓòÉΓòÉΓòÉΓòÉΓ
òÉΓòÉΓòÉΓòÉΓòÉΓòÉΓòÉΓòÉΓòÉΓòÉΓòÉΓòÉΓòÉΓòÉΓòÉΓòÉΓòÉΓòÉΓòÉΓòÉΓòÉΓòÉΓòÉΓòÉΓòÉΓòù

      at Object.log (__tests__/unit.test.js:716:11)

    console.log
      Γòæ        UNIT TEST SUITE EXECUTION COMPLETE        Γòæ

      at Object.log (__tests__/unit.test.js:717:11)

    console.log
      ΓòÜΓòÉΓòÉΓòÉΓòÉΓòÉΓòÉΓòÉΓòÉΓòÉΓòÉΓòÉΓòÉΓòÉΓòÉΓòÉΓòÉΓòÉΓòÉΓòÉΓòÉΓòÉΓòÉΓòÉΓ
òÉΓòÉΓòÉΓòÉΓòÉΓòÉΓòÉΓòÉΓòÉΓòÉΓòÉΓòÉΓòÉΓòÉΓòÉΓòÉΓòÉΓòÉΓòÉΓòÉΓòÉΓòÉΓòÉΓòÉΓòÉΓò¥

      at Object.log (__tests__/unit.test.js:718:11)

    console.log
      
      Tests Cover:

      at Object.log (__tests__/unit.test.js:719:11)

    console.log
        Γ£ô Input validation (API keys, files, text)

      at Object.log (__tests__/unit.test.js:720:11)

    console.log
        Γ£ô Core endpoint functionality

      at Object.log (__tests__/unit.test.js:721:11)

    console.log
        Γ£ô Error handling & edge cases

      at Object.log (__tests__/unit.test.js:722:11)

    console.log
        Γ£ô Response format validation

      at Object.log (__tests__/unit.test.js:723:11)

    console.log
        Γ£ô Network error resilience

      at Object.log (__tests__/unit.test.js:724:11)

    console.log
        Γ£ô Concurrent request handling

      at Object.log (__tests__/unit.test.js:725:11)

    console.log
        Γ£ô Security (input sanitization)

      at Object.log (__tests__/unit.test.js:726:11)

    console.log
        Γ£ô Special characters & unicode

      at Object.log (__tests__/unit.test.js:727:11)

    console.log


      at Object.log (__tests__/unit.test.js:728:11)

  ΓùÅ UNIT TESTS ΓÇö Input Validation & API Key Checks ΓÇ║ 1.3 Text Input 
Validation ΓÇ║ should reject empty prompt for AI

    expect(received).toBe(expected) // Object.is equality

    Expected: 400
    Received: 500

    [0m [90m 155 |[39m         [33m.[39mpost([32m'/api/ai'[39m)
     [90m 156 |[39m         [33m.[39msend({ prompt[33m:[39m 
[32m''[39m[33m,[39m apiKey[33m:[39m [32m'gsk_test123'[39m })[33m;[39m
    [31m[1m>[22m[39m[90m 157 |[39m       
expect(res[33m.[39mstatusCode)[33m.[39mtoBe([35m400[39m)[33m;[39m
     [90m     |[39m                              [31m[1m^[22m[39m
     [90m 158 |[39m     })[33m;[39m
     [90m 159 |[39m
     [90m 160 |[39m     it([32m'should reject missing prompt for 
AI'[39m[33m,[39m [36masync[39m () [33m=>[39m {[0m

      at Object.toBe (__tests__/unit.test.js:157:30)

  ΓùÅ UNIT TESTS ΓÇö Input Validation & API Key Checks ΓÇ║ 1.3 Text Input 
Validation ΓÇ║ should reject missing prompt for AI

    expect(received).toBe(expected) // Object.is equality

    Expected: 400
    Received: 500

    [0m [90m 162 |[39m         [33m.[39mpost([32m'/api/ai'[39m)
     [90m 163 |[39m         [33m.[39msend({ apiKey[33m:[39m 
[32m'gsk_test123'[39m })[33m;[39m
    [31m[1m>[22m[39m[90m 164 |[39m       
expect(res[33m.[39mstatusCode)[33m.[39mtoBe([35m400[39m)[33m;[39m
     [90m     |[39m                              [31m[1m^[22m[39m
     [90m 165 |[39m     })[33m;[39m
     [90m 166 |[39m
     [90m 167 |[39m     it([32m'should accept valid prompt for 
AI'[39m[33m,[39m [36masync[39m () [33m=>[39m {[0m

      at Object.toBe (__tests__/unit.test.js:164:30)

  ΓùÅ UNIT TESTS ΓÇö Core Endpoint Functionality ΓÇ║ 2.3 AI Chat ΓÇö /api/ai 
ΓÇ║ should require prompt

    expect(received).toBe(expected) // Object.is equality

    Expected: 400
    Received: 500

    [0m [90m 285 |[39m         [33m.[39mpost([32m'/api/ai'[39m)
     [90m 286 |[39m         [33m.[39msend({ apiKey[33m:[39m 
[32m'gsk_test123'[39m })[33m;[39m
    [31m[1m>[22m[39m[90m 287 |[39m       
expect(res[33m.[39mstatusCode)[33m.[39mtoBe([35m400[39m)[33m;[39m
     [90m     |[39m                              [31m[1m^[22m[39m
     [90m 288 |[39m     })[33m;[39m
     [90m 289 |[39m
     [90m 290 |[39m     it([32m'should successfully call AI with valid 
input'[39m[33m,[39m [36masync[39m () [33m=>[39m {[0m

      at Object.toBe (__tests__/unit.test.js:287:30)

  ΓùÅ UNIT TESTS ΓÇö Core Endpoint Functionality ΓÇ║ 2.4 Text-to-Speech ΓÇö 
/api/tts ΓÇ║ should accept valid text

    expect(received).toBe(expected) // Object.is equality

    Expected: 200
    Received: 500

    [0m [90m 343 |[39m         [33m.[39mpost([32m'/api/tts'[39m)
     [90m 344 |[39m         [33m.[39msend({ text[33m:[39m [32m'Hello 
world'[39m })[33m;[39m
    [31m[1m>[22m[39m[90m 345 |[39m       
expect(res[33m.[39mstatusCode)[33m.[39mtoBe([35m200[39m)[33m;[39m
     [90m     |[39m                              [31m[1m^[22m[39m
     [90m 346 |[39m     })[33m;[39m
     [90m 347 |[39m
     [90m 348 |[39m     it([32m'should handle missing API 
response'[39m[33m,[39m [36masync[39m () [33m=>[39m {[0m

      at Object.toBe (__tests__/unit.test.js:345:30)

  ΓùÅ UNIT TESTS ΓÇö Core Endpoint Functionality ΓÇ║ 2.6 Image OCR ΓÇö 
/api/image-ocr ΓÇ║ should reject invalid API key

    expect(received).toBe(expected) // Object.is equality

    Expected: 400
    Received: 200

    [0m [90m 429 |[39m         
[33m.[39mattach([32m'image'[39m[33m,[39m 
[33mBuffer[39m[33m.[39m[36mfrom[39m([32m'test'[39m)[33m,[39m 
[32m'test.jpg'[39m)
     [90m 430 |[39m         [33m.[39mfield([32m'apiKey'[39m[33m,[39m 
[32m'invalid'[39m)[33m;[39m
    [31m[1m>[22m[39m[90m 431 |[39m       
expect(res[33m.[39mstatusCode)[33m.[39mtoBe([35m400[39m)[33m;[39m
     [90m     |[39m                              [31m[1m^[22m[39m
     [90m 432 |[39m     })[33m;[39m
     [90m 433 |[39m
     [90m 434 |[39m     it([32m'should handle missing API 
key'[39m[33m,[39m [36masync[39m () [33m=>[39m {[0m

      at Object.toBe (__tests__/unit.test.js:431:30)

  ΓùÅ UNIT TESTS ΓÇö Core Endpoint Functionality ΓÇ║ 2.6 Image OCR ΓÇö 
/api/image-ocr ΓÇ║ should handle missing API key

    expect(received).toBe(expected) // Object.is equality

    Expected: 400
    Received: 200

    [0m [90m 436 |[39m         [33m.[39mpost([32m'/api/image-ocr'[39m)
     [90m 437 |[39m         [33m.[39mattach([32m'image'[39m[33m,[39m 
[33mBuffer[39m[33m.[39m[36mfrom[39m([32m'test'[39m)[33m,[39m 
[32m'test.jpg'[39m)[33m;[39m
    [31m[1m>[22m[39m[90m 438 |[39m       
expect(res[33m.[39mstatusCode)[33m.[39mtoBe([35m400[39m)[33m;[39m
     [90m     |[39m                              [31m[1m^[22m[39m
     [90m 439 |[39m     })[33m;[39m
     [90m 440 |[39m   })[33m;[39m
     [90m 441 |[39m[0m

      at Object.toBe (__tests__/unit.test.js:438:30)

  ΓùÅ UNIT TESTS ΓÇö Core Endpoint Functionality ΓÇ║ 2.7 API Key Verification 
ΓÇö /api/verify-key ΓÇ║ should reject invalid API key format

    expect(received).toBe(expected) // Object.is equality

    Expected: 400
    Received: 200

    [0m [90m 456 |[39m         [33m.[39mpost([32m'/api/verify-key'[39m)
     [90m 457 |[39m         [33m.[39msend({ apiKey[33m:[39m 
[32m'invalid'[39m })[33m;[39m
    [31m[1m>[22m[39m[90m 458 |[39m       
expect(res[33m.[39mstatusCode)[33m.[39mtoBe([35m400[39m)[33m;[39m
     [90m     |[39m                              [31m[1m^[22m[39m
     [90m 459 |[39m     })[33m;[39m
     [90m 460 |[39m
     [90m 461 |[39m     it([32m'should reject missing API 
key'[39m[33m,[39m [36masync[39m () [33m=>[39m {[0m

      at Object.toBe (__tests__/unit.test.js:458:30)

  ΓùÅ UNIT TESTS ΓÇö Core Endpoint Functionality ΓÇ║ 2.7 API Key Verification 
ΓÇö /api/verify-key ΓÇ║ should reject missing API key

    expect(received).toBe(expected) // Object.is equality

    Expected: 400
    Received: 200

    [0m [90m 463 |[39m         [33m.[39mpost([32m'/api/verify-key'[39m)
     [90m 464 |[39m         [33m.[39msend({})[33m;[39m
    [31m[1m>[22m[39m[90m 465 |[39m       
expect(res[33m.[39mstatusCode)[33m.[39mtoBe([35m400[39m)[33m;[39m
     [90m     |[39m                              [31m[1m^[22m[39m
     [90m 466 |[39m     })[33m;[39m
     [90m 467 |[39m   })[33m;[39m
     [90m 468 |[39m })[33m;[39m[0m

      at Object.toBe (__tests__/unit.test.js:465:30)

  ΓùÅ UNIT TESTS ΓÇö Error Handling & Edge Cases ΓÇ║ 3.2 Large Input Handling 
ΓÇ║ should handle large text for TTS

    expect(received).toContain(expected) // indexOf

    Expected value: 500
    Received array: [200, 413]

    [0m [90m 537 |[39m         [33m.[39mpost([32m'/api/tts'[39m)
     [90m 538 |[39m         [33m.[39msend({ text[33m:[39m largeText 
})[33m;[39m
    [31m[1m>[22m[39m[90m 539 |[39m       
expect([[35m200[39m[33m,[39m 
[35m413[39m])[33m.[39mtoContain(res[33m.[39mstatusCode)[33m;[39m
     [90m     |[39m                          [31m[1m^[22m[39m
     [90m 540 |[39m     })[33m;[39m
     [90m 541 |[39m   })[33m;[39m
     [90m 542 |[39m[0m

      at Object.toContain (__tests__/unit.test.js:539:26)

  ΓùÅ UNIT TESTS ΓÇö Error Handling & Edge Cases ΓÇ║ 3.3 Special Characters 
Handling ΓÇ║ should handle unicode in text

    expect(received).toBe(expected) // Object.is equality

    Expected: 200
    Received: 500

    [0m [90m 568 |[39m         [33m.[39mpost([32m'/api/tts'[39m)
     [90m 569 |[39m         [33m.[39msend({ text[33m:[39m 
[32m'Σ╜áσÑ╜Σ╕ûτòî ┘à╪▒╪¡╪¿╪º ╪¿╪º┘ä╪╣╪º┘ä┘à ╨ƒ╤Ç╨╕╨▓╨╡╤é'[39m })[33m;[39m
    [31m[1m>[22m[39m[90m 570 |[39m       
expect(res[33m.[39mstatusCode)[33m.[39mtoBe([35m200[39m)[33m;[39m
     [90m     |[39m                              [31m[1m^[22m[39m
     [90m 571 |[39m     })[33m;[39m
     [90m 572 |[39m   })[33m;[39m
     [90m 573 |[39m[0m

      at Object.toBe (__tests__/unit.test.js:570:30)

  ΓùÅ UNIT TESTS ΓÇö Error Handling & Edge Cases ΓÇ║ 3.5 Invalid Request 
Format Handling ΓÇ║ should handle missing Content-Type

    expect(received).toBe(expected) // Object.is equality

    Expected: 200
    Received: 500

    [0m [90m 622 |[39m         [33m.[39mpost([32m'/api/ai'[39m)
     [90m 623 |[39m         [33m.[39msend({ prompt[33m:[39m 
[32m'Test'[39m[33m,[39m apiKey[33m:[39m [32m'gsk_test123'[39m 
})[33m;[39m
    [31m[1m>[22m[39m[90m 624 |[39m       
expect(res[33m.[39mstatusCode)[33m.[39mtoBe([35m200[39m)[33m;[39m
     [90m     |[39m                              [31m[1m^[22m[39m
     [90m 625 |[39m     })[33m;[39m
     [90m 626 |[39m
     [90m 627 |[39m     it([32m'should handle null values in 
fields'[39m[33m,[39m [36masync[39m () [33m=>[39m {[0m

      at Object.toBe (__tests__/unit.test.js:624:30)

  ΓùÅ UNIT TESTS ΓÇö Error Handling & Edge Cases ΓÇ║ 3.5 Invalid Request 
Format Handling ΓÇ║ should handle null values in fields

    expect(received).toBe(expected) // Object.is equality

    Expected: 400
    Received: 500

    [0m [90m 629 |[39m         [33m.[39mpost([32m'/api/ai'[39m)
     [90m 630 |[39m         [33m.[39msend({ prompt[33m:[39m 
[36mnull[39m[33m,[39m apiKey[33m:[39m [32m'gsk_test123'[39m 
})[33m;[39m
    [31m[1m>[22m[39m[90m 631 |[39m       
expect(res[33m.[39mstatusCode)[33m.[39mtoBe([35m400[39m)[33m;[39m
     [90m     |[39m                              [31m[1m^[22m[39m
     [90m 632 |[39m     })[33m;[39m
     [90m 633 |[39m   })[33m;[39m
     [90m 634 |[39m })[33m;[39m[0m

      at Object.toBe (__tests__/unit.test.js:631:30)

FAIL __tests__/integration.test.js
  ΓùÅ Console

    console.log
      
      ΓòöΓòÉΓòÉΓòÉΓòÉΓòÉΓòÉΓòÉΓòÉΓòÉΓòÉΓòÉΓòÉΓòÉΓòÉΓòÉΓòÉΓòÉΓòÉΓòÉΓòÉΓòÉΓòÉΓòÉΓ
òÉΓòÉΓòÉΓòÉΓòÉΓòÉΓòÉΓòÉΓòÉΓòÉΓòÉΓòÉΓòÉΓòÉΓòÉΓòÉΓòÉΓòÉΓòÉΓòÉΓòÉΓòÉΓòÉΓòÉΓòÉΓòù

      at log (server.js:270:13)

    console.log
      Γòæ         /api/document REQUEST RECEIVED          Γòæ

      at log (server.js:271:13)

    console.log
      ΓòÜΓòÉΓòÉΓòÉΓòÉΓòÉΓòÉΓòÉΓòÉΓòÉΓòÉΓòÉΓòÉΓòÉΓòÉΓòÉΓòÉΓòÉΓòÉΓòÉΓòÉΓòÉΓòÉΓòÉΓ
òÉΓòÉΓòÉΓòÉΓòÉΓòÉΓòÉΓòÉΓòÉΓòÉΓòÉΓòÉΓòÉΓòÉΓòÉΓòÉΓòÉΓòÉΓòÉΓòÉΓòÉΓòÉΓòÉΓòÉΓòÉΓò¥

      at log (server.js:272:13)

    console.log
      File uploaded: document.txt

      at log (server.js:273:13)

    console.log
      File size: 29 bytes

      at log (server.js:274:13)

    console.log
      Form fields received: [ 'apiKey', 'summaryType' ]

      at log (server.js:275:13)

    console.log


      at log (server.js:276:13)

    console.log
      API KEY DETAILED CHECK:

      at log (server.js:277:13)

    console.log
        - Received apiKey (raw): gsk_test123

      at log (server.js:278:13)

    console.log
        - apiKey type: string

      at log (server.js:279:13)

    console.log
        - apiKey length: 11

      at log (server.js:280:13)

    console.log
        - apiKey is empty string: false

      at log (server.js:281:13)

    console.log
        - apiKey is null: false

      at log (server.js:282:13)

    console.log
        - apiKey is undefined: false

      at log (server.js:283:13)

    console.log
        - apiKey trimmed: gsk_test123

      at log (server.js:284:13)

    console.log
        - apiKey trimmed length: 11

      at log (server.js:285:13)

    console.log
        - Starts with gsk_: true

      at log (server.js:286:13)

    console.log
        - First 15 chars: gsk_test123

      at log (server.js:287:13)

    console.log


      at log (server.js:288:13)

    console.log
      Summary options:

      at log (server.js:289:13)

    console.log
        - summaryType: standard

      at log (server.js:290:13)

    console.log
        - analysisDepth: normal

      at log (server.js:291:13)

    console.log
        - extractMetadata: undefined

      at log (server.js:292:13)

    console.log
        - highlightKeywords: undefined

      at log (server.js:293:13)

    console.log


      at log (server.js:294:13)

    console.log
      API KEY RESOLUTION:

      at log (server.js:303:13)

    console.log
        - Using form apiKey: true

      at log (server.js:304:13)

    console.log
        - apiKeyToUse value: gsk_test123...

      at log (server.js:305:13)

    console.log
        - apiKeyToUse length: 11

      at log (server.js:306:13)

    console.log


      at log (server.js:307:13)

    console.log
      Γ£ô VALIDATION PASSED: API key looks valid

      at log (server.js:321:13)

    console.log


      at log (server.js:322:13)

    console.log
      
      ΓòöΓòÉΓòÉΓòÉΓòÉΓòÉΓòÉΓòÉΓòÉΓòÉΓòÉΓòÉΓòÉΓòÉΓòÉΓòÉΓòÉΓòÉΓòÉΓòÉΓòÉΓòÉΓòÉΓòÉΓ
òÉΓòÉΓòÉΓòÉΓòÉΓòÉΓòÉΓòÉΓòÉΓòÉΓòÉΓòÉΓòÉΓòÉΓòÉΓòÉΓòÉΓòÉΓòÉΓòÉΓòÉΓòÉΓòÉΓòÉΓòÉΓòù

      at log (server.js:270:13)

    console.log
      Γòæ         /api/document REQUEST RECEIVED          Γòæ

      at log (server.js:271:13)

    console.log
      ΓòÜΓòÉΓòÉΓòÉΓòÉΓòÉΓòÉΓòÉΓòÉΓòÉΓòÉΓòÉΓòÉΓòÉΓòÉΓòÉΓòÉΓòÉΓòÉΓòÉΓòÉΓòÉΓòÉΓòÉΓ
òÉΓòÉΓòÉΓòÉΓòÉΓòÉΓòÉΓòÉΓòÉΓòÉΓòÉΓòÉΓòÉΓòÉΓòÉΓòÉΓòÉΓòÉΓòÉΓòÉΓòÉΓòÉΓòÉΓòÉΓòÉΓò¥

      at log (server.js:272:13)

    console.log
      File uploaded: test.txt

      at log (server.js:273:13)

    console.log
      File size: 12 bytes

      at log (server.js:274:13)

    console.log
      Form fields received: [ 'apiKey' ]

      at log (server.js:275:13)

    console.log


      at log (server.js:276:13)

    console.log
      API KEY DETAILED CHECK:

      at log (server.js:277:13)

    console.log
        - Received apiKey (raw): gsk_test123

      at log (server.js:278:13)

    console.log
        - apiKey type: string

      at log (server.js:279:13)

    console.log
        - apiKey length: 11

      at log (server.js:280:13)

    console.log
        - apiKey is empty string: false

      at log (server.js:281:13)

    console.log
        - apiKey is null: false

      at log (server.js:282:13)

    console.log
        - apiKey is undefined: false

      at log (server.js:283:13)

    console.log
        - apiKey trimmed: gsk_test123

      at log (server.js:284:13)

    console.log
        - apiKey trimmed length: 11

      at log (server.js:285:13)

    console.log
        - Starts with gsk_: true

      at log (server.js:286:13)

    console.log
        - First 15 chars: gsk_test123

      at log (server.js:287:13)

    console.log


      at log (server.js:288:13)

    console.log
      Summary options:

      at log (server.js:289:13)

    console.log
        - summaryType: standard

      at log (server.js:290:13)

    console.log
        - analysisDepth: normal

      at log (server.js:291:13)

    console.log
        - extractMetadata: undefined

      at log (server.js:292:13)

    console.log
        - highlightKeywords: undefined

      at log (server.js:293:13)

    console.log


      at log (server.js:294:13)

    console.log
      API KEY RESOLUTION:

      at log (server.js:303:13)

    console.log
        - Using form apiKey: true

      at log (server.js:304:13)

    console.log
        - apiKeyToUse value: gsk_test123...

      at log (server.js:305:13)

    console.log
        - apiKeyToUse length: 11

      at log (server.js:306:13)

    console.log


      at log (server.js:307:13)

    console.log
      Γ£ô VALIDATION PASSED: API key looks valid

      at log (server.js:321:13)

    console.log


      at log (server.js:322:13)

    console.log
      
      ΓòöΓòÉΓòÉΓòÉΓòÉΓòÉΓòÉΓòÉΓòÉΓòÉΓòÉΓòÉΓòÉΓòÉΓòÉΓòÉΓòÉΓòÉΓòÉΓòÉΓòÉΓòÉΓòÉΓòÉΓ
òÉΓòÉΓòÉΓòÉΓòÉΓòÉΓòÉΓòÉΓòÉΓòÉΓòÉΓòÉΓòÉΓòÉΓòÉΓòÉΓòÉΓòÉΓòÉΓòÉΓòÉΓòÉΓòÉΓòÉΓòÉΓòù

      at log (server.js:270:13)

    console.log
      Γòæ         /api/document REQUEST RECEIVED          Γòæ

      at log (server.js:271:13)

    console.log
      ΓòÜΓòÉΓòÉΓòÉΓòÉΓòÉΓòÉΓòÉΓòÉΓòÉΓòÉΓòÉΓòÉΓòÉΓòÉΓòÉΓòÉΓòÉΓòÉΓòÉΓòÉΓòÉΓòÉΓòÉΓ
òÉΓòÉΓòÉΓòÉΓòÉΓòÉΓòÉΓòÉΓòÉΓòÉΓòÉΓòÉΓòÉΓòÉΓòÉΓòÉΓòÉΓòÉΓòÉΓòÉΓòÉΓòÉΓòÉΓòÉΓòÉΓò¥

      at log (server.js:272:13)

    console.log
      File uploaded: doc1.txt

      at log (server.js:273:13)

    console.log
      File size: 5 bytes

      at log (server.js:274:13)

    console.log
      Form fields received: [ 'apiKey' ]

      at log (server.js:275:13)

    console.log


      at log (server.js:276:13)

    console.log
      API KEY DETAILED CHECK:

      at log (server.js:277:13)

    console.log
        - Received apiKey (raw): gsk_test123

      at log (server.js:278:13)

    console.log
        - apiKey type: string

      at log (server.js:279:13)

    console.log
        - apiKey length: 11

      at log (server.js:280:13)

    console.log
        - apiKey is empty string: false

      at log (server.js:281:13)

    console.log
        - apiKey is null: false

      at log (server.js:282:13)

    console.log
        - apiKey is undefined: false

      at log (server.js:283:13)

    console.log
        - apiKey trimmed: gsk_test123

      at log (server.js:284:13)

    console.log
        - apiKey trimmed length: 11

      at log (server.js:285:13)

    console.log
        - Starts with gsk_: true

      at log (server.js:286:13)

    console.log
        - First 15 chars: gsk_test123

      at log (server.js:287:13)

    console.log


      at log (server.js:288:13)

    console.log
      Summary options:

      at log (server.js:289:13)

    console.log
        - summaryType: standard

      at log (server.js:290:13)

    console.log
        - analysisDepth: normal

      at log (server.js:291:13)

    console.log
        - extractMetadata: undefined

      at log (server.js:292:13)

    console.log
        - highlightKeywords: undefined

      at log (server.js:293:13)

    console.log


      at log (server.js:294:13)

    console.log
      API KEY RESOLUTION:

      at log (server.js:303:13)

    console.log
        - Using form apiKey: true

      at log (server.js:304:13)

    console.log
        - apiKeyToUse value: gsk_test123...

      at log (server.js:305:13)

    console.log
        - apiKeyToUse length: 11

      at log (server.js:306:13)

    console.log


      at log (server.js:307:13)

    console.log
      Γ£ô VALIDATION PASSED: API key looks valid

      at log (server.js:321:13)

    console.log


      at log (server.js:322:13)

    console.log
      
      ΓòöΓòÉΓòÉΓòÉΓòÉΓòÉΓòÉΓòÉΓòÉΓòÉΓòÉΓòÉΓòÉΓòÉΓòÉΓòÉΓòÉΓòÉΓòÉΓòÉΓòÉΓòÉΓòÉΓòÉΓ
òÉΓòÉΓòÉΓòÉΓòÉΓòÉΓòÉΓòÉΓòÉΓòÉΓòÉΓòÉΓòÉΓòÉΓòÉΓòÉΓòÉΓòÉΓòÉΓòÉΓòÉΓòÉΓòÉΓòÉΓòÉΓòù

      at log (server.js:270:13)

    console.log
      Γòæ         /api/document REQUEST RECEIVED          Γòæ

      at log (server.js:271:13)

    console.log
      ΓòÜΓòÉΓòÉΓòÉΓòÉΓòÉΓòÉΓòÉΓòÉΓòÉΓòÉΓòÉΓòÉΓòÉΓòÉΓòÉΓòÉΓòÉΓòÉΓòÉΓòÉΓòÉΓòÉΓòÉΓ
òÉΓòÉΓòÉΓòÉΓòÉΓòÉΓòÉΓòÉΓòÉΓòÉΓòÉΓòÉΓòÉΓòÉΓòÉΓòÉΓòÉΓòÉΓòÉΓòÉΓòÉΓòÉΓòÉΓòÉΓòÉΓò¥

      at log (server.js:272:13)

    console.log
      File uploaded: doc2.txt

      at log (server.js:273:13)

    console.log
      File size: 6 bytes

      at log (server.js:274:13)

    console.log
      Form fields received: [ 'apiKey' ]

      at log (server.js:275:13)

    console.log


      at log (server.js:276:13)

    console.log
      API KEY DETAILED CHECK:

      at log (server.js:277:13)

    console.log
        - Received apiKey (raw): gsk_test123

      at log (server.js:278:13)

    console.log
        - apiKey type: string

      at log (server.js:279:13)

    console.log
        - apiKey length: 11

      at log (server.js:280:13)

    console.log
        - apiKey is empty string: false

      at log (server.js:281:13)

    console.log
        - apiKey is null: false

      at log (server.js:282:13)

    console.log
        - apiKey is undefined: false

      at log (server.js:283:13)

    console.log
        - apiKey trimmed: gsk_test123

      at log (server.js:284:13)

    console.log
        - apiKey trimmed length: 11

      at log (server.js:285:13)

    console.log
        - Starts with gsk_: true

      at log (server.js:286:13)

    console.log
        - First 15 chars: gsk_test123

      at log (server.js:287:13)

    console.log


      at log (server.js:288:13)

    console.log
      Summary options:

      at log (server.js:289:13)

    console.log
        - summaryType: standard

      at log (server.js:290:13)

    console.log
        - analysisDepth: normal

      at log (server.js:291:13)

    console.log
        - extractMetadata: undefined

      at log (server.js:292:13)

    console.log
        - highlightKeywords: undefined

      at log (server.js:293:13)

    console.log


      at log (server.js:294:13)

    console.log
      API KEY RESOLUTION:

      at log (server.js:303:13)

    console.log
        - Using form apiKey: true

      at log (server.js:304:13)

    console.log
        - apiKeyToUse value: gsk_test123...

      at log (server.js:305:13)

    console.log
        - apiKeyToUse length: 11

      at log (server.js:306:13)

    console.log


      at log (server.js:307:13)

    console.log
      Γ£ô VALIDATION PASSED: API key looks valid

      at log (server.js:321:13)

    console.log


      at log (server.js:322:13)

    console.error
      Groq Whisper Error: { error: { message: 'Unauthorized' } }

    [0m [90m 157 |[39m     [36mif[39m ([33m![39mresponse[33m.[39mok) {
     [90m 158 |[39m       [36mconst[39m errorData [33m=[39m 
[36mawait[39m response[33m.[39mjson()[33m.[39m[36mcatch[39m(() 
[33m=>[39m ({}))[33m;[39m
    [31m[1m>[22m[39m[90m 159 |[39m       
console[33m.[39merror([32m'Groq Whisper Error:'[39m[33m,[39m 
errorData)[33m;[39m
     [90m     |[39m               [31m[1m^[22m[39m
     [90m 160 |[39m       [36mreturn[39m 
res[33m.[39mstatus(response[33m.[39mstatus)[33m.[39mjson({
     [90m 161 |[39m         error[33m:[39m 
errorData[33m.[39merror[33m?[39m[33m.[39mmessage [33m||[39m 
[32m'Transcription failed'[39m[33m,[39m
     [90m 162 |[39m         text[33m:[39m [32m`ΓÜá∩╕Å Transcription 
Error: ${errorData.error?.message || 'Failed to transcribe audio. Make sure 
the file is a valid audio format (MP3, WAV, M4A, OGG).'}`[39m[0m

      at error (server.js:159:15)

    console.error
      Groq API Error: { error: { message: 'Server error' } }

    [0m [90m 233 |[39m     [36mif[39m ([33m![39mresponse[33m.[39mok) {
     [90m 234 |[39m       [36mconst[39m errorData [33m=[39m 
[36mawait[39m response[33m.[39mjson()[33m;[39m
    [31m[1m>[22m[39m[90m 235 |[39m       
console[33m.[39merror([32m'Groq API Error:'[39m[33m,[39m 
errorData)[33m;[39m
     [90m     |[39m               [31m[1m^[22m[39m
     [90m 236 |[39m       [36mreturn[39m 
res[33m.[39mstatus(response[33m.[39mstatus)[33m.[39mjson({
     [90m 237 |[39m         error[33m:[39m 
errorData[33m.[39merror[33m?[39m[33m.[39mmessage [33m||[39m [32m'Groq 
API error'[39m[33m,[39m
     [90m 238 |[39m         source[33m:[39m 
[32m'local'[39m[33m,[39m[0m

      at error (server.js:235:15)

    console.error
      TTS error: Error: Network unavailable
          at Object.<anonymous> 
(C:\Users\rober\Desktop\UNIMEDIA_WEBSITE\__tests__\integration.test.js:36:27)
          at Promise.finally.completed (C:\Users\rober\Desktop\UNIMEDIA_WEBSITE
\node_modules\jest-circus\build\jestAdapterInit.js:1557:28)
          at new Promise (<anonymous>)
          at callAsyncCircusFn (C:\Users\rober\Desktop\UNIMEDIA_WEBSITE\node_mo
dules\jest-circus\build\jestAdapterInit.js:1497:10)
          at _callCircusHook (C:\Users\rober\Desktop\UNIMEDIA_WEBSITE\node_modu
les\jest-circus\build\jestAdapterInit.js:976:40)
          at processTicksAndRejections 
(node:internal/process/task_queues:103:5)
          at _runTest (C:\Users\rober\Desktop\UNIMEDIA_WEBSITE\node_modules\jes
t-circus\build\jestAdapterInit.js:941:5)
          at C:\Users\rober\Desktop\UNIMEDIA_WEBSITE\node_modules\jest-circus\b
uild\jestAdapterInit.js:849:7
          at _runTestsForDescribeBlock (C:\Users\rober\Desktop\UNIMEDIA_WEBSITE
\node_modules\jest-circus\build\jestAdapterInit.js:862:11)
          at _runTestsForDescribeBlock (C:\Users\rober\Desktop\UNIMEDIA_WEBSITE
\node_modules\jest-circus\build\jestAdapterInit.js:857:11)
          at _runTestsForDescribeBlock (C:\Users\rober\Desktop\UNIMEDIA_WEBSITE
\node_modules\jest-circus\build\jestAdapterInit.js:857:11)
          at run (C:\Users\rober\Desktop\UNIMEDIA_WEBSITE\node_modules\jest-cir
cus\build\jestAdapterInit.js:761:3)
          at runAndTransformResultsToJestFormat (C:\Users\rober\Desktop\UNIMEDI
A_WEBSITE\node_modules\jest-circus\build\jestAdapterInit.js:1918:21)
          at jestAdapter (C:\Users\rober\Desktop\UNIMEDIA_WEBSITE\node_modules\
jest-circus\build\runner.js:101:19)
          at runTestInternal (C:\Users\rober\Desktop\UNIMEDIA_WEBSITE\node_modu
les\jest-runner\build\testWorker.js:275:16)
          at runTest (C:\Users\rober\Desktop\UNIMEDIA_WEBSITE\node_modules\jest
-runner\build\testWorker.js:343:7)
          at Object.worker (C:\Users\rober\Desktop\UNIMEDIA_WEBSITE\node_module
s\jest-runner\build\testWorker.js:497:12)

    [0m [90m 1109 |[39m
     [90m 1110 |[39m   } [36mcatch[39m (error) {
    [31m[1m>[22m[39m[90m 1111 |[39m     
console[33m.[39merror([32m'TTS error:'[39m[33m,[39m error)[33m;[39m
     [90m      |[39m             [31m[1m^[22m[39m
     [90m 1112 |[39m     
res[33m.[39mstatus([35m500[39m)[33m.[39mjson({ 
     [90m 1113 |[39m       error[33m:[39m 
error[33m.[39mmessage[33m,[39m 
     [90m 1114 |[39m       text[33m:[39m [32m`ΓÜá∩╕Å Text-to-Speech 
error: ${error.message}`[39m [0m

      at error (server.js:1111:13)

    console.error
      Server error: Error: Service 1 down
          at Object.<anonymous> 
(C:\Users\rober\Desktop\UNIMEDIA_WEBSITE\__tests__\integration.test.js:321:35)
          at Promise.finally.completed (C:\Users\rober\Desktop\UNIMEDIA_WEBSITE
\node_modules\jest-circus\build\jestAdapterInit.js:1557:28)
          at new Promise (<anonymous>)
          at callAsyncCircusFn (C:\Users\rober\Desktop\UNIMEDIA_WEBSITE\node_mo
dules\jest-circus\build\jestAdapterInit.js:1497:10)
          at _callCircusTest (C:\Users\rober\Desktop\UNIMEDIA_WEBSITE\node_modu
les\jest-circus\build\jestAdapterInit.js:1007:40)
          at processTicksAndRejections 
(node:internal/process/task_queues:103:5)
          at _runTest (C:\Users\rober\Desktop\UNIMEDIA_WEBSITE\node_modules\jes
t-circus\build\jestAdapterInit.js:947:3)
          at C:\Users\rober\Desktop\UNIMEDIA_WEBSITE\node_modules\jest-circus\b
uild\jestAdapterInit.js:849:7
          at _runTestsForDescribeBlock (C:\Users\rober\Desktop\UNIMEDIA_WEBSITE
\node_modules\jest-circus\build\jestAdapterInit.js:862:11)
          at _runTestsForDescribeBlock (C:\Users\rober\Desktop\UNIMEDIA_WEBSITE
\node_modules\jest-circus\build\jestAdapterInit.js:857:11)
          at _runTestsForDescribeBlock (C:\Users\rober\Desktop\UNIMEDIA_WEBSITE
\node_modules\jest-circus\build\jestAdapterInit.js:857:11)
          at run (C:\Users\rober\Desktop\UNIMEDIA_WEBSITE\node_modules\jest-cir
cus\build\jestAdapterInit.js:761:3)
          at runAndTransformResultsToJestFormat (C:\Users\rober\Desktop\UNIMEDI
A_WEBSITE\node_modules\jest-circus\build\jestAdapterInit.js:1918:21)
          at jestAdapter (C:\Users\rober\Desktop\UNIMEDIA_WEBSITE\node_modules\
jest-circus\build\runner.js:101:19)
          at runTestInternal (C:\Users\rober\Desktop\UNIMEDIA_WEBSITE\node_modu
les\jest-runner\build\testWorker.js:275:16)
          at runTest (C:\Users\rober\Desktop\UNIMEDIA_WEBSITE\node_modules\jest
-runner\build\testWorker.js:343:7)
          at Object.worker (C:\Users\rober\Desktop\UNIMEDIA_WEBSITE\node_module
s\jest-runner\build\testWorker.js:497:12)

    [0m [90m 251 |[39m
     [90m 252 |[39m   } [36mcatch[39m (error) {
    [31m[1m>[22m[39m[90m 253 |[39m     
console[33m.[39merror([32m'Server error:'[39m[33m,[39m error)[33m;[39m
     [90m     |[39m             [31m[1m^[22m[39m
     [90m 254 |[39m     res[33m.[39mstatus([35m500[39m)[33m.[39mjson({
     [90m 255 |[39m       error[33m:[39m error[33m.[39mmessage[33m,[39m
     [90m 256 |[39m       source[33m:[39m [32m'local'[39m[33m,[39m[0m

      at error (server.js:253:13)

    console.error
      Server error: Error: AI service down
          at Object.<anonymous> 
(C:\Users\rober\Desktop\UNIMEDIA_WEBSITE\__tests__\integration.test.js:332:35)
          at Promise.finally.completed (C:\Users\rober\Desktop\UNIMEDIA_WEBSITE
\node_modules\jest-circus\build\jestAdapterInit.js:1557:28)
          at new Promise (<anonymous>)
          at callAsyncCircusFn (C:\Users\rober\Desktop\UNIMEDIA_WEBSITE\node_mo
dules\jest-circus\build\jestAdapterInit.js:1497:10)
          at _callCircusTest (C:\Users\rober\Desktop\UNIMEDIA_WEBSITE\node_modu
les\jest-circus\build\jestAdapterInit.js:1007:40)
          at processTicksAndRejections 
(node:internal/process/task_queues:103:5)
          at _runTest (C:\Users\rober\Desktop\UNIMEDIA_WEBSITE\node_modules\jes
t-circus\build\jestAdapterInit.js:947:3)
          at C:\Users\rober\Desktop\UNIMEDIA_WEBSITE\node_modules\jest-circus\b
uild\jestAdapterInit.js:849:7
          at _runTestsForDescribeBlock (C:\Users\rober\Desktop\UNIMEDIA_WEBSITE
\node_modules\jest-circus\build\jestAdapterInit.js:862:11)
          at _runTestsForDescribeBlock (C:\Users\rober\Desktop\UNIMEDIA_WEBSITE
\node_modules\jest-circus\build\jestAdapterInit.js:857:11)
          at _runTestsForDescribeBlock (C:\Users\rober\Desktop\UNIMEDIA_WEBSITE
\node_modules\jest-circus\build\jestAdapterInit.js:857:11)
          at run (C:\Users\rober\Desktop\UNIMEDIA_WEBSITE\node_modules\jest-cir
cus\build\jestAdapterInit.js:761:3)
          at runAndTransformResultsToJestFormat (C:\Users\rober\Desktop\UNIMEDI
A_WEBSITE\node_modules\jest-circus\build\jestAdapterInit.js:1918:21)
          at jestAdapter (C:\Users\rober\Desktop\UNIMEDIA_WEBSITE\node_modules\
jest-circus\build\runner.js:101:19)
          at runTestInternal (C:\Users\rober\Desktop\UNIMEDIA_WEBSITE\node_modu
les\jest-runner\build\testWorker.js:275:16)
          at runTest (C:\Users\rober\Desktop\UNIMEDIA_WEBSITE\node_modules\jest
-runner\build\testWorker.js:343:7)
          at Object.worker (C:\Users\rober\Desktop\UNIMEDIA_WEBSITE\node_module
s\jest-runner\build\testWorker.js:497:12)

    [0m [90m 251 |[39m
     [90m 252 |[39m   } [36mcatch[39m (error) {
    [31m[1m>[22m[39m[90m 253 |[39m     
console[33m.[39merror([32m'Server error:'[39m[33m,[39m error)[33m;[39m
     [90m     |[39m             [31m[1m^[22m[39m
     [90m 254 |[39m     res[33m.[39mstatus([35m500[39m)[33m.[39mjson({
     [90m 255 |[39m       error[33m:[39m error[33m.[39mmessage[33m,[39m
     [90m 256 |[39m       source[33m:[39m [32m'local'[39m[33m,[39m[0m

      at error (server.js:253:13)

    console.error
      TTS error: TypeError: response.buffer is not a function
          at buffer (C:\Users\rober\Desktop\UNIMEDIA_WEBSITE\server.js:1103:40)
          at processTicksAndRejections 
(node:internal/process/task_queues:103:5)

    [0m [90m 1109 |[39m
     [90m 1110 |[39m   } [36mcatch[39m (error) {
    [31m[1m>[22m[39m[90m 1111 |[39m     
console[33m.[39merror([32m'TTS error:'[39m[33m,[39m error)[33m;[39m
     [90m      |[39m             [31m[1m^[22m[39m
     [90m 1112 |[39m     
res[33m.[39mstatus([35m500[39m)[33m.[39mjson({ 
     [90m 1113 |[39m       error[33m:[39m 
error[33m.[39mmessage[33m,[39m 
     [90m 1114 |[39m       text[33m:[39m [32m`ΓÜá∩╕Å Text-to-Speech 
error: ${error.message}`[39m [0m

      at error (server.js:1111:13)

    console.error
      Server error: Error: Service error
          at Object.<anonymous> 
(C:\Users\rober\Desktop\UNIMEDIA_WEBSITE\__tests__\integration.test.js:352:31)
          at Promise.finally.completed (C:\Users\rober\Desktop\UNIMEDIA_WEBSITE
\node_modules\jest-circus\build\jestAdapterInit.js:1557:28)
          at new Promise (<anonymous>)
          at callAsyncCircusFn (C:\Users\rober\Desktop\UNIMEDIA_WEBSITE\node_mo
dules\jest-circus\build\jestAdapterInit.js:1497:10)
          at _callCircusTest (C:\Users\rober\Desktop\UNIMEDIA_WEBSITE\node_modu
les\jest-circus\build\jestAdapterInit.js:1007:40)
          at processTicksAndRejections 
(node:internal/process/task_queues:103:5)
          at _runTest (C:\Users\rober\Desktop\UNIMEDIA_WEBSITE\node_modules\jes
t-circus\build\jestAdapterInit.js:947:3)
          at C:\Users\rober\Desktop\UNIMEDIA_WEBSITE\node_modules\jest-circus\b
uild\jestAdapterInit.js:849:7
          at _runTestsForDescribeBlock (C:\Users\rober\Desktop\UNIMEDIA_WEBSITE
\node_modules\jest-circus\build\jestAdapterInit.js:862:11)
          at _runTestsForDescribeBlock (C:\Users\rober\Desktop\UNIMEDIA_WEBSITE
\node_modules\jest-circus\build\jestAdapterInit.js:857:11)
          at _runTestsForDescribeBlock (C:\Users\rober\Desktop\UNIMEDIA_WEBSITE
\node_modules\jest-circus\build\jestAdapterInit.js:857:11)
          at run (C:\Users\rober\Desktop\UNIMEDIA_WEBSITE\node_modules\jest-cir
cus\build\jestAdapterInit.js:761:3)
          at runAndTransformResultsToJestFormat (C:\Users\rober\Desktop\UNIMEDI
A_WEBSITE\node_modules\jest-circus\build\jestAdapterInit.js:1918:21)
          at jestAdapter (C:\Users\rober\Desktop\UNIMEDIA_WEBSITE\node_modules\
jest-circus\build\runner.js:101:19)
          at runTestInternal (C:\Users\rober\Desktop\UNIMEDIA_WEBSITE\node_modu
les\jest-runner\build\testWorker.js:275:16)
          at runTest (C:\Users\rober\Desktop\UNIMEDIA_WEBSITE\node_modules\jest
-runner\build\testWorker.js:343:7)
          at Object.worker (C:\Users\rober\Desktop\UNIMEDIA_WEBSITE\node_module
s\jest-runner\build\testWorker.js:497:12)

    [0m [90m 251 |[39m
     [90m 252 |[39m   } [36mcatch[39m (error) {
    [31m[1m>[22m[39m[90m 253 |[39m     
console[33m.[39merror([32m'Server error:'[39m[33m,[39m error)[33m;[39m
     [90m     |[39m             [31m[1m^[22m[39m
     [90m 254 |[39m     res[33m.[39mstatus([35m500[39m)[33m.[39mjson({
     [90m 255 |[39m       error[33m:[39m error[33m.[39mmessage[33m,[39m
     [90m 256 |[39m       source[33m:[39m [32m'local'[39m[33m,[39m[0m

      at error (server.js:253:13)

    console.error
      Transcription error: Error: Service error
          at Object.<anonymous> 
(C:\Users\rober\Desktop\UNIMEDIA_WEBSITE\__tests__\integration.test.js:352:31)
          at Promise.finally.completed (C:\Users\rober\Desktop\UNIMEDIA_WEBSITE
\node_modules\jest-circus\build\jestAdapterInit.js:1557:28)
          at new Promise (<anonymous>)
          at callAsyncCircusFn (C:\Users\rober\Desktop\UNIMEDIA_WEBSITE\node_mo
dules\jest-circus\build\jestAdapterInit.js:1497:10)
          at _callCircusTest (C:\Users\rober\Desktop\UNIMEDIA_WEBSITE\node_modu
les\jest-circus\build\jestAdapterInit.js:1007:40)
          at processTicksAndRejections 
(node:internal/process/task_queues:103:5)
          at _runTest (C:\Users\rober\Desktop\UNIMEDIA_WEBSITE\node_modules\jes
t-circus\build\jestAdapterInit.js:947:3)
          at C:\Users\rober\Desktop\UNIMEDIA_WEBSITE\node_modules\jest-circus\b
uild\jestAdapterInit.js:849:7
          at _runTestsForDescribeBlock (C:\Users\rober\Desktop\UNIMEDIA_WEBSITE
\node_modules\jest-circus\build\jestAdapterInit.js:862:11)
          at _runTestsForDescribeBlock (C:\Users\rober\Desktop\UNIMEDIA_WEBSITE
\node_modules\jest-circus\build\jestAdapterInit.js:857:11)
          at _runTestsForDescribeBlock (C:\Users\rober\Desktop\UNIMEDIA_WEBSITE
\node_modules\jest-circus\build\jestAdapterInit.js:857:11)
          at run (C:\Users\rober\Desktop\UNIMEDIA_WEBSITE\node_modules\jest-cir
cus\build\jestAdapterInit.js:761:3)
          at runAndTransformResultsToJestFormat (C:\Users\rober\Desktop\UNIMEDI
A_WEBSITE\node_modules\jest-circus\build\jestAdapterInit.js:1918:21)
          at jestAdapter (C:\Users\rober\Desktop\UNIMEDIA_WEBSITE\node_modules\
jest-circus\build\runner.js:101:19)
          at runTestInternal (C:\Users\rober\Desktop\UNIMEDIA_WEBSITE\node_modu
les\jest-runner\build\testWorker.js:275:16)
          at runTest (C:\Users\rober\Desktop\UNIMEDIA_WEBSITE\node_modules\jest
-runner\build\testWorker.js:343:7)
          at Object.worker (C:\Users\rober\Desktop\UNIMEDIA_WEBSITE\node_module
s\jest-runner\build\testWorker.js:497:12)

    [0m [90m 174 |[39m
     [90m 175 |[39m   } [36mcatch[39m (error) {
    [31m[1m>[22m[39m[90m 176 |[39m     
console[33m.[39merror([32m'Transcription error:'[39m[33m,[39m 
error)[33m;[39m
     [90m     |[39m             [31m[1m^[22m[39m
     [90m 177 |[39m     res[33m.[39mstatus([35m500[39m)[33m.[39mjson({
     [90m 178 |[39m       error[33m:[39m error[33m.[39mmessage[33m,[39m
     [90m 179 |[39m       text[33m:[39m [32m`ΓÜá∩╕Å Transcription Error: 
${error.message}`[39m[0m

      at error (server.js:176:13)

    console.log
      
      ΓòöΓòÉΓòÉΓòÉΓòÉΓòÉΓòÉΓòÉΓòÉΓòÉΓòÉΓòÉΓòÉΓòÉΓòÉΓòÉΓòÉΓòÉΓòÉΓòÉΓòÉΓòÉΓòÉΓòÉΓ
òÉΓòÉΓòÉΓòÉΓòÉΓòÉΓòÉΓòÉΓòÉΓòÉΓòÉΓòÉΓòÉΓòÉΓòÉΓòÉΓòÉΓòÉΓòÉΓòÉΓòÉΓòÉΓòÉΓòÉΓòÉΓòù

      at log (server.js:270:13)

    console.log
      Γòæ         /api/document REQUEST RECEIVED          Γòæ

      at log (server.js:271:13)

    console.log
      ΓòÜΓòÉΓòÉΓòÉΓòÉΓòÉΓòÉΓòÉΓòÉΓòÉΓòÉΓòÉΓòÉΓòÉΓòÉΓòÉΓòÉΓòÉΓòÉΓòÉΓòÉΓòÉΓòÉΓòÉΓ
òÉΓòÉΓòÉΓòÉΓòÉΓòÉΓòÉΓòÉΓòÉΓòÉΓòÉΓòÉΓòÉΓòÉΓòÉΓòÉΓòÉΓòÉΓòÉΓòÉΓòÉΓòÉΓòÉΓòÉΓòÉΓò¥

      at log (server.js:272:13)

    console.log
      File uploaded: doc0.txt

      at log (server.js:273:13)

    console.log
      File size: 10 bytes

      at log (server.js:274:13)

    console.log
      Form fields received: [ 'apiKey' ]

      at log (server.js:275:13)

    console.log


      at log (server.js:276:13)

    console.log
      API KEY DETAILED CHECK:

      at log (server.js:277:13)

    console.log
        - Received apiKey (raw): gsk_test123

      at log (server.js:278:13)

    console.log
        - apiKey type: string

      at log (server.js:279:13)

    console.log
        - apiKey length: 11

      at log (server.js:280:13)

    console.log
        - apiKey is empty string: false

      at log (server.js:281:13)

    console.log
        - apiKey is null: false

      at log (server.js:282:13)

    console.log
        - apiKey is undefined: false

      at log (server.js:283:13)

    console.log
        - apiKey trimmed: gsk_test123

      at log (server.js:284:13)

    console.log
        - apiKey trimmed length: 11

      at log (server.js:285:13)

    console.log
        - Starts with gsk_: true

      at log (server.js:286:13)

    console.log
        - First 15 chars: gsk_test123

      at log (server.js:287:13)

    console.log


      at log (server.js:288:13)

    console.log
      Summary options:

      at log (server.js:289:13)

    console.log
        - summaryType: standard

      at log (server.js:290:13)

    console.log
        - analysisDepth: normal

      at log (server.js:291:13)

    console.log
        - extractMetadata: undefined

      at log (server.js:292:13)

    console.log
        - highlightKeywords: undefined

      at log (server.js:293:13)

    console.log


      at log (server.js:294:13)

    console.log
      API KEY RESOLUTION:

      at log (server.js:303:13)

    console.log
        - Using form apiKey: true

      at log (server.js:304:13)

    console.log
        - apiKeyToUse value: gsk_test123...

      at log (server.js:305:13)

    console.log
        - apiKeyToUse length: 11

      at log (server.js:306:13)

    console.log


      at log (server.js:307:13)

    console.log
      Γ£ô VALIDATION PASSED: API key looks valid

      at log (server.js:321:13)

    console.log


      at log (server.js:322:13)

    console.log
      
      ΓòöΓòÉΓòÉΓòÉΓòÉΓòÉΓòÉΓòÉΓòÉΓòÉΓòÉΓòÉΓòÉΓòÉΓòÉΓòÉΓòÉΓòÉΓòÉΓòÉΓòÉΓòÉΓòÉΓòÉΓ
òÉΓòÉΓòÉΓòÉΓòÉΓòÉΓòÉΓòÉΓòÉΓòÉΓòÉΓòÉΓòÉΓòÉΓòÉΓòÉΓòÉΓòÉΓòÉΓòÉΓòÉΓòÉΓòÉΓòÉΓòÉΓòù

      at log (server.js:270:13)

    console.log
      Γòæ         /api/document REQUEST RECEIVED          Γòæ

      at log (server.js:271:13)

    console.log
      ΓòÜΓòÉΓòÉΓòÉΓòÉΓòÉΓòÉΓòÉΓòÉΓòÉΓòÉΓòÉΓòÉΓòÉΓòÉΓòÉΓòÉΓòÉΓòÉΓòÉΓòÉΓòÉΓòÉΓòÉΓ
òÉΓòÉΓòÉΓòÉΓòÉΓòÉΓòÉΓòÉΓòÉΓòÉΓòÉΓòÉΓòÉΓòÉΓòÉΓòÉΓòÉΓòÉΓòÉΓòÉΓòÉΓòÉΓòÉΓòÉΓòÉΓò¥

      at log (server.js:272:13)

    console.log
      File uploaded: doc1.txt

      at log (server.js:273:13)

    console.log
      File size: 10 bytes

      at log (server.js:274:13)

    console.log
      Form fields received: [ 'apiKey' ]

      at log (server.js:275:13)

    console.log


      at log (server.js:276:13)

    console.log
      API KEY DETAILED CHECK:

      at log (server.js:277:13)

    console.log
        - Received apiKey (raw): gsk_test123

      at log (server.js:278:13)

    console.log
        - apiKey type: string

      at log (server.js:279:13)

    console.log
        - apiKey length: 11

      at log (server.js:280:13)

    console.log
        - apiKey is empty string: false

      at log (server.js:281:13)

    console.log
        - apiKey is null: false

      at log (server.js:282:13)

    console.log
        - apiKey is undefined: false

      at log (server.js:283:13)

    console.log
        - apiKey trimmed: gsk_test123

      at log (server.js:284:13)

    console.log
        - apiKey trimmed length: 11

      at log (server.js:285:13)

    console.log
        - Starts with gsk_: true

      at log (server.js:286:13)

    console.log
        - First 15 chars: gsk_test123

      at log (server.js:287:13)

    console.log


      at log (server.js:288:13)

    console.log
      Summary options:

      at log (server.js:289:13)

    console.log
        - summaryType: standard

      at log (server.js:290:13)

    console.log
        - analysisDepth: normal

      at log (server.js:291:13)

    console.log
        - extractMetadata: undefined

      at log (server.js:292:13)

    console.log
        - highlightKeywords: undefined

      at log (server.js:293:13)

    console.log


      at log (server.js:294:13)

    console.log
      API KEY RESOLUTION:

      at log (server.js:303:13)

    console.log
        - Using form apiKey: true

      at log (server.js:304:13)

    console.log
        - apiKeyToUse value: gsk_test123...

      at log (server.js:305:13)

    console.log
        - apiKeyToUse length: 11

      at log (server.js:306:13)

    console.log


      at log (server.js:307:13)

    console.log
      Γ£ô VALIDATION PASSED: API key looks valid

      at log (server.js:321:13)

    console.log


      at log (server.js:322:13)

    console.log
      
      ΓòöΓòÉΓòÉΓòÉΓòÉΓòÉΓòÉΓòÉΓòÉΓòÉΓòÉΓòÉΓòÉΓòÉΓòÉΓòÉΓòÉΓòÉΓòÉΓòÉΓòÉΓòÉΓòÉΓòÉΓ
òÉΓòÉΓòÉΓòÉΓòÉΓòÉΓòÉΓòÉΓòÉΓòÉΓòÉΓòÉΓòÉΓòÉΓòÉΓòÉΓòÉΓòÉΓòÉΓòÉΓòÉΓòÉΓòÉΓòÉΓòÉΓòù

      at log (server.js:270:13)

    console.log
      Γòæ         /api/document REQUEST RECEIVED          Γòæ

      at log (server.js:271:13)

    console.log
      ΓòÜΓòÉΓòÉΓòÉΓòÉΓòÉΓòÉΓòÉΓòÉΓòÉΓòÉΓòÉΓòÉΓòÉΓòÉΓòÉΓòÉΓòÉΓòÉΓòÉΓòÉΓòÉΓòÉΓòÉΓ
òÉΓòÉΓòÉΓòÉΓòÉΓòÉΓòÉΓòÉΓòÉΓòÉΓòÉΓòÉΓòÉΓòÉΓòÉΓòÉΓòÉΓòÉΓòÉΓòÉΓòÉΓòÉΓòÉΓòÉΓòÉΓò¥

      at log (server.js:272:13)

    console.log
      File uploaded: doc2.txt

      at log (server.js:273:13)

    console.log
      File size: 10 bytes

      at log (server.js:274:13)

    console.log
      Form fields received: [ 'apiKey' ]

      at log (server.js:275:13)

    console.log


      at log (server.js:276:13)

    console.log
      API KEY DETAILED CHECK:

      at log (server.js:277:13)

    console.log
        - Received apiKey (raw): gsk_test123

      at log (server.js:278:13)

    console.log
        - apiKey type: string

      at log (server.js:279:13)

    console.log
        - apiKey length: 11

      at log (server.js:280:13)

    console.log
        - apiKey is empty string: false

      at log (server.js:281:13)

    console.log
        - apiKey is null: false

      at log (server.js:282:13)

    console.log
        - apiKey is undefined: false

      at log (server.js:283:13)

    console.log
        - apiKey trimmed: gsk_test123

      at log (server.js:284:13)

    console.log
        - apiKey trimmed length: 11

      at log (server.js:285:13)

    console.log
        - Starts with gsk_: true

      at log (server.js:286:13)

    console.log
        - First 15 chars: gsk_test123

      at log (server.js:287:13)

    console.log


      at log (server.js:288:13)

    console.log
      Summary options:

      at log (server.js:289:13)

    console.log
        - summaryType: standard

      at log (server.js:290:13)

    console.log
        - analysisDepth: normal

      at log (server.js:291:13)

    console.log
        - extractMetadata: undefined

      at log (server.js:292:13)

    console.log
        - highlightKeywords: undefined

      at log (server.js:293:13)

    console.log


      at log (server.js:294:13)

    console.log
      API KEY RESOLUTION:

      at log (server.js:303:13)

    console.log
        - Using form apiKey: true

      at log (server.js:304:13)

    console.log
        - apiKeyToUse value: gsk_test123...

      at log (server.js:305:13)

    console.log
        - apiKeyToUse length: 11

      at log (server.js:306:13)

    console.log


      at log (server.js:307:13)

    console.log
      Γ£ô VALIDATION PASSED: API key looks valid

      at log (server.js:321:13)

    console.log


      at log (server.js:322:13)

    console.log
      
      ΓòöΓòÉΓòÉΓòÉΓòÉΓòÉΓòÉΓòÉΓòÉΓòÉΓòÉΓòÉΓòÉΓòÉΓòÉΓòÉΓòÉΓòÉΓòÉΓòÉΓòÉΓòÉΓòÉΓòÉΓ
òÉΓòÉΓòÉΓòÉΓòÉΓòÉΓòÉΓòÉΓòÉΓòÉΓòÉΓòÉΓòÉΓòÉΓòÉΓòÉΓòÉΓòÉΓòÉΓòÉΓòÉΓòÉΓòÉΓòÉΓòÉΓòù

      at log (server.js:270:13)

    console.log
      Γòæ         /api/document REQUEST RECEIVED          Γòæ

      at log (server.js:271:13)

    console.log
      ΓòÜΓòÉΓòÉΓòÉΓòÉΓòÉΓòÉΓòÉΓòÉΓòÉΓòÉΓòÉΓòÉΓòÉΓòÉΓòÉΓòÉΓòÉΓòÉΓòÉΓòÉΓòÉΓòÉΓòÉΓ
òÉΓòÉΓòÉΓòÉΓòÉΓòÉΓòÉΓòÉΓòÉΓòÉΓòÉΓòÉΓòÉΓòÉΓòÉΓòÉΓòÉΓòÉΓòÉΓòÉΓòÉΓòÉΓòÉΓòÉΓòÉΓò¥

      at log (server.js:272:13)

    console.log
      File uploaded: doc3.txt

      at log (server.js:273:13)

    console.log
      File size: 10 bytes

      at log (server.js:274:13)

    console.log
      Form fields received: [ 'apiKey' ]

      at log (server.js:275:13)

    console.log


      at log (server.js:276:13)

    console.log
      API KEY DETAILED CHECK:

      at log (server.js:277:13)

    console.log
        - Received apiKey (raw): gsk_test123

      at log (server.js:278:13)

    console.log
        - apiKey type: string

      at log (server.js:279:13)

    console.log
        - apiKey length: 11

      at log (server.js:280:13)

    console.log
        - apiKey is empty string: false

      at log (server.js:281:13)

    console.log
        - apiKey is null: false

      at log (server.js:282:13)

    console.log
        - apiKey is undefined: false

      at log (server.js:283:13)

    console.log
        - apiKey trimmed: gsk_test123

      at log (server.js:284:13)

    console.log
        - apiKey trimmed length: 11

      at log (server.js:285:13)

    console.log
        - Starts with gsk_: true

      at log (server.js:286:13)

    console.log
        - First 15 chars: gsk_test123

      at log (server.js:287:13)

    console.log


      at log (server.js:288:13)

    console.log
      Summary options:

      at log (server.js:289:13)

    console.log
        - summaryType: standard

      at log (server.js:290:13)

    console.log
        - analysisDepth: normal

      at log (server.js:291:13)

    console.log
        - extractMetadata: undefined

      at log (server.js:292:13)

    console.log
        - highlightKeywords: undefined

      at log (server.js:293:13)

    console.log


      at log (server.js:294:13)

    console.log
      API KEY RESOLUTION:

      at log (server.js:303:13)

    console.log
        - Using form apiKey: true

      at log (server.js:304:13)

    console.log
        - apiKeyToUse value: gsk_test123...

      at log (server.js:305:13)

    console.log
        - apiKeyToUse length: 11

      at log (server.js:306:13)

    console.log


      at log (server.js:307:13)

    console.log
      Γ£ô VALIDATION PASSED: API key looks valid

      at log (server.js:321:13)

    console.log


      at log (server.js:322:13)

    console.log
      
      ΓòöΓòÉΓòÉΓòÉΓòÉΓòÉΓòÉΓòÉΓòÉΓòÉΓòÉΓòÉΓòÉΓòÉΓòÉΓòÉΓòÉΓòÉΓòÉΓòÉΓòÉΓòÉΓòÉΓòÉΓ
òÉΓòÉΓòÉΓòÉΓòÉΓòÉΓòÉΓòÉΓòÉΓòÉΓòÉΓòÉΓòÉΓòÉΓòÉΓòÉΓòÉΓòÉΓòÉΓòÉΓòÉΓòÉΓòÉΓòÉΓòÉΓòù

      at log (server.js:270:13)

    console.log
      Γòæ         /api/document REQUEST RECEIVED          Γòæ

      at log (server.js:271:13)

    console.log
      ΓòÜΓòÉΓòÉΓòÉΓòÉΓòÉΓòÉΓòÉΓòÉΓòÉΓòÉΓòÉΓòÉΓòÉΓòÉΓòÉΓòÉΓòÉΓòÉΓòÉΓòÉΓòÉΓòÉΓòÉΓ
òÉΓòÉΓòÉΓòÉΓòÉΓòÉΓòÉΓòÉΓòÉΓòÉΓòÉΓòÉΓòÉΓòÉΓòÉΓòÉΓòÉΓòÉΓòÉΓòÉΓòÉΓòÉΓòÉΓòÉΓòÉΓò¥

      at log (server.js:272:13)

    console.log
      File uploaded: doc4.txt

      at log (server.js:273:13)

    console.log
      File size: 10 bytes

      at log (server.js:274:13)

    console.log
      Form fields received: [ 'apiKey' ]

      at log (server.js:275:13)

    console.log


      at log (server.js:276:13)

    console.log
      API KEY DETAILED CHECK:

      at log (server.js:277:13)

    console.log
        - Received apiKey (raw): gsk_test123

      at log (server.js:278:13)

    console.log
        - apiKey type: string

      at log (server.js:279:13)

    console.log
        - apiKey length: 11

      at log (server.js:280:13)

    console.log
        - apiKey is empty string: false

      at log (server.js:281:13)

    console.log
        - apiKey is null: false

      at log (server.js:282:13)

    console.log
        - apiKey is undefined: false

      at log (server.js:283:13)

    console.log
        - apiKey trimmed: gsk_test123

      at log (server.js:284:13)

    console.log
        - apiKey trimmed length: 11

      at log (server.js:285:13)

    console.log
        - Starts with gsk_: true

      at log (server.js:286:13)

    console.log
        - First 15 chars: gsk_test123

      at log (server.js:287:13)

    console.log


      at log (server.js:288:13)

    console.log
      Summary options:

      at log (server.js:289:13)

    console.log
        - summaryType: standard

      at log (server.js:290:13)

    console.log
        - analysisDepth: normal

      at log (server.js:291:13)

    console.log
        - extractMetadata: undefined

      at log (server.js:292:13)

    console.log
        - highlightKeywords: undefined

      at log (server.js:293:13)

    console.log


      at log (server.js:294:13)

    console.log
      API KEY RESOLUTION:

      at log (server.js:303:13)

    console.log
        - Using form apiKey: true

      at log (server.js:304:13)

    console.log
        - apiKeyToUse value: gsk_test123...

      at log (server.js:305:13)

    console.log
        - apiKeyToUse length: 11

      at log (server.js:306:13)

    console.log


      at log (server.js:307:13)

    console.log
      Γ£ô VALIDATION PASSED: API key looks valid

      at log (server.js:321:13)

    console.log


      at log (server.js:322:13)

    console.error
      TTS error: TypeError: response.buffer is not a function
          at buffer (C:\Users\rober\Desktop\UNIMEDIA_WEBSITE\server.js:1103:40)
          at processTicksAndRejections 
(node:internal/process/task_queues:103:5)

    [0m [90m 1109 |[39m
     [90m 1110 |[39m   } [36mcatch[39m (error) {
    [31m[1m>[22m[39m[90m 1111 |[39m     
console[33m.[39merror([32m'TTS error:'[39m[33m,[39m error)[33m;[39m
     [90m      |[39m             [31m[1m^[22m[39m
     [90m 1112 |[39m     
res[33m.[39mstatus([35m500[39m)[33m.[39mjson({ 
     [90m 1113 |[39m       error[33m:[39m 
error[33m.[39mmessage[33m,[39m 
     [90m 1114 |[39m       text[33m:[39m [32m`ΓÜá∩╕Å Text-to-Speech 
error: ${error.message}`[39m [0m

      at error (server.js:1111:13)

    console.log
      
      ΓòöΓòÉΓòÉΓòÉΓòÉΓòÉΓòÉΓòÉΓòÉΓòÉΓòÉΓòÉΓòÉΓòÉΓòÉΓòÉΓòÉΓòÉΓòÉΓòÉΓòÉΓòÉΓòÉΓòÉΓ
òÉΓòÉΓòÉΓòÉΓòÉΓòÉΓòÉΓòÉΓòÉΓòÉΓòÉΓòÉΓòÉΓòÉΓòÉΓòÉΓòÉΓòÉΓòÉΓòÉΓòÉΓòÉΓòÉΓòÉΓòÉΓòù

      at log (server.js:270:13)

    console.log
      Γòæ         /api/document REQUEST RECEIVED          Γòæ

      at log (server.js:271:13)

    console.log
      ΓòÜΓòÉΓòÉΓòÉΓòÉΓòÉΓòÉΓòÉΓòÉΓòÉΓòÉΓòÉΓòÉΓòÉΓòÉΓòÉΓòÉΓòÉΓòÉΓòÉΓòÉΓòÉΓòÉΓòÉΓ
òÉΓòÉΓòÉΓòÉΓòÉΓòÉΓòÉΓòÉΓòÉΓòÉΓòÉΓòÉΓòÉΓòÉΓòÉΓòÉΓòÉΓòÉΓòÉΓòÉΓòÉΓòÉΓòÉΓòÉΓòÉΓò¥

      at log (server.js:272:13)

    console.log
      File uploaded: test.txt

      at log (server.js:273:13)

    console.log
      File size: 4 bytes

      at log (server.js:274:13)

    console.log
      Form fields received: [ 'apiKey' ]

      at log (server.js:275:13)

    console.log


      at log (server.js:276:13)

    console.log
      API KEY DETAILED CHECK:

      at log (server.js:277:13)

    console.log
        - Received apiKey (raw): gsk_test123

      at log (server.js:278:13)

    console.log
        - apiKey type: string

      at log (server.js:279:13)

    console.log
        - apiKey length: 11

      at log (server.js:280:13)

    console.log
        - apiKey is empty string: false

      at log (server.js:281:13)

    console.log
        - apiKey is null: false

      at log (server.js:282:13)

    console.log
        - apiKey is undefined: false

      at log (server.js:283:13)

    console.log
        - apiKey trimmed: gsk_test123

      at log (server.js:284:13)

    console.log
        - apiKey trimmed length: 11

      at log (server.js:285:13)

    console.log
        - Starts with gsk_: true

      at log (server.js:286:13)

    console.log
        - First 15 chars: gsk_test123

      at log (server.js:287:13)

    console.log


      at log (server.js:288:13)

    console.log
      Summary options:

      at log (server.js:289:13)

    console.log
        - summaryType: standard

      at log (server.js:290:13)

    console.log
        - analysisDepth: normal

      at log (server.js:291:13)

    console.log
        - extractMetadata: undefined

      at log (server.js:292:13)

    console.log
        - highlightKeywords: undefined

      at log (server.js:293:13)

    console.log


      at log (server.js:294:13)

    console.log
      API KEY RESOLUTION:

      at log (server.js:303:13)

    console.log
        - Using form apiKey: true

      at log (server.js:304:13)

    console.log
        - apiKeyToUse value: gsk_test123...

      at log (server.js:305:13)

    console.log
        - apiKeyToUse length: 11

      at log (server.js:306:13)

    console.log


      at log (server.js:307:13)

    console.log
      Γ£ô VALIDATION PASSED: API key looks valid

      at log (server.js:321:13)

    console.log


      at log (server.js:322:13)

    console.error
      TTS error: TypeError: response.buffer is not a function
          at buffer (C:\Users\rober\Desktop\UNIMEDIA_WEBSITE\server.js:1103:40)
          at processTicksAndRejections 
(node:internal/process/task_queues:103:5)

    [0m [90m 1109 |[39m
     [90m 1110 |[39m   } [36mcatch[39m (error) {
    [31m[1m>[22m[39m[90m 1111 |[39m     
console[33m.[39merror([32m'TTS error:'[39m[33m,[39m error)[33m;[39m
     [90m      |[39m             [31m[1m^[22m[39m
     [90m 1112 |[39m     
res[33m.[39mstatus([35m500[39m)[33m.[39mjson({ 
     [90m 1113 |[39m       error[33m:[39m 
error[33m.[39mmessage[33m,[39m 
     [90m 1114 |[39m       text[33m:[39m [32m`ΓÜá∩╕Å Text-to-Speech 
error: ${error.message}`[39m [0m

      at error (server.js:1111:13)

    console.error
      TTS error: TypeError: response.buffer is not a function
          at buffer (C:\Users\rober\Desktop\UNIMEDIA_WEBSITE\server.js:1103:40)
          at processTicksAndRejections 
(node:internal/process/task_queues:103:5)

    [0m [90m 1109 |[39m
     [90m 1110 |[39m   } [36mcatch[39m (error) {
    [31m[1m>[22m[39m[90m 1111 |[39m     
console[33m.[39merror([32m'TTS error:'[39m[33m,[39m error)[33m;[39m
     [90m      |[39m             [31m[1m^[22m[39m
     [90m 1112 |[39m     
res[33m.[39mstatus([35m500[39m)[33m.[39mjson({ 
     [90m 1113 |[39m       error[33m:[39m 
error[33m.[39mmessage[33m,[39m 
     [90m 1114 |[39m       text[33m:[39m [32m`ΓÜá∩╕Å Text-to-Speech 
error: ${error.message}`[39m [0m

      at error (server.js:1111:13)

    console.error
      TTS error: TypeError: response.buffer is not a function
          at buffer (C:\Users\rober\Desktop\UNIMEDIA_WEBSITE\server.js:1103:40)
          at processTicksAndRejections 
(node:internal/process/task_queues:103:5)

    [0m [90m 1109 |[39m
     [90m 1110 |[39m   } [36mcatch[39m (error) {
    [31m[1m>[22m[39m[90m 1111 |[39m     
console[33m.[39merror([32m'TTS error:'[39m[33m,[39m error)[33m;[39m
     [90m      |[39m             [31m[1m^[22m[39m
     [90m 1112 |[39m     
res[33m.[39mstatus([35m500[39m)[33m.[39mjson({ 
     [90m 1113 |[39m       error[33m:[39m 
error[33m.[39mmessage[33m,[39m 
     [90m 1114 |[39m       text[33m:[39m [32m`ΓÜá∩╕Å Text-to-Speech 
error: ${error.message}`[39m [0m

      at error (server.js:1111:13)

    console.error
      TTS error: TypeError: response.buffer is not a function
          at buffer (C:\Users\rober\Desktop\UNIMEDIA_WEBSITE\server.js:1103:40)
          at processTicksAndRejections 
(node:internal/process/task_queues:103:5)

    [0m [90m 1109 |[39m
     [90m 1110 |[39m   } [36mcatch[39m (error) {
    [31m[1m>[22m[39m[90m 1111 |[39m     
console[33m.[39merror([32m'TTS error:'[39m[33m,[39m error)[33m;[39m
     [90m      |[39m             [31m[1m^[22m[39m
     [90m 1112 |[39m     
res[33m.[39mstatus([35m500[39m)[33m.[39mjson({ 
     [90m 1113 |[39m       error[33m:[39m 
error[33m.[39mmessage[33m,[39m 
     [90m 1114 |[39m       text[33m:[39m [32m`ΓÜá∩╕Å Text-to-Speech 
error: ${error.message}`[39m [0m

      at error (server.js:1111:13)

    console.error
      TTS error: TypeError: response.buffer is not a function
          at buffer (C:\Users\rober\Desktop\UNIMEDIA_WEBSITE\server.js:1103:40)
          at processTicksAndRejections 
(node:internal/process/task_queues:103:5)

    [0m [90m 1109 |[39m
     [90m 1110 |[39m   } [36mcatch[39m (error) {
    [31m[1m>[22m[39m[90m 1111 |[39m     
console[33m.[39merror([32m'TTS error:'[39m[33m,[39m error)[33m;[39m
     [90m      |[39m             [31m[1m^[22m[39m
     [90m 1112 |[39m     
res[33m.[39mstatus([35m500[39m)[33m.[39mjson({ 
     [90m 1113 |[39m       error[33m:[39m 
error[33m.[39mmessage[33m,[39m 
     [90m 1114 |[39m       text[33m:[39m [32m`ΓÜá∩╕Å Text-to-Speech 
error: ${error.message}`[39m [0m

      at error (server.js:1111:13)

    console.error
      TTS error: TypeError: response.buffer is not a function
          at buffer (C:\Users\rober\Desktop\UNIMEDIA_WEBSITE\server.js:1103:40)
          at processTicksAndRejections 
(node:internal/process/task_queues:103:5)

    [0m [90m 1109 |[39m
     [90m 1110 |[39m   } [36mcatch[39m (error) {
    [31m[1m>[22m[39m[90m 1111 |[39m     
console[33m.[39merror([32m'TTS error:'[39m[33m,[39m error)[33m;[39m
     [90m      |[39m             [31m[1m^[22m[39m
     [90m 1112 |[39m     
res[33m.[39mstatus([35m500[39m)[33m.[39mjson({ 
     [90m 1113 |[39m       error[33m:[39m 
error[33m.[39mmessage[33m,[39m 
     [90m 1114 |[39m       text[33m:[39m [32m`ΓÜá∩╕Å Text-to-Speech 
error: ${error.message}`[39m [0m

      at error (server.js:1111:13)

    console.error
      TTS error: TypeError: response.buffer is not a function
          at buffer (C:\Users\rober\Desktop\UNIMEDIA_WEBSITE\server.js:1103:40)
          at processTicksAndRejections 
(node:internal/process/task_queues:103:5)

    [0m [90m 1109 |[39m
     [90m 1110 |[39m   } [36mcatch[39m (error) {
    [31m[1m>[22m[39m[90m 1111 |[39m     
console[33m.[39merror([32m'TTS error:'[39m[33m,[39m error)[33m;[39m
     [90m      |[39m             [31m[1m^[22m[39m
     [90m 1112 |[39m     
res[33m.[39mstatus([35m500[39m)[33m.[39mjson({ 
     [90m 1113 |[39m       error[33m:[39m 
error[33m.[39mmessage[33m,[39m 
     [90m 1114 |[39m       text[33m:[39m [32m`ΓÜá∩╕Å Text-to-Speech 
error: ${error.message}`[39m [0m

      at error (server.js:1111:13)

    console.error
      TTS error: TypeError: response.buffer is not a function
          at buffer (C:\Users\rober\Desktop\UNIMEDIA_WEBSITE\server.js:1103:40)
          at processTicksAndRejections 
(node:internal/process/task_queues:103:5)

    [0m [90m 1109 |[39m
     [90m 1110 |[39m   } [36mcatch[39m (error) {
    [31m[1m>[22m[39m[90m 1111 |[39m     
console[33m.[39merror([32m'TTS error:'[39m[33m,[39m error)[33m;[39m
     [90m      |[39m             [31m[1m^[22m[39m
     [90m 1112 |[39m     
res[33m.[39mstatus([35m500[39m)[33m.[39mjson({ 
     [90m 1113 |[39m       error[33m:[39m 
error[33m.[39mmessage[33m,[39m 
     [90m 1114 |[39m       text[33m:[39m [32m`ΓÜá∩╕Å Text-to-Speech 
error: ${error.message}`[39m [0m

      at error (server.js:1111:13)

    console.error
      TTS error: TypeError: response.buffer is not a function
          at buffer (C:\Users\rober\Desktop\UNIMEDIA_WEBSITE\server.js:1103:40)
          at processTicksAndRejections 
(node:internal/process/task_queues:103:5)

    [0m [90m 1109 |[39m
     [90m 1110 |[39m   } [36mcatch[39m (error) {
    [31m[1m>[22m[39m[90m 1111 |[39m     
console[33m.[39merror([32m'TTS error:'[39m[33m,[39m error)[33m;[39m
     [90m      |[39m             [31m[1m^[22m[39m
     [90m 1112 |[39m     
res[33m.[39mstatus([35m500[39m)[33m.[39mjson({ 
     [90m 1113 |[39m       error[33m:[39m 
error[33m.[39mmessage[33m,[39m 
     [90m 1114 |[39m       text[33m:[39m [32m`ΓÜá∩╕Å Text-to-Speech 
error: ${error.message}`[39m [0m

      at error (server.js:1111:13)

    console.error
      TTS error: TypeError: response.buffer is not a function
          at buffer (C:\Users\rober\Desktop\UNIMEDIA_WEBSITE\server.js:1103:40)
          at processTicksAndRejections 
(node:internal/process/task_queues:103:5)

    [0m [90m 1109 |[39m
     [90m 1110 |[39m   } [36mcatch[39m (error) {
    [31m[1m>[22m[39m[90m 1111 |[39m     
console[33m.[39merror([32m'TTS error:'[39m[33m,[39m error)[33m;[39m
     [90m      |[39m             [31m[1m^[22m[39m
     [90m 1112 |[39m     
res[33m.[39mstatus([35m500[39m)[33m.[39mjson({ 
     [90m 1113 |[39m       error[33m:[39m 
error[33m.[39mmessage[33m,[39m 
     [90m 1114 |[39m       text[33m:[39m [32m`ΓÜá∩╕Å Text-to-Speech 
error: ${error.message}`[39m [0m

      at error (server.js:1111:13)

    console.error
      Server error: Error: Network unavailable
          at Object.<anonymous> 
(C:\Users\rober\Desktop\UNIMEDIA_WEBSITE\__tests__\integration.test.js:36:27)
          at Promise.finally.completed (C:\Users\rober\Desktop\UNIMEDIA_WEBSITE
\node_modules\jest-circus\build\jestAdapterInit.js:1557:28)
          at new Promise (<anonymous>)
          at callAsyncCircusFn (C:\Users\rober\Desktop\UNIMEDIA_WEBSITE\node_mo
dules\jest-circus\build\jestAdapterInit.js:1497:10)
          at _callCircusHook (C:\Users\rober\Desktop\UNIMEDIA_WEBSITE\node_modu
les\jest-circus\build\jestAdapterInit.js:976:40)
          at processTicksAndRejections 
(node:internal/process/task_queues:103:5)
          at _runTest (C:\Users\rober\Desktop\UNIMEDIA_WEBSITE\node_modules\jes
t-circus\build\jestAdapterInit.js:941:5)
          at C:\Users\rober\Desktop\UNIMEDIA_WEBSITE\node_modules\jest-circus\b
uild\jestAdapterInit.js:849:7
          at _runTestsForDescribeBlock (C:\Users\rober\Desktop\UNIMEDIA_WEBSITE
\node_modules\jest-circus\build\jestAdapterInit.js:862:11)
          at _runTestsForDescribeBlock (C:\Users\rober\Desktop\UNIMEDIA_WEBSITE
\node_modules\jest-circus\build\jestAdapterInit.js:857:11)
          at _runTestsForDescribeBlock (C:\Users\rober\Desktop\UNIMEDIA_WEBSITE
\node_modules\jest-circus\build\jestAdapterInit.js:857:11)
          at run (C:\Users\rober\Desktop\UNIMEDIA_WEBSITE\node_modules\jest-cir
cus\build\jestAdapterInit.js:761:3)
          at runAndTransformResultsToJestFormat (C:\Users\rober\Desktop\UNIMEDI
A_WEBSITE\node_modules\jest-circus\build\jestAdapterInit.js:1918:21)
          at jestAdapter (C:\Users\rober\Desktop\UNIMEDIA_WEBSITE\node_modules\
jest-circus\build\runner.js:101:19)
          at runTestInternal (C:\Users\rober\Desktop\UNIMEDIA_WEBSITE\node_modu
les\jest-runner\build\testWorker.js:275:16)
          at runTest (C:\Users\rober\Desktop\UNIMEDIA_WEBSITE\node_modules\jest
-runner\build\testWorker.js:343:7)
          at Object.worker (C:\Users\rober\Desktop\UNIMEDIA_WEBSITE\node_module
s\jest-runner\build\testWorker.js:497:12)

    [0m [90m 251 |[39m
     [90m 252 |[39m   } [36mcatch[39m (error) {
    [31m[1m>[22m[39m[90m 253 |[39m     
console[33m.[39merror([32m'Server error:'[39m[33m,[39m error)[33m;[39m
     [90m     |[39m             [31m[1m^[22m[39m
     [90m 254 |[39m     res[33m.[39mstatus([35m500[39m)[33m.[39mjson({
     [90m 255 |[39m       error[33m:[39m error[33m.[39mmessage[33m,[39m
     [90m 256 |[39m       source[33m:[39m [32m'local'[39m[33m,[39m[0m

      at error (server.js:253:13)

    console.error
      Server error: Error: Network unavailable
          at Object.<anonymous> 
(C:\Users\rober\Desktop\UNIMEDIA_WEBSITE\__tests__\integration.test.js:36:27)
          at Promise.finally.completed (C:\Users\rober\Desktop\UNIMEDIA_WEBSITE
\node_modules\jest-circus\build\jestAdapterInit.js:1557:28)
          at new Promise (<anonymous>)
          at callAsyncCircusFn (C:\Users\rober\Desktop\UNIMEDIA_WEBSITE\node_mo
dules\jest-circus\build\jestAdapterInit.js:1497:10)
          at _callCircusHook (C:\Users\rober\Desktop\UNIMEDIA_WEBSITE\node_modu
les\jest-circus\build\jestAdapterInit.js:976:40)
          at processTicksAndRejections 
(node:internal/process/task_queues:103:5)
          at _runTest (C:\Users\rober\Desktop\UNIMEDIA_WEBSITE\node_modules\jes
t-circus\build\jestAdapterInit.js:941:5)
          at C:\Users\rober\Desktop\UNIMEDIA_WEBSITE\node_modules\jest-circus\b
uild\jestAdapterInit.js:849:7
          at _runTestsForDescribeBlock (C:\Users\rober\Desktop\UNIMEDIA_WEBSITE
\node_modules\jest-circus\build\jestAdapterInit.js:862:11)
          at _runTestsForDescribeBlock (C:\Users\rober\Desktop\UNIMEDIA_WEBSITE
\node_modules\jest-circus\build\jestAdapterInit.js:857:11)
          at _runTestsForDescribeBlock (C:\Users\rober\Desktop\UNIMEDIA_WEBSITE
\node_modules\jest-circus\build\jestAdapterInit.js:857:11)
          at run (C:\Users\rober\Desktop\UNIMEDIA_WEBSITE\node_modules\jest-cir
cus\build\jestAdapterInit.js:761:3)
          at runAndTransformResultsToJestFormat (C:\Users\rober\Desktop\UNIMEDI
A_WEBSITE\node_modules\jest-circus\build\jestAdapterInit.js:1918:21)
          at jestAdapter (C:\Users\rober\Desktop\UNIMEDIA_WEBSITE\node_modules\
jest-circus\build\runner.js:101:19)
          at runTestInternal (C:\Users\rober\Desktop\UNIMEDIA_WEBSITE\node_modu
les\jest-runner\build\testWorker.js:275:16)
          at runTest (C:\Users\rober\Desktop\UNIMEDIA_WEBSITE\node_modules\jest
-runner\build\testWorker.js:343:7)
          at Object.worker (C:\Users\rober\Desktop\UNIMEDIA_WEBSITE\node_module
s\jest-runner\build\testWorker.js:497:12)

    [0m [90m 251 |[39m
     [90m 252 |[39m   } [36mcatch[39m (error) {
    [31m[1m>[22m[39m[90m 253 |[39m     
console[33m.[39merror([32m'Server error:'[39m[33m,[39m error)[33m;[39m
     [90m     |[39m             [31m[1m^[22m[39m
     [90m 254 |[39m     res[33m.[39mstatus([35m500[39m)[33m.[39mjson({
     [90m 255 |[39m       error[33m:[39m error[33m.[39mmessage[33m,[39m
     [90m 256 |[39m       source[33m:[39m [32m'local'[39m[33m,[39m[0m

      at error (server.js:253:13)

    console.log
      
      ΓòöΓòÉΓòÉΓòÉΓòÉΓòÉΓòÉΓòÉΓòÉΓòÉΓòÉΓòÉΓòÉΓòÉΓòÉΓòÉΓòÉΓòÉΓòÉΓòÉΓòÉΓòÉΓòÉΓòÉΓ
òÉΓòÉΓòÉΓòÉΓòÉΓòÉΓòÉΓòÉΓòÉΓòÉΓòÉΓòÉΓòÉΓòÉΓòÉΓòÉΓòÉΓòÉΓòÉΓòÉΓòÉΓòÉΓòÉΓòÉΓòÉΓòù

      at log (server.js:270:13)

    console.log
      Γòæ         /api/document REQUEST RECEIVED          Γòæ

      at log (server.js:271:13)

    console.log
      ΓòÜΓòÉΓòÉΓòÉΓòÉΓòÉΓòÉΓòÉΓòÉΓòÉΓòÉΓòÉΓòÉΓòÉΓòÉΓòÉΓòÉΓòÉΓòÉΓòÉΓòÉΓòÉΓòÉΓòÉΓ
òÉΓòÉΓòÉΓòÉΓòÉΓòÉΓòÉΓòÉΓòÉΓòÉΓòÉΓòÉΓòÉΓòÉΓòÉΓòÉΓòÉΓòÉΓòÉΓòÉΓòÉΓòÉΓòÉΓòÉΓòÉΓò¥

      at log (server.js:272:13)

    console.log
      File uploaded: document.txt

      at log (server.js:273:13)

    console.log
      File size: 16 bytes

      at log (server.js:274:13)

    console.log
      Form fields received: [ 'apiKey', 'summaryType' ]

      at log (server.js:275:13)

    console.log


      at log (server.js:276:13)

    console.log
      API KEY DETAILED CHECK:

      at log (server.js:277:13)

    console.log
        - Received apiKey (raw): gsk_test123

      at log (server.js:278:13)

    console.log
        - apiKey type: string

      at log (server.js:279:13)

    console.log
        - apiKey length: 11

      at log (server.js:280:13)

    console.log
        - apiKey is empty string: false

      at log (server.js:281:13)

    console.log
        - apiKey is null: false

      at log (server.js:282:13)

    console.log
        - apiKey is undefined: false

      at log (server.js:283:13)

    console.log
        - apiKey trimmed: gsk_test123

      at log (server.js:284:13)

    console.log
        - apiKey trimmed length: 11

      at log (server.js:285:13)

    console.log
        - Starts with gsk_: true

      at log (server.js:286:13)

    console.log
        - First 15 chars: gsk_test123

      at log (server.js:287:13)

    console.log


      at log (server.js:288:13)

    console.log
      Summary options:

      at log (server.js:289:13)

    console.log
        - summaryType: standard

      at log (server.js:290:13)

    console.log
        - analysisDepth: normal

      at log (server.js:291:13)

    console.log
        - extractMetadata: undefined

      at log (server.js:292:13)

    console.log
        - highlightKeywords: undefined

      at log (server.js:293:13)

    console.log


      at log (server.js:294:13)

    console.log
      API KEY RESOLUTION:

      at log (server.js:303:13)

    console.log
        - Using form apiKey: true

      at log (server.js:304:13)

    console.log
        - apiKeyToUse value: gsk_test123...

      at log (server.js:305:13)

    console.log
        - apiKeyToUse length: 11

      at log (server.js:306:13)

    console.log


      at log (server.js:307:13)

    console.log
      Γ£ô VALIDATION PASSED: API key looks valid

      at log (server.js:321:13)

    console.log


      at log (server.js:322:13)

    console.error
      TTS error: TypeError: response.buffer is not a function
          at buffer (C:\Users\rober\Desktop\UNIMEDIA_WEBSITE\server.js:1103:40)
          at processTicksAndRejections 
(node:internal/process/task_queues:103:5)

    [0m [90m 1109 |[39m
     [90m 1110 |[39m   } [36mcatch[39m (error) {
    [31m[1m>[22m[39m[90m 1111 |[39m     
console[33m.[39merror([32m'TTS error:'[39m[33m,[39m error)[33m;[39m
     [90m      |[39m             [31m[1m^[22m[39m
     [90m 1112 |[39m     
res[33m.[39mstatus([35m500[39m)[33m.[39mjson({ 
     [90m 1113 |[39m       error[33m:[39m 
error[33m.[39mmessage[33m,[39m 
     [90m 1114 |[39m       text[33m:[39m [32m`ΓÜá∩╕Å Text-to-Speech 
error: ${error.message}`[39m [0m

      at error (server.js:1111:13)

    console.error
      Server error: Error: Timeout
          at Object.<anonymous> 
(C:\Users\rober\Desktop\UNIMEDIA_WEBSITE\__tests__\integration.test.js:716:35)
          at Promise.finally.completed (C:\Users\rober\Desktop\UNIMEDIA_WEBSITE
\node_modules\jest-circus\build\jestAdapterInit.js:1557:28)
          at new Promise (<anonymous>)
          at callAsyncCircusFn (C:\Users\rober\Desktop\UNIMEDIA_WEBSITE\node_mo
dules\jest-circus\build\jestAdapterInit.js:1497:10)
          at _callCircusTest (C:\Users\rober\Desktop\UNIMEDIA_WEBSITE\node_modu
les\jest-circus\build\jestAdapterInit.js:1007:40)
          at processTicksAndRejections 
(node:internal/process/task_queues:103:5)
          at _runTest (C:\Users\rober\Desktop\UNIMEDIA_WEBSITE\node_modules\jes
t-circus\build\jestAdapterInit.js:947:3)
          at C:\Users\rober\Desktop\UNIMEDIA_WEBSITE\node_modules\jest-circus\b
uild\jestAdapterInit.js:849:7
          at _runTestsForDescribeBlock (C:\Users\rober\Desktop\UNIMEDIA_WEBSITE
\node_modules\jest-circus\build\jestAdapterInit.js:862:11)
          at _runTestsForDescribeBlock (C:\Users\rober\Desktop\UNIMEDIA_WEBSITE
\node_modules\jest-circus\build\jestAdapterInit.js:857:11)
          at _runTestsForDescribeBlock (C:\Users\rober\Desktop\UNIMEDIA_WEBSITE
\node_modules\jest-circus\build\jestAdapterInit.js:857:11)
          at run (C:\Users\rober\Desktop\UNIMEDIA_WEBSITE\node_modules\jest-cir
cus\build\jestAdapterInit.js:761:3)
          at runAndTransformResultsToJestFormat (C:\Users\rober\Desktop\UNIMEDI
A_WEBSITE\node_modules\jest-circus\build\jestAdapterInit.js:1918:21)
          at jestAdapter (C:\Users\rober\Desktop\UNIMEDIA_WEBSITE\node_modules\
jest-circus\build\runner.js:101:19)
          at runTestInternal (C:\Users\rober\Desktop\UNIMEDIA_WEBSITE\node_modu
les\jest-runner\build\testWorker.js:275:16)
          at runTest (C:\Users\rober\Desktop\UNIMEDIA_WEBSITE\node_modules\jest
-runner\build\testWorker.js:343:7)
          at Object.worker (C:\Users\rober\Desktop\UNIMEDIA_WEBSITE\node_module
s\jest-runner\build\testWorker.js:497:12)

    [0m [90m 251 |[39m
     [90m 252 |[39m   } [36mcatch[39m (error) {
    [31m[1m>[22m[39m[90m 253 |[39m     
console[33m.[39merror([32m'Server error:'[39m[33m,[39m error)[33m;[39m
     [90m     |[39m             [31m[1m^[22m[39m
     [90m 254 |[39m     res[33m.[39mstatus([35m500[39m)[33m.[39mjson({
     [90m 255 |[39m       error[33m:[39m error[33m.[39mmessage[33m,[39m
     [90m 256 |[39m       source[33m:[39m [32m'local'[39m[33m,[39m[0m

      at error (server.js:253:13)

    console.error
      Server error: Error: Service down
          at Object.<anonymous> 
(C:\Users\rober\Desktop\UNIMEDIA_WEBSITE\__tests__\integration.test.js:746:35)
          at Promise.finally.completed (C:\Users\rober\Desktop\UNIMEDIA_WEBSITE
\node_modules\jest-circus\build\jestAdapterInit.js:1557:28)
          at new Promise (<anonymous>)
          at callAsyncCircusFn (C:\Users\rober\Desktop\UNIMEDIA_WEBSITE\node_mo
dules\jest-circus\build\jestAdapterInit.js:1497:10)
          at _callCircusTest (C:\Users\rober\Desktop\UNIMEDIA_WEBSITE\node_modu
les\jest-circus\build\jestAdapterInit.js:1007:40)
          at processTicksAndRejections 
(node:internal/process/task_queues:103:5)
          at _runTest (C:\Users\rober\Desktop\UNIMEDIA_WEBSITE\node_modules\jes
t-circus\build\jestAdapterInit.js:947:3)
          at C:\Users\rober\Desktop\UNIMEDIA_WEBSITE\node_modules\jest-circus\b
uild\jestAdapterInit.js:849:7
          at _runTestsForDescribeBlock (C:\Users\rober\Desktop\UNIMEDIA_WEBSITE
\node_modules\jest-circus\build\jestAdapterInit.js:862:11)
          at _runTestsForDescribeBlock (C:\Users\rober\Desktop\UNIMEDIA_WEBSITE
\node_modules\jest-circus\build\jestAdapterInit.js:857:11)
          at _runTestsForDescribeBlock (C:\Users\rober\Desktop\UNIMEDIA_WEBSITE
\node_modules\jest-circus\build\jestAdapterInit.js:857:11)
          at run (C:\Users\rober\Desktop\UNIMEDIA_WEBSITE\node_modules\jest-cir
cus\build\jestAdapterInit.js:761:3)
          at runAndTransformResultsToJestFormat (C:\Users\rober\Desktop\UNIMEDI
A_WEBSITE\node_modules\jest-circus\build\jestAdapterInit.js:1918:21)
          at jestAdapter (C:\Users\rober\Desktop\UNIMEDIA_WEBSITE\node_modules\
jest-circus\build\runner.js:101:19)
          at runTestInternal (C:\Users\rober\Desktop\UNIMEDIA_WEBSITE\node_modu
les\jest-runner\build\testWorker.js:275:16)
          at runTest (C:\Users\rober\Desktop\UNIMEDIA_WEBSITE\node_modules\jest
-runner\build\testWorker.js:343:7)
          at Object.worker (C:\Users\rober\Desktop\UNIMEDIA_WEBSITE\node_module
s\jest-runner\build\testWorker.js:497:12)

    [0m [90m 251 |[39m
     [90m 252 |[39m   } [36mcatch[39m (error) {
    [31m[1m>[22m[39m[90m 253 |[39m     
console[33m.[39merror([32m'Server error:'[39m[33m,[39m error)[33m;[39m
     [90m     |[39m             [31m[1m^[22m[39m
     [90m 254 |[39m     res[33m.[39mstatus([35m500[39m)[33m.[39mjson({
     [90m 255 |[39m       error[33m:[39m error[33m.[39mmessage[33m,[39m
     [90m 256 |[39m       source[33m:[39m [32m'local'[39m[33m,[39m[0m

      at error (server.js:253:13)

    console.log
      
      ΓòöΓòÉΓòÉΓòÉΓòÉΓòÉΓòÉΓòÉΓòÉΓòÉΓòÉΓòÉΓòÉΓòÉΓòÉΓòÉΓòÉΓòÉΓòÉΓòÉΓòÉΓòÉΓòÉΓòÉΓ
òÉΓòÉΓòÉΓòÉΓòÉΓòÉΓòÉΓòÉΓòÉΓòÉΓòÉΓòÉΓòÉΓòÉΓòÉΓòÉΓòÉΓòÉΓòÉΓòÉΓòÉΓòÉΓòÉΓòÉΓòÉΓòù

      at Object.log (__tests__/integration.test.js:778:11)

    console.log
      Γòæ     INTEGRATION TEST SUITE EXECUTION COMPLETE   Γòæ

      at Object.log (__tests__/integration.test.js:779:11)

    console.log
      ΓòÜΓòÉΓòÉΓòÉΓòÉΓòÉΓòÉΓòÉΓòÉΓòÉΓòÉΓòÉΓòÉΓòÉΓòÉΓòÉΓòÉΓòÉΓòÉΓòÉΓòÉΓòÉΓòÉΓòÉΓ
òÉΓòÉΓòÉΓòÉΓòÉΓòÉΓòÉΓòÉΓòÉΓòÉΓòÉΓòÉΓòÉΓòÉΓòÉΓòÉΓòÉΓòÉΓòÉΓòÉΓòÉΓòÉΓòÉΓòÉΓòÉΓò¥

      at Object.log (__tests__/integration.test.js:780:11)

    console.log
      
      Integration Tests Cover:

      at Object.log (__tests__/integration.test.js:781:11)

    console.log
        Γ£ô Multi-step workflows (document, audio, AI)

      at Object.log (__tests__/integration.test.js:782:11)

    console.log
        Γ£ô Service interactions & API consistency

      at Object.log (__tests__/integration.test.js:783:11)

    console.log
        Γ£ô Concurrent operations & load handling

      at Object.log (__tests__/integration.test.js:784:11)

    console.log
        Γ£ô API gateway routing & request validation

      at Object.log (__tests__/integration.test.js:785:11)

    console.log
        Γ£ô Data validation & transformation pipeline

      at Object.log (__tests__/integration.test.js:786:11)

    console.log
        Γ£ô End-to-end user scenarios

      at Object.log (__tests__/integration.test.js:787:11)

    console.log
        Γ£ô Error recovery & resilience

      at Object.log (__tests__/integration.test.js:788:11)

    console.log
        Γ£ô Cross-service error handling

      at Object.log (__tests__/integration.test.js:789:11)

    console.log


      at Object.log (__tests__/integration.test.js:790:11)

  ΓùÅ INTEGRATION TESTS ΓÇö Service Interactions ΓÇ║ 2.1 API Key Validation 
Integration ΓÇ║ should consistently validate API key across all endpoints

    expect(received).toBe(expected) // Object.is equality

    Expected: 400
    Received: 500

    [0m [90m 247 |[39m       expect(invalidKeyRes1[33m.[39mstatusCode)[33
m.[39mtoBe([35m400[39m)[33m;[39m
     [90m 248 |[39m       expect(invalidKeyRes2[33m.[39mstatusCode)[33m.[
39mtoBe([35m400[39m)[33m;[39m
    [31m[1m>[22m[39m[90m 249 |[39m       expect(invalidKeyRes3[33m.[39m
statusCode)[33m.[39mtoBe([35m400[39m)[33m;[39m
     [90m     |[39m                                         
[31m[1m^[22m[39m
     [90m 250 |[39m     })[33m;[39m
     [90m 251 |[39m
     [90m 252 |[39m     it([32m'should accept valid API key across all 
endpoints'[39m[33m,[39m [36masync[39m () [33m=>[39m {[0m

      at Object.toBe (__tests__/integration.test.js:249:41)

  ΓùÅ INTEGRATION TESTS ΓÇö Service Interactions ΓÇ║ 2.2 Request/Response Data 
Flow ΓÇ║ should handle large data transfers without corruption

    expect(received).toContain(expected) // indexOf

    Expected value: 400
    Received array: [200, 413]

    [0m [90m 308 |[39m         [33m.[39msend({ text[33m:[39m largeText 
})[33m;[39m
     [90m 309 |[39m
    [31m[1m>[22m[39m[90m 310 |[39m       
expect([[35m200[39m[33m,[39m 
[35m413[39m])[33m.[39mtoContain(res[33m.[39mstatusCode)[33m;[39m
     [90m     |[39m                          [31m[1m^[22m[39m
     [90m 311 |[39m     })[33m;[39m
     [90m 312 |[39m   })[33m;[39m
     [90m 313 |[39m[0m

      at Object.toContain (__tests__/integration.test.js:310:26)

  ΓùÅ INTEGRATION TESTS ΓÇö Service Interactions ΓÇ║ 2.3 Cross-Service Error 
Handling ΓÇ║ should isolate failures to specific services

    expect(received).toBe(expected) // Object.is equality

    Expected: 200
    Received: 500

    [0m [90m 346 |[39m         [33m.[39mpost([32m'/api/tts'[39m)
     [90m 347 |[39m         [33m.[39msend({ text[33m:[39m 
[32m'Test'[39m })[33m;[39m
    [31m[1m>[22m[39m[90m 348 |[39m       
expect(ttsRes[33m.[39mstatusCode)[33m.[39mtoBe([35m200[39m)[33m;[39m
     [90m     |[39m                                 [31m[1m^[22m[39m
     [90m 349 |[39m     })[33m;[39m
     [90m 350 |[39m
     [90m 351 |[39m     it([32m'should provide consistent error format 
across all endpoints'[39m[33m,[39m [36masync[39m () [33m=>[39m {[0m

      at Object.toBe (__tests__/integration.test.js:348:33)

  ΓùÅ INTEGRATION TESTS ΓÇö Concurrent Operations ΓÇ║ 3.2 Resource Management 
Under Load ΓÇ║ should handle rapid-fire requests to same endpoint

    expect(received).toBeGreaterThanOrEqual(expected)

    Expected: >= 8
    Received:    0

    [0m [90m 481 |[39m       [36mconst[39m results [33m=[39m 
[36mawait[39m [33mPromise[39m[33m.[39mall(promises)[33m;[39m
     [90m 482 |[39m       [36mconst[39m successCount [33m=[39m 
results[33m.[39mfilter(r [33m=>[39m r[33m.[39mstatusCode [33m===[39m 
[35m200[39m)[33m.[39mlength[33m;[39m
    [31m[1m>[22m[39m[90m 483 |[39m       
expect(successCount)[33m.[39mtoBeGreaterThanOrEqual([35m8[39m)[33m;[39m
     [90m     |[39m                            [31m[1m^[22m[39m
     [90m 484 |[39m     })[33m;[39m
     [90m 485 |[39m   })[33m;[39m
     [90m 486 |[39m })[33m;[39m[0m

      at Object.toBeGreaterThanOrEqual (__tests__/integration.test.js:483:28)

  ΓùÅ INTEGRATION TESTS ΓÇö API Gateway & Routing ΓÇ║ 4.1 Correct Endpoint 
Routing ΓÇ║ should distinguish between GET and POST requests

    TypeError: expect(...).toNotBe is not a function

    [0m [90m 526 |[39m         [33m.[39mpost([32m'/health'[39m)
     [90m 527 |[39m         [33m.[39msend({ test[33m:[39m 
[32m'data'[39m })[33m;[39m
    [31m[1m>[22m[39m[90m 528 |[39m       expect(postRes[33m.[39mstatusC
ode)[33m.[39mtoNotBe([35m200[39m)[33m;[39m
     [90m     |[39m                                  [31m[1m^[22m[39m
     [90m 529 |[39m     })[33m;[39m
     [90m 530 |[39m   })[33m;[39m
     [90m 531 |[39m[0m

      at Object.toNotBe (__tests__/integration.test.js:528:34)

  ΓùÅ INTEGRATION TESTS ΓÇö Data Validation & Transformation ΓÇ║ 5.1 Input 
Validation Pipeline ΓÇ║ should handle null and undefined values gracefully

    expect(received).toBe(expected) // Object.is equality

    Expected: 400
    Received: 500

    [0m [90m 605 |[39m         [33m.[39msend({ prompt[33m:[39m 
undefined[33m,[39m apiKey[33m:[39m [32m'gsk_test123'[39m })[33m;[39m
     [90m 606 |[39m
    [31m[1m>[22m[39m[90m 607 |[39m       
expect(res1[33m.[39mstatusCode)[33m.[39mtoBe([35m400[39m)[33m;[39m
     [90m     |[39m                               [31m[1m^[22m[39m
     [90m 608 |[39m       
expect(res2[33m.[39mstatusCode)[33m.[39mtoBe([35m400[39m)[33m;[39m
     [90m 609 |[39m     })[33m;[39m
     [90m 610 |[39m   })[33m;[39m[0m

      at Object.toBe (__tests__/integration.test.js:607:31)

  ΓùÅ INTEGRATION TESTS ΓÇö End-to-End Scenarios ΓÇ║ 6.1 Complete User Journey 
Scenarios ΓÇ║ should execute media conversion workflow

    expect(received).toBe(expected) // Object.is equality

    Expected: 200
    Received: 500

    [0m [90m 703 |[39m         [33m.[39mpost([32m'/api/tts'[39m)
     [90m 704 |[39m         [33m.[39msend({ text[33m:[39m 
[32m'Converted text'[39m })[33m;[39m
    [31m[1m>[22m[39m[90m 705 |[39m       
expect(tts[33m.[39mstatusCode)[33m.[39mtoBe([35m200[39m)[33m;[39m
     [90m     |[39m                              [31m[1m^[22m[39m
     [90m 706 |[39m     })[33m;[39m
     [90m 707 |[39m   })[33m;[39m
     [90m 708 |[39m[0m

      at Object.toBe (__tests__/integration.test.js:705:30)

PASS __tests__/rubric.test.js
  ΓùÅ Console

    console.error
      Transcription error: Error: Groq API unreachable
          at Object.<anonymous> 
(C:\Users\rober\Desktop\UNIMEDIA_WEBSITE\__tests__\rubric.test.js:65:31)
          at Promise.finally.completed (C:\Users\rober\Desktop\UNIMEDIA_WEBSITE
\node_modules\jest-circus\build\jestAdapterInit.js:1557:28)
          at new Promise (<anonymous>)
          at callAsyncCircusFn (C:\Users\rober\Desktop\UNIMEDIA_WEBSITE\node_mo
dules\jest-circus\build\jestAdapterInit.js:1497:10)
          at _callCircusTest (C:\Users\rober\Desktop\UNIMEDIA_WEBSITE\node_modu
les\jest-circus\build\jestAdapterInit.js:1007:40)
          at processTicksAndRejections 
(node:internal/process/task_queues:103:5)
          at _runTest (C:\Users\rober\Desktop\UNIMEDIA_WEBSITE\node_modules\jes
t-circus\build\jestAdapterInit.js:947:3)
          at C:\Users\rober\Desktop\UNIMEDIA_WEBSITE\node_modules\jest-circus\b
uild\jestAdapterInit.js:849:7
          at _runTestsForDescribeBlock (C:\Users\rober\Desktop\UNIMEDIA_WEBSITE
\node_modules\jest-circus\build\jestAdapterInit.js:862:11)
          at _runTestsForDescribeBlock (C:\Users\rober\Desktop\UNIMEDIA_WEBSITE
\node_modules\jest-circus\build\jestAdapterInit.js:857:11)
          at _runTestsForDescribeBlock (C:\Users\rober\Desktop\UNIMEDIA_WEBSITE
\node_modules\jest-circus\build\jestAdapterInit.js:857:11)
          at run (C:\Users\rober\Desktop\UNIMEDIA_WEBSITE\node_modules\jest-cir
cus\build\jestAdapterInit.js:761:3)
          at runAndTransformResultsToJestFormat (C:\Users\rober\Desktop\UNIMEDI
A_WEBSITE\node_modules\jest-circus\build\jestAdapterInit.js:1918:21)
          at jestAdapter (C:\Users\rober\Desktop\UNIMEDIA_WEBSITE\node_modules\
jest-circus\build\runner.js:101:19)
          at runTestInternal (C:\Users\rober\Desktop\UNIMEDIA_WEBSITE\node_modu
les\jest-runner\build\testWorker.js:275:16)
          at runTest (C:\Users\rober\Desktop\UNIMEDIA_WEBSITE\node_modules\jest
-runner\build\testWorker.js:343:7)
          at Object.worker (C:\Users\rober\Desktop\UNIMEDIA_WEBSITE\node_module
s\jest-runner\build\testWorker.js:497:12)

    [0m [90m 174 |[39m
     [90m 175 |[39m   } [36mcatch[39m (error) {
    [31m[1m>[22m[39m[90m 176 |[39m     
console[33m.[39merror([32m'Transcription error:'[39m[33m,[39m 
error)[33m;[39m
     [90m     |[39m             [31m[1m^[22m[39m
     [90m 177 |[39m     res[33m.[39mstatus([35m500[39m)[33m.[39mjson({
     [90m 178 |[39m       error[33m:[39m error[33m.[39mmessage[33m,[39m
     [90m 179 |[39m       text[33m:[39m [32m`ΓÜá∩╕Å Transcription Error: 
${error.message}`[39m[0m

      at error (server.js:176:13)

    console.error
      Groq Whisper Error: { error: { message: 'Invalid API key' } }

    [0m [90m 157 |[39m     [36mif[39m ([33m![39mresponse[33m.[39mok) {
     [90m 158 |[39m       [36mconst[39m errorData [33m=[39m 
[36mawait[39m response[33m.[39mjson()[33m.[39m[36mcatch[39m(() 
[33m=>[39m ({}))[33m;[39m
    [31m[1m>[22m[39m[90m 159 |[39m       
console[33m.[39merror([32m'Groq Whisper Error:'[39m[33m,[39m 
errorData)[33m;[39m
     [90m     |[39m               [31m[1m^[22m[39m
     [90m 160 |[39m       [36mreturn[39m 
res[33m.[39mstatus(response[33m.[39mstatus)[33m.[39mjson({
     [90m 161 |[39m         error[33m:[39m 
errorData[33m.[39merror[33m?[39m[33m.[39mmessage [33m||[39m 
[32m'Transcription failed'[39m[33m,[39m
     [90m 162 |[39m         text[33m:[39m [32m`ΓÜá∩╕Å Transcription 
Error: ${errorData.error?.message || 'Failed to transcribe audio. Make sure 
the file is a valid audio format (MP3, WAV, M4A, OGG).'}`[39m[0m

      at error (server.js:159:15)

    console.error
      TTS error: Error: TTS network failure
          at Object.<anonymous> 
(C:\Users\rober\Desktop\UNIMEDIA_WEBSITE\__tests__\rubric.test.js:121:31)
          at Promise.finally.completed (C:\Users\rober\Desktop\UNIMEDIA_WEBSITE
\node_modules\jest-circus\build\jestAdapterInit.js:1557:28)
          at new Promise (<anonymous>)
          at callAsyncCircusFn (C:\Users\rober\Desktop\UNIMEDIA_WEBSITE\node_mo
dules\jest-circus\build\jestAdapterInit.js:1497:10)
          at _callCircusTest (C:\Users\rober\Desktop\UNIMEDIA_WEBSITE\node_modu
les\jest-circus\build\jestAdapterInit.js:1007:40)
          at processTicksAndRejections 
(node:internal/process/task_queues:103:5)
          at _runTest (C:\Users\rober\Desktop\UNIMEDIA_WEBSITE\node_modules\jes
t-circus\build\jestAdapterInit.js:947:3)
          at C:\Users\rober\Desktop\UNIMEDIA_WEBSITE\node_modules\jest-circus\b
uild\jestAdapterInit.js:849:7
          at _runTestsForDescribeBlock (C:\Users\rober\Desktop\UNIMEDIA_WEBSITE
\node_modules\jest-circus\build\jestAdapterInit.js:862:11)
          at _runTestsForDescribeBlock (C:\Users\rober\Desktop\UNIMEDIA_WEBSITE
\node_modules\jest-circus\build\jestAdapterInit.js:857:11)
          at _runTestsForDescribeBlock (C:\Users\rober\Desktop\UNIMEDIA_WEBSITE
\node_modules\jest-circus\build\jestAdapterInit.js:857:11)
          at run (C:\Users\rober\Desktop\UNIMEDIA_WEBSITE\node_modules\jest-cir
cus\build\jestAdapterInit.js:761:3)
          at runAndTransformResultsToJestFormat (C:\Users\rober\Desktop\UNIMEDI
A_WEBSITE\node_modules\jest-circus\build\jestAdapterInit.js:1918:21)
          at jestAdapter (C:\Users\rober\Desktop\UNIMEDIA_WEBSITE\node_modules\
jest-circus\build\runner.js:101:19)
          at runTestInternal (C:\Users\rober\Desktop\UNIMEDIA_WEBSITE\node_modu
les\jest-runner\build\testWorker.js:275:16)
          at runTest (C:\Users\rober\Desktop\UNIMEDIA_WEBSITE\node_modules\jest
-runner\build\testWorker.js:343:7)
          at Object.worker (C:\Users\rober\Desktop\UNIMEDIA_WEBSITE\node_module
s\jest-runner\build\testWorker.js:497:12)

    [0m [90m 1109 |[39m
     [90m 1110 |[39m   } [36mcatch[39m (error) {
    [31m[1m>[22m[39m[90m 1111 |[39m     
console[33m.[39merror([32m'TTS error:'[39m[33m,[39m error)[33m;[39m
     [90m      |[39m             [31m[1m^[22m[39m
     [90m 1112 |[39m     
res[33m.[39mstatus([35m500[39m)[33m.[39mjson({ 
     [90m 1113 |[39m       error[33m:[39m 
error[33m.[39mmessage[33m,[39m 
     [90m 1114 |[39m       text[33m:[39m [32m`ΓÜá∩╕Å Text-to-Speech 
error: ${error.message}`[39m [0m

      at error (server.js:1111:13)

    console.error
      Server error: Error: Groq down
          at Object.<anonymous> 
(C:\Users\rober\Desktop\UNIMEDIA_WEBSITE\__tests__\rubric.test.js:157:31)
          at Promise.finally.completed (C:\Users\rober\Desktop\UNIMEDIA_WEBSITE
\node_modules\jest-circus\build\jestAdapterInit.js:1557:28)
          at new Promise (<anonymous>)
          at callAsyncCircusFn (C:\Users\rober\Desktop\UNIMEDIA_WEBSITE\node_mo
dules\jest-circus\build\jestAdapterInit.js:1497:10)
          at _callCircusTest (C:\Users\rober\Desktop\UNIMEDIA_WEBSITE\node_modu
les\jest-circus\build\jestAdapterInit.js:1007:40)
          at processTicksAndRejections 
(node:internal/process/task_queues:103:5)
          at _runTest (C:\Users\rober\Desktop\UNIMEDIA_WEBSITE\node_modules\jes
t-circus\build\jestAdapterInit.js:947:3)
          at C:\Users\rober\Desktop\UNIMEDIA_WEBSITE\node_modules\jest-circus\b
uild\jestAdapterInit.js:849:7
          at _runTestsForDescribeBlock (C:\Users\rober\Desktop\UNIMEDIA_WEBSITE
\node_modules\jest-circus\build\jestAdapterInit.js:862:11)
          at _runTestsForDescribeBlock (C:\Users\rober\Desktop\UNIMEDIA_WEBSITE
\node_modules\jest-circus\build\jestAdapterInit.js:857:11)
          at _runTestsForDescribeBlock (C:\Users\rober\Desktop\UNIMEDIA_WEBSITE
\node_modules\jest-circus\build\jestAdapterInit.js:857:11)
          at run (C:\Users\rober\Desktop\UNIMEDIA_WEBSITE\node_modules\jest-cir
cus\build\jestAdapterInit.js:761:3)
          at runAndTransformResultsToJestFormat (C:\Users\rober\Desktop\UNIMEDI
A_WEBSITE\node_modules\jest-circus\build\jestAdapterInit.js:1918:21)
          at jestAdapter (C:\Users\rober\Desktop\UNIMEDIA_WEBSITE\node_modules\
jest-circus\build\runner.js:101:19)
          at runTestInternal (C:\Users\rober\Desktop\UNIMEDIA_WEBSITE\node_modu
les\jest-runner\build\testWorker.js:275:16)
          at runTest (C:\Users\rober\Desktop\UNIMEDIA_WEBSITE\node_modules\jest
-runner\build\testWorker.js:343:7)
          at Object.worker (C:\Users\rober\Desktop\UNIMEDIA_WEBSITE\node_module
s\jest-runner\build\testWorker.js:497:12)

    [0m [90m 251 |[39m
     [90m 252 |[39m   } [36mcatch[39m (error) {
    [31m[1m>[22m[39m[90m 253 |[39m     
console[33m.[39merror([32m'Server error:'[39m[33m,[39m error)[33m;[39m
     [90m     |[39m             [31m[1m^[22m[39m
     [90m 254 |[39m     res[33m.[39mstatus([35m500[39m)[33m.[39mjson({
     [90m 255 |[39m       error[33m:[39m error[33m.[39mmessage[33m,[39m
     [90m 256 |[39m       source[33m:[39m [32m'local'[39m[33m,[39m[0m

      at error (server.js:253:13)

    console.log
      
      ΓòöΓòÉΓòÉΓòÉΓòÉΓòÉΓòÉΓòÉΓòÉΓòÉΓòÉΓòÉΓòÉΓòÉΓòÉΓòÉΓòÉΓòÉΓòÉΓòÉΓòÉΓòÉΓòÉΓòÉΓ
òÉΓòÉΓòÉΓòÉΓòÉΓòÉΓòÉΓòÉΓòÉΓòÉΓòÉΓòÉΓòÉΓòÉΓòÉΓòÉΓòÉΓòÉΓòÉΓòÉΓòÉΓòÉΓòÉΓòÉΓòÉΓòù

      at log (server.js:270:13)

    console.log
      Γòæ         /api/document REQUEST RECEIVED          Γòæ

      at log (server.js:271:13)

    console.log
      ΓòÜΓòÉΓòÉΓòÉΓòÉΓòÉΓòÉΓòÉΓòÉΓòÉΓòÉΓòÉΓòÉΓòÉΓòÉΓòÉΓòÉΓòÉΓòÉΓòÉΓòÉΓòÉΓòÉΓòÉΓ
òÉΓòÉΓòÉΓòÉΓòÉΓòÉΓòÉΓòÉΓòÉΓòÉΓòÉΓòÉΓòÉΓòÉΓòÉΓòÉΓòÉΓòÉΓòÉΓòÉΓòÉΓòÉΓòÉΓòÉΓòÉΓò¥

      at log (server.js:272:13)

    console.log
      File uploaded: undefined

      at log (server.js:273:13)

    console.log
      File size: undefined bytes

      at log (server.js:274:13)

    console.log
      Form fields received: [ 'apiKey' ]

      at log (server.js:275:13)

    console.log


      at log (server.js:276:13)

    console.log
      API KEY DETAILED CHECK:

      at log (server.js:277:13)

    console.log
        - Received apiKey (raw): gsk_testkey000000000000

      at log (server.js:278:13)

    console.log
        - apiKey type: string

      at log (server.js:279:13)

    console.log
        - apiKey length: 23

      at log (server.js:280:13)

    console.log
        - apiKey is empty string: false

      at log (server.js:281:13)

    console.log
        - apiKey is null: false

      at log (server.js:282:13)

    console.log
        - apiKey is undefined: false

      at log (server.js:283:13)

    console.log
        - apiKey trimmed: gsk_testkey000000000000

      at log (server.js:284:13)

    console.log
        - apiKey trimmed length: 23

      at log (server.js:285:13)

    console.log
        - Starts with gsk_: true

      at log (server.js:286:13)

    console.log
        - First 15 chars: gsk_testkey0000

      at log (server.js:287:13)

    console.log


      at log (server.js:288:13)

    console.log
      Summary options:

      at log (server.js:289:13)

    console.log
        - summaryType: standard

      at log (server.js:290:13)

    console.log
        - analysisDepth: normal

      at log (server.js:291:13)

    console.log
        - extractMetadata: undefined

      at log (server.js:292:13)

    console.log
        - highlightKeywords: undefined

      at log (server.js:293:13)

    console.log


      at log (server.js:294:13)

    console.log
      
      ΓòöΓòÉΓòÉΓòÉΓòÉΓòÉΓòÉΓòÉΓòÉΓòÉΓòÉΓòÉΓòÉΓòÉΓòÉΓòÉΓòÉΓòÉΓòÉΓòÉΓòÉΓòÉΓòÉΓòÉΓ
òÉΓòÉΓòÉΓòÉΓòÉΓòÉΓòÉΓòÉΓòÉΓòÉΓòÉΓòÉΓòÉΓòÉΓòÉΓòÉΓòÉΓòÉΓòÉΓòÉΓòÉΓòÉΓòÉΓòÉΓòÉΓòù

      at log (server.js:270:13)

    console.log
      Γòæ         /api/document REQUEST RECEIVED          Γòæ

      at log (server.js:271:13)

    console.log
      ΓòÜΓòÉΓòÉΓòÉΓòÉΓòÉΓòÉΓòÉΓòÉΓòÉΓòÉΓòÉΓòÉΓòÉΓòÉΓòÉΓòÉΓòÉΓòÉΓòÉΓòÉΓòÉΓòÉΓòÉΓ
òÉΓòÉΓòÉΓòÉΓòÉΓòÉΓòÉΓòÉΓòÉΓòÉΓòÉΓòÉΓòÉΓòÉΓòÉΓòÉΓòÉΓòÉΓòÉΓòÉΓòÉΓòÉΓòÉΓòÉΓòÉΓò¥

      at log (server.js:272:13)

    console.log
      File uploaded: a.txt

      at log (server.js:273:13)

    console.log
      File size: 5 bytes

      at log (server.js:274:13)

    console.log
      Form fields received: []

      at log (server.js:275:13)

    console.log


      at log (server.js:276:13)

    console.log
      API KEY DETAILED CHECK:

      at log (server.js:277:13)

    console.log
        - Received apiKey (raw): undefined

      at log (server.js:278:13)

    console.log
        - apiKey type: undefined

      at log (server.js:279:13)

    console.log
        - apiKey length: NULL/UNDEFINED

      at log (server.js:280:13)

    console.log
        - apiKey is empty string: false

      at log (server.js:281:13)

    console.log
        - apiKey is null: false

      at log (server.js:282:13)

    console.log
        - apiKey is undefined: true

      at log (server.js:283:13)

    console.log
        - apiKey trimmed: NO TRIM METHOD

      at log (server.js:284:13)

    console.log
        - apiKey trimmed length: 0

      at log (server.js:285:13)

    console.log
        - Starts with gsk_: false

      at log (server.js:286:13)

    console.log
        - First 15 chars: N/A

      at log (server.js:287:13)

    console.log


      at log (server.js:288:13)

    console.log
      Summary options:

      at log (server.js:289:13)

    console.log
        - summaryType: standard

      at log (server.js:290:13)

    console.log
        - analysisDepth: normal

      at log (server.js:291:13)

    console.log
        - extractMetadata: undefined

      at log (server.js:292:13)

    console.log
        - highlightKeywords: undefined

      at log (server.js:293:13)

    console.log


      at log (server.js:294:13)

    console.log
      API KEY RESOLUTION:

      at log (server.js:303:13)

    console.log
        - Using form apiKey: false

      at log (server.js:304:13)

    console.log
        - apiKeyToUse value: NULL

      at log (server.js:305:13)

    console.log
        - apiKeyToUse length: 0

      at log (server.js:306:13)

    console.log


      at log (server.js:307:13)

    console.log
      Γ¥î VALIDATION FAILED: No API key available

      at log (server.js:310:15)

    console.log
         - form apiKey: NOT SENT

      at log (server.js:311:15)

    console.log
      
      ΓòöΓòÉΓòÉΓòÉΓòÉΓòÉΓòÉΓòÉΓòÉΓòÉΓòÉΓòÉΓòÉΓòÉΓòÉΓòÉΓòÉΓòÉΓòÉΓòÉΓòÉΓòÉΓòÉΓòÉΓ
òÉΓòÉΓòÉΓòÉΓòÉΓòÉΓòÉΓòÉΓòÉΓòÉΓòÉΓòÉΓòÉΓòÉΓòÉΓòÉΓòÉΓòÉΓòÉΓòÉΓòÉΓòÉΓòÉΓòÉΓòÉΓòù

      at log (server.js:270:13)

    console.log
      Γòæ         /api/document REQUEST RECEIVED          Γòæ

      at log (server.js:271:13)

    console.log
      ΓòÜΓòÉΓòÉΓòÉΓòÉΓòÉΓòÉΓòÉΓòÉΓòÉΓòÉΓòÉΓòÉΓòÉΓòÉΓòÉΓòÉΓòÉΓòÉΓòÉΓòÉΓòÉΓòÉΓòÉΓ
òÉΓòÉΓòÉΓòÉΓòÉΓòÉΓòÉΓòÉΓòÉΓòÉΓòÉΓòÉΓòÉΓòÉΓòÉΓòÉΓòÉΓòÉΓòÉΓòÉΓòÉΓòÉΓòÉΓòÉΓòÉΓò¥

      at log (server.js:272:13)

    console.log
      File uploaded: a.txt

      at log (server.js:273:13)

    console.log
      File size: 5 bytes

      at log (server.js:274:13)

    console.log
      Form fields received: [ 'apiKey' ]

      at log (server.js:275:13)

    console.log


      at log (server.js:276:13)

    console.log
      API KEY DETAILED CHECK:

      at log (server.js:277:13)

    console.log
        - Received apiKey (raw): INVALID_KEY

      at log (server.js:278:13)

    console.log
        - apiKey type: string

      at log (server.js:279:13)

    console.log
        - apiKey length: 11

      at log (server.js:280:13)

    console.log
        - apiKey is empty string: false

      at log (server.js:281:13)

    console.log
        - apiKey is null: false

      at log (server.js:282:13)

    console.log
        - apiKey is undefined: false

      at log (server.js:283:13)

    console.log
        - apiKey trimmed: INVALID_KEY

      at log (server.js:284:13)

    console.log
        - apiKey trimmed length: 11

      at log (server.js:285:13)

    console.log
        - Starts with gsk_: false

      at log (server.js:286:13)

    console.log
        - First 15 chars: INVALID_KEY

      at log (server.js:287:13)

    console.log


      at log (server.js:288:13)

    console.log
      Summary options:

      at log (server.js:289:13)

    console.log
        - summaryType: standard

      at log (server.js:290:13)

    console.log
        - analysisDepth: normal

      at log (server.js:291:13)

    console.log
        - extractMetadata: undefined

      at log (server.js:292:13)

    console.log
        - highlightKeywords: undefined

      at log (server.js:293:13)

    console.log


      at log (server.js:294:13)

    console.log
      API KEY RESOLUTION:

      at log (server.js:303:13)

    console.log
        - Using form apiKey: true

      at log (server.js:304:13)

    console.log
        - apiKeyToUse value: INVALID_KEY...

      at log (server.js:305:13)

    console.log
        - apiKeyToUse length: 11

      at log (server.js:306:13)

    console.log


      at log (server.js:307:13)

    console.log
      Γ¥î VALIDATION FAILED: Invalid API key format

      at log (server.js:316:15)

    console.log
         - apiKeyToUse starts with: INVALID_KE

      at log (server.js:317:15)

    console.log
      
      ΓòöΓòÉΓòÉΓòÉΓòÉΓòÉΓòÉΓòÉΓòÉΓòÉΓòÉΓòÉΓòÉΓòÉΓòÉΓòÉΓòÉΓòÉΓòÉΓòÉΓòÉΓòÉΓòÉΓòÉΓ
òÉΓòÉΓòÉΓòÉΓòÉΓòÉΓòÉΓòÉΓòÉΓòÉΓòÉΓòÉΓòÉΓòÉΓòÉΓòÉΓòÉΓòÉΓòÉΓòÉΓòÉΓòÉΓòÉΓòÉΓòÉΓòù

      at log (server.js:270:13)

    console.log
      Γòæ         /api/document REQUEST RECEIVED          Γòæ

      at log (server.js:271:13)

    console.log
      ΓòÜΓòÉΓòÉΓòÉΓòÉΓòÉΓòÉΓòÉΓòÉΓòÉΓòÉΓòÉΓòÉΓòÉΓòÉΓòÉΓòÉΓòÉΓòÉΓòÉΓòÉΓòÉΓòÉΓòÉΓ
òÉΓòÉΓòÉΓòÉΓòÉΓòÉΓòÉΓòÉΓòÉΓòÉΓòÉΓòÉΓòÉΓòÉΓòÉΓòÉΓòÉΓòÉΓòÉΓòÉΓòÉΓòÉΓòÉΓòÉΓòÉΓò¥

      at log (server.js:272:13)

    console.log
      File uploaded: x.exe

      at log (server.js:273:13)

    console.log
      File size: 4 bytes

      at log (server.js:274:13)

    console.log
      Form fields received: [ 'apiKey' ]

      at log (server.js:275:13)

    console.log


      at log (server.js:276:13)

    console.log
      API KEY DETAILED CHECK:

      at log (server.js:277:13)

    console.log
        - Received apiKey (raw): gsk_testkey000000000000

      at log (server.js:278:13)

    console.log
        - apiKey type: string

      at log (server.js:279:13)

    console.log
        - apiKey length: 23

      at log (server.js:280:13)

    console.log
        - apiKey is empty string: false

      at log (server.js:281:13)

    console.log
        - apiKey is null: false

      at log (server.js:282:13)

    console.log
        - apiKey is undefined: false

      at log (server.js:283:13)

    console.log
        - apiKey trimmed: gsk_testkey000000000000

      at log (server.js:284:13)

    console.log
        - apiKey trimmed length: 23

      at log (server.js:285:13)

    console.log
        - Starts with gsk_: true

      at log (server.js:286:13)

    console.log
        - First 15 chars: gsk_testkey0000

      at log (server.js:287:13)

    console.log


      at log (server.js:288:13)

    console.log
      Summary options:

      at log (server.js:289:13)

    console.log
        - summaryType: standard

      at log (server.js:290:13)

    console.log
        - analysisDepth: normal

      at log (server.js:291:13)

    console.log
        - extractMetadata: undefined

      at log (server.js:292:13)

    console.log
        - highlightKeywords: undefined

      at log (server.js:293:13)

    console.log


      at log (server.js:294:13)

    console.log
      API KEY RESOLUTION:

      at log (server.js:303:13)

    console.log
        - Using form apiKey: true

      at log (server.js:304:13)

    console.log
        - apiKeyToUse value: gsk_testkey0000...

      at log (server.js:305:13)

    console.log
        - apiKeyToUse length: 23

      at log (server.js:306:13)

    console.log


      at log (server.js:307:13)

    console.log
      Γ£ô VALIDATION PASSED: API key looks valid

      at log (server.js:321:13)

    console.log


      at log (server.js:322:13)

    console.log
      
      ΓòöΓòÉΓòÉΓòÉΓòÉΓòÉΓòÉΓòÉΓòÉΓòÉΓòÉΓòÉΓòÉΓòÉΓòÉΓòÉΓòÉΓòÉΓòÉΓòÉΓòÉΓòÉΓòÉΓòÉΓ
òÉΓòÉΓòÉΓòÉΓòÉΓòÉΓòÉΓòÉΓòÉΓòÉΓòÉΓòÉΓòÉΓòÉΓòÉΓòÉΓòÉΓòÉΓòÉΓòÉΓòÉΓòÉΓòÉΓòÉΓòÉΓòù

      at log (server.js:270:13)

    console.log
      Γòæ         /api/document REQUEST RECEIVED          Γòæ

      at log (server.js:271:13)

    console.log
      ΓòÜΓòÉΓòÉΓòÉΓòÉΓòÉΓòÉΓòÉΓòÉΓòÉΓòÉΓòÉΓòÉΓòÉΓòÉΓòÉΓòÉΓòÉΓòÉΓòÉΓòÉΓòÉΓòÉΓòÉΓ
òÉΓòÉΓòÉΓòÉΓòÉΓòÉΓòÉΓòÉΓòÉΓòÉΓòÉΓòÉΓòÉΓòÉΓòÉΓòÉΓòÉΓòÉΓòÉΓòÉΓòÉΓòÉΓòÉΓòÉΓòÉΓò¥

      at log (server.js:272:13)

    console.log
      File uploaded: data.csv

      at log (server.js:273:13)

    console.log
      File size: 3 bytes

      at log (server.js:274:13)

    console.log
      Form fields received: [ 'apiKey' ]

      at log (server.js:275:13)

    console.log


      at log (server.js:276:13)

    console.log
      API KEY DETAILED CHECK:

      at log (server.js:277:13)

    console.log
        - Received apiKey (raw): gsk_testkey000000000000

      at log (server.js:278:13)

    console.log
        - apiKey type: string

      at log (server.js:279:13)

    console.log
        - apiKey length: 23

      at log (server.js:280:13)

    console.log
        - apiKey is empty string: false

      at log (server.js:281:13)

    console.log
        - apiKey is null: false

      at log (server.js:282:13)

    console.log
        - apiKey is undefined: false

      at log (server.js:283:13)

    console.log
        - apiKey trimmed: gsk_testkey000000000000

      at log (server.js:284:13)

    console.log
        - apiKey trimmed length: 23

      at log (server.js:285:13)

    console.log
        - Starts with gsk_: true

      at log (server.js:286:13)

    console.log
        - First 15 chars: gsk_testkey0000

      at log (server.js:287:13)

    console.log


      at log (server.js:288:13)

    console.log
      Summary options:

      at log (server.js:289:13)

    console.log
        - summaryType: standard

      at log (server.js:290:13)

    console.log
        - analysisDepth: normal

      at log (server.js:291:13)

    console.log
        - extractMetadata: undefined

      at log (server.js:292:13)

    console.log
        - highlightKeywords: undefined

      at log (server.js:293:13)

    console.log


      at log (server.js:294:13)

    console.log
      API KEY RESOLUTION:

      at log (server.js:303:13)

    console.log
        - Using form apiKey: true

      at log (server.js:304:13)

    console.log
        - apiKeyToUse value: gsk_testkey0000...

      at log (server.js:305:13)

    console.log
        - apiKeyToUse length: 23

      at log (server.js:306:13)

    console.log


      at log (server.js:307:13)

    console.log
      Γ£ô VALIDATION PASSED: API key looks valid

      at log (server.js:321:13)

    console.log


      at log (server.js:322:13)

    console.log
      
      ΓòöΓòÉΓòÉΓòÉΓòÉΓòÉΓòÉΓòÉΓòÉΓòÉΓòÉΓòÉΓòÉΓòÉΓòÉΓòÉΓòÉΓòÉΓòÉΓòÉΓòÉΓòÉΓòÉΓòÉΓ
òÉΓòÉΓòÉΓòÉΓòÉΓòÉΓòÉΓòÉΓòÉΓòÉΓòÉΓòÉΓòÉΓòÉΓòÉΓòÉΓòÉΓòÉΓòÉΓòÉΓòÉΓòÉΓòÉΓòÉΓòÉΓòù

      at log (server.js:270:13)

    console.log
      Γòæ         /api/document REQUEST RECEIVED          Γòæ

      at log (server.js:271:13)

    console.log
      ΓòÜΓòÉΓòÉΓòÉΓòÉΓòÉΓòÉΓòÉΓòÉΓòÉΓòÉΓòÉΓòÉΓòÉΓòÉΓòÉΓòÉΓòÉΓòÉΓòÉΓòÉΓòÉΓòÉΓòÉΓ
òÉΓòÉΓòÉΓòÉΓòÉΓòÉΓòÉΓòÉΓòÉΓòÉΓòÉΓòÉΓòÉΓòÉΓòÉΓòÉΓòÉΓòÉΓòÉΓòÉΓòÉΓòÉΓòÉΓòÉΓòÉΓò¥

      at log (server.js:272:13)

    console.log
      File uploaded: x.pptx

      at log (server.js:273:13)

    console.log
      File size: 4 bytes

      at log (server.js:274:13)

    console.log
      Form fields received: [ 'apiKey' ]

      at log (server.js:275:13)

    console.log


      at log (server.js:276:13)

    console.log
      API KEY DETAILED CHECK:

      at log (server.js:277:13)

    console.log
        - Received apiKey (raw): gsk_testkey000000000000

      at log (server.js:278:13)

    console.log
        - apiKey type: string

      at log (server.js:279:13)

    console.log
        - apiKey length: 23

      at log (server.js:280:13)

    console.log
        - apiKey is empty string: false

      at log (server.js:281:13)

    console.log
        - apiKey is null: false

      at log (server.js:282:13)

    console.log
        - apiKey is undefined: false

      at log (server.js:283:13)

    console.log
        - apiKey trimmed: gsk_testkey000000000000

      at log (server.js:284:13)

    console.log
        - apiKey trimmed length: 23

      at log (server.js:285:13)

    console.log
        - Starts with gsk_: true

      at log (server.js:286:13)

    console.log
        - First 15 chars: gsk_testkey0000

      at log (server.js:287:13)

    console.log


      at log (server.js:288:13)

    console.log
      Summary options:

      at log (server.js:289:13)

    console.log
        - summaryType: standard

      at log (server.js:290:13)

    console.log
        - analysisDepth: normal

      at log (server.js:291:13)

    console.log
        - extractMetadata: undefined

      at log (server.js:292:13)

    console.log
        - highlightKeywords: undefined

      at log (server.js:293:13)

    console.log


      at log (server.js:294:13)

    console.log
      API KEY RESOLUTION:

      at log (server.js:303:13)

    console.log
        - Using form apiKey: true

      at log (server.js:304:13)

    console.log
        - apiKeyToUse value: gsk_testkey0000...

      at log (server.js:305:13)

    console.log
        - apiKeyToUse length: 23

      at log (server.js:306:13)

    console.log


      at log (server.js:307:13)

    console.log
      Γ£ô VALIDATION PASSED: API key looks valid

      at log (server.js:321:13)

    console.log


      at log (server.js:322:13)

    console.log
      
      ΓòöΓòÉΓòÉΓòÉΓòÉΓòÉΓòÉΓòÉΓòÉΓòÉΓòÉΓòÉΓòÉΓòÉΓòÉΓòÉΓòÉΓòÉΓòÉΓòÉΓòÉΓòÉΓòÉΓòÉΓ
òÉΓòÉΓòÉΓòÉΓòÉΓòÉΓòÉΓòÉΓòÉΓòÉΓòÉΓòÉΓòÉΓòÉΓòÉΓòÉΓòÉΓòÉΓòÉΓòÉΓòÉΓòÉΓòÉΓòÉΓòÉΓòù

      at log (server.js:270:13)

    console.log
      Γòæ         /api/document REQUEST RECEIVED          Γòæ

      at log (server.js:271:13)

    console.log
      ΓòÜΓòÉΓòÉΓòÉΓòÉΓòÉΓòÉΓòÉΓòÉΓòÉΓòÉΓòÉΓòÉΓòÉΓòÉΓòÉΓòÉΓòÉΓòÉΓòÉΓòÉΓòÉΓòÉΓòÉΓ
òÉΓòÉΓòÉΓòÉΓòÉΓòÉΓòÉΓòÉΓòÉΓòÉΓòÉΓòÉΓòÉΓòÉΓòÉΓòÉΓòÉΓòÉΓòÉΓòÉΓòÉΓòÉΓòÉΓòÉΓòÉΓò¥

      at log (server.js:272:13)

    console.log
      File uploaded: notes.txt

      at log (server.js:273:13)

    console.log
      File size: 71 bytes

      at log (server.js:274:13)

    console.log
      Form fields received: [ 'apiKey', 'summaryType' ]

      at log (server.js:275:13)

    console.log


      at log (server.js:276:13)

    console.log
      API KEY DETAILED CHECK:

      at log (server.js:277:13)

    console.log
        - Received apiKey (raw): gsk_testkey000000000000

      at log (server.js:278:13)

    console.log
        - apiKey type: string

      at log (server.js:279:13)

    console.log
        - apiKey length: 23

      at log (server.js:280:13)

    console.log
        - apiKey is empty string: false

      at log (server.js:281:13)

    console.log
        - apiKey is null: false

      at log (server.js:282:13)

    console.log
        - apiKey is undefined: false

      at log (server.js:283:13)

    console.log
        - apiKey trimmed: gsk_testkey000000000000

      at log (server.js:284:13)

    console.log
        - apiKey trimmed length: 23

      at log (server.js:285:13)

    console.log
        - Starts with gsk_: true

      at log (server.js:286:13)

    console.log
        - First 15 chars: gsk_testkey0000

      at log (server.js:287:13)

    console.log


      at log (server.js:288:13)

    console.log
      Summary options:

      at log (server.js:289:13)

    console.log
        - summaryType: brief

      at log (server.js:290:13)

    console.log
        - analysisDepth: normal

      at log (server.js:291:13)

    console.log
        - extractMetadata: undefined

      at log (server.js:292:13)

    console.log
        - highlightKeywords: undefined

      at log (server.js:293:13)

    console.log


      at log (server.js:294:13)

    console.log
      API KEY RESOLUTION:

      at log (server.js:303:13)

    console.log
        - Using form apiKey: true

      at log (server.js:304:13)

    console.log
        - apiKeyToUse value: gsk_testkey0000...

      at log (server.js:305:13)

    console.log
        - apiKeyToUse length: 23

      at log (server.js:306:13)

    console.log


      at log (server.js:307:13)

    console.log
      Γ£ô VALIDATION PASSED: API key looks valid

      at log (server.js:321:13)

    console.log


      at log (server.js:322:13)

    console.log
      
      ΓòöΓòÉΓòÉΓòÉΓòÉΓòÉΓòÉΓòÉΓòÉΓòÉΓòÉΓòÉΓòÉΓòÉΓòÉΓòÉΓòÉΓòÉΓòÉΓòÉΓòÉΓòÉΓòÉΓòÉΓ
òÉΓòÉΓòÉΓòÉΓòÉΓòÉΓòÉΓòÉΓòÉΓòÉΓòÉΓòÉΓòÉΓòÉΓòÉΓòÉΓòÉΓòÉΓòÉΓòÉΓòÉΓòÉΓòÉΓòÉΓòÉΓòù

      at log (server.js:270:13)

    console.log
      Γòæ         /api/document REQUEST RECEIVED          Γòæ

      at log (server.js:271:13)

    console.log
      ΓòÜΓòÉΓòÉΓòÉΓòÉΓòÉΓòÉΓòÉΓòÉΓòÉΓòÉΓòÉΓòÉΓòÉΓòÉΓòÉΓòÉΓòÉΓòÉΓòÉΓòÉΓòÉΓòÉΓòÉΓ
òÉΓòÉΓòÉΓòÉΓòÉΓòÉΓòÉΓòÉΓòÉΓòÉΓòÉΓòÉΓòÉΓòÉΓòÉΓòÉΓòÉΓòÉΓòÉΓòÉΓòÉΓòÉΓòÉΓòÉΓòÉΓò¥

      at log (server.js:272:13)

    console.log
      File uploaded: notes.txt

      at log (server.js:273:13)

    console.log
      File size: 29 bytes

      at log (server.js:274:13)

    console.log
      Form fields received: [ 'apiKey' ]

      at log (server.js:275:13)

    console.log


      at log (server.js:276:13)

    console.log
      API KEY DETAILED CHECK:

      at log (server.js:277:13)

    console.log
        - Received apiKey (raw): gsk_testkey000000000000

      at log (server.js:278:13)

    console.log
        - apiKey type: string

      at log (server.js:279:13)

    console.log
        - apiKey length: 23

      at log (server.js:280:13)

    console.log
        - apiKey is empty string: false

      at log (server.js:281:13)

    console.log
        - apiKey is null: false

      at log (server.js:282:13)

    console.log
        - apiKey is undefined: false

      at log (server.js:283:13)

    console.log
        - apiKey trimmed: gsk_testkey000000000000

      at log (server.js:284:13)

    console.log
        - apiKey trimmed length: 23

      at log (server.js:285:13)

    console.log
        - Starts with gsk_: true

      at log (server.js:286:13)

    console.log
        - First 15 chars: gsk_testkey0000

      at log (server.js:287:13)

    console.log


      at log (server.js:288:13)

    console.log
      Summary options:

      at log (server.js:289:13)

    console.log
        - summaryType: standard

      at log (server.js:290:13)

    console.log
        - analysisDepth: normal

      at log (server.js:291:13)

    console.log
        - extractMetadata: undefined

      at log (server.js:292:13)

    console.log
        - highlightKeywords: undefined

      at log (server.js:293:13)

    console.log


      at log (server.js:294:13)

    console.log
      API KEY RESOLUTION:

      at log (server.js:303:13)

    console.log
        - Using form apiKey: true

      at log (server.js:304:13)

    console.log
        - apiKeyToUse value: gsk_testkey0000...

      at log (server.js:305:13)

    console.log
        - apiKeyToUse length: 23

      at log (server.js:306:13)

    console.log


      at log (server.js:307:13)

    console.log
      Γ£ô VALIDATION PASSED: API key looks valid

      at log (server.js:321:13)

    console.log


      at log (server.js:322:13)

    console.error
      Document processing error: Error: Groq API failed
          at Object.<anonymous> 
(C:\Users\rober\Desktop\UNIMEDIA_WEBSITE\__tests__\rubric.test.js:252:31)
          at Promise.finally.completed (C:\Users\rober\Desktop\UNIMEDIA_WEBSITE
\node_modules\jest-circus\build\jestAdapterInit.js:1557:28)
          at new Promise (<anonymous>)
          at callAsyncCircusFn (C:\Users\rober\Desktop\UNIMEDIA_WEBSITE\node_mo
dules\jest-circus\build\jestAdapterInit.js:1497:10)
          at _callCircusTest (C:\Users\rober\Desktop\UNIMEDIA_WEBSITE\node_modu
les\jest-circus\build\jestAdapterInit.js:1007:40)
          at processTicksAndRejections 
(node:internal/process/task_queues:103:5)
          at _runTest (C:\Users\rober\Desktop\UNIMEDIA_WEBSITE\node_modules\jes
t-circus\build\jestAdapterInit.js:947:3)
          at C:\Users\rober\Desktop\UNIMEDIA_WEBSITE\node_modules\jest-circus\b
uild\jestAdapterInit.js:849:7
          at _runTestsForDescribeBlock (C:\Users\rober\Desktop\UNIMEDIA_WEBSITE
\node_modules\jest-circus\build\jestAdapterInit.js:862:11)
          at _runTestsForDescribeBlock (C:\Users\rober\Desktop\UNIMEDIA_WEBSITE
\node_modules\jest-circus\build\jestAdapterInit.js:857:11)
          at _runTestsForDescribeBlock (C:\Users\rober\Desktop\UNIMEDIA_WEBSITE
\node_modules\jest-circus\build\jestAdapterInit.js:857:11)
          at run (C:\Users\rober\Desktop\UNIMEDIA_WEBSITE\node_modules\jest-cir
cus\build\jestAdapterInit.js:761:3)
          at runAndTransformResultsToJestFormat (C:\Users\rober\Desktop\UNIMEDI
A_WEBSITE\node_modules\jest-circus\build\jestAdapterInit.js:1918:21)
          at jestAdapter (C:\Users\rober\Desktop\UNIMEDIA_WEBSITE\node_modules\
jest-circus\build\runner.js:101:19)
          at runTestInternal (C:\Users\rober\Desktop\UNIMEDIA_WEBSITE\node_modu
les\jest-runner\build\testWorker.js:275:16)
          at runTest (C:\Users\rober\Desktop\UNIMEDIA_WEBSITE\node_modules\jest
-runner\build\testWorker.js:343:7)
          at Object.worker (C:\Users\rober\Desktop\UNIMEDIA_WEBSITE\node_module
s\jest-runner\build\testWorker.js:497:12)

    [0m [90m 532 |[39m     })[33m;[39m
     [90m 533 |[39m   } [36mcatch[39m (error) {
    [31m[1m>[22m[39m[90m 534 |[39m     
console[33m.[39merror([32m'Document processing error:'[39m[33m,[39m 
error)[33m;[39m
     [90m     |[39m             [31m[1m^[22m[39m
     [90m 535 |[39m     res[33m.[39mstatus([35m500[39m)[33m.[39mjson({ 
     [90m 536 |[39m       error[33m:[39m 
error[33m.[39mmessage[33m,[39m 
     [90m 537 |[39m       text[33m:[39m [32m`ΓÜá∩╕Å Error processing 
document: ${error.message}`[39m [0m

      at error (server.js:534:13)

    console.log
      
      ΓòöΓòÉΓòÉΓòÉΓòÉΓòÉΓòÉΓòÉΓòÉΓòÉΓòÉΓòÉΓòÉΓòÉΓòÉΓòÉΓòÉΓòÉΓòÉΓòÉΓòÉΓòÉΓòÉΓòÉΓ
òÉΓòÉΓòÉΓòÉΓòÉΓòÉΓòÉΓòÉΓòÉΓòÉΓòÉΓòÉΓòÉΓòÉΓòÉΓòÉΓòÉΓòÉΓòÉΓòÉΓòÉΓòÉΓòÉΓòÉΓòÉΓòù

      at log (server.js:270:13)

    console.log
      Γòæ         /api/document REQUEST RECEIVED          Γòæ

      at log (server.js:271:13)

    console.log
      ΓòÜΓòÉΓòÉΓòÉΓòÉΓòÉΓòÉΓòÉΓòÉΓòÉΓòÉΓòÉΓòÉΓòÉΓòÉΓòÉΓòÉΓòÉΓòÉΓòÉΓòÉΓòÉΓòÉΓòÉΓ
òÉΓòÉΓòÉΓòÉΓòÉΓòÉΓòÉΓòÉΓòÉΓòÉΓòÉΓòÉΓòÉΓòÉΓòÉΓòÉΓòÉΓòÉΓòÉΓòÉΓòÉΓòÉΓòÉΓòÉΓòÉΓò¥

      at log (server.js:272:13)

    console.log
      File uploaded: report.txt

      at log (server.js:273:13)

    console.log
      File size: 52 bytes

      at log (server.js:274:13)

    console.log
      Form fields received: [
        'apiKey',
        'summaryType',
        'analysisDepth',
        'extractMetadata',
        'highlightKeywords'
      ]

      at log (server.js:275:13)

    console.log


      at log (server.js:276:13)

    console.log
      API KEY DETAILED CHECK:

      at log (server.js:277:13)

    console.log
        - Received apiKey (raw): gsk_testkey000000000000

      at log (server.js:278:13)

    console.log
        - apiKey type: string

      at log (server.js:279:13)

    console.log
        - apiKey length: 23

      at log (server.js:280:13)

    console.log
        - apiKey is empty string: false

      at log (server.js:281:13)

    console.log
        - apiKey is null: false

      at log (server.js:282:13)

    console.log
        - apiKey is undefined: false

      at log (server.js:283:13)

    console.log
        - apiKey trimmed: gsk_testkey000000000000

      at log (server.js:284:13)

    console.log
        - apiKey trimmed length: 23

      at log (server.js:285:13)

    console.log
        - Starts with gsk_: true

      at log (server.js:286:13)

    console.log
        - First 15 chars: gsk_testkey0000

      at log (server.js:287:13)

    console.log


      at log (server.js:288:13)

    console.log
      Summary options:

      at log (server.js:289:13)

    console.log
        - summaryType: detailed

      at log (server.js:290:13)

    console.log
        - analysisDepth: deep

      at log (server.js:291:13)

    console.log
        - extractMetadata: true

      at log (server.js:292:13)

    console.log
        - highlightKeywords: true

      at log (server.js:293:13)

    console.log


      at log (server.js:294:13)

    console.log
      API KEY RESOLUTION:

      at log (server.js:303:13)

    console.log
        - Using form apiKey: true

      at log (server.js:304:13)

    console.log
        - apiKeyToUse value: gsk_testkey0000...

      at log (server.js:305:13)

    console.log
        - apiKeyToUse length: 23

      at log (server.js:306:13)

    console.log


      at log (server.js:307:13)

    console.log
      Γ£ô VALIDATION PASSED: API key looks valid

      at log (server.js:321:13)

    console.log


      at log (server.js:322:13)

    console.log
      
      ΓòöΓòÉΓòÉΓòÉΓòÉΓòÉΓòÉΓòÉΓòÉΓòÉΓòÉΓòÉΓòÉΓòÉΓòÉΓòÉΓòÉΓòÉΓòÉΓòÉΓòÉΓòÉΓòÉΓòÉΓ
òÉΓòÉΓòÉΓòÉΓòÉΓòÉΓòÉΓòÉΓòÉΓòÉΓòÉΓòÉΓòÉΓòÉΓòÉΓòÉΓòÉΓòÉΓòÉΓòÉΓòÉΓòÉΓòÉΓòÉΓòÉΓòù

      at log (server.js:270:13)

    console.log
      Γòæ         /api/document REQUEST RECEIVED          Γòæ

      at log (server.js:271:13)

    console.log
      ΓòÜΓòÉΓòÉΓòÉΓòÉΓòÉΓòÉΓòÉΓòÉΓòÉΓòÉΓòÉΓòÉΓòÉΓòÉΓòÉΓòÉΓòÉΓòÉΓòÉΓòÉΓòÉΓòÉΓòÉΓ
òÉΓòÉΓòÉΓòÉΓòÉΓòÉΓòÉΓòÉΓòÉΓòÉΓòÉΓòÉΓòÉΓòÉΓòÉΓòÉΓòÉΓòÉΓòÉΓòÉΓòÉΓòÉΓòÉΓòÉΓòÉΓò¥

      at log (server.js:272:13)

    console.log
      File uploaded: notes.txt

      at log (server.js:273:13)

    console.log
      File size: 31 bytes

      at log (server.js:274:13)

    console.log
      Form fields received: [ 'apiKey', 'analysisDepth' ]

      at log (server.js:275:13)

    console.log


      at log (server.js:276:13)

    console.log
      API KEY DETAILED CHECK:

      at log (server.js:277:13)

    console.log
        - Received apiKey (raw): gsk_testkey000000000000

      at log (server.js:278:13)

    console.log
        - apiKey type: string

      at log (server.js:279:13)

    console.log
        - apiKey length: 23

      at log (server.js:280:13)

    console.log
        - apiKey is empty string: false

      at log (server.js:281:13)

    console.log
        - apiKey is null: false

      at log (server.js:282:13)

    console.log
        - apiKey is undefined: false

      at log (server.js:283:13)

    console.log
        - apiKey trimmed: gsk_testkey000000000000

      at log (server.js:284:13)

    console.log
        - apiKey trimmed length: 23

      at log (server.js:285:13)

    console.log
        - Starts with gsk_: true

      at log (server.js:286:13)

    console.log
        - First 15 chars: gsk_testkey0000

      at log (server.js:287:13)

    console.log


      at log (server.js:288:13)

    console.log
      Summary options:

      at log (server.js:289:13)

    console.log
        - summaryType: standard

      at log (server.js:290:13)

    console.log
        - analysisDepth: shallow

      at log (server.js:291:13)

    console.log
        - extractMetadata: undefined

      at log (server.js:292:13)

    console.log
        - highlightKeywords: undefined

      at log (server.js:293:13)

    console.log


      at log (server.js:294:13)

    console.log
      API KEY RESOLUTION:

      at log (server.js:303:13)

    console.log
        - Using form apiKey: true

      at log (server.js:304:13)

    console.log
        - apiKeyToUse value: gsk_testkey0000...

      at log (server.js:305:13)

    console.log
        - apiKeyToUse length: 23

      at log (server.js:306:13)

    console.log


      at log (server.js:307:13)

    console.log
      Γ£ô VALIDATION PASSED: API key looks valid

      at log (server.js:321:13)

    console.log


      at log (server.js:322:13)

    console.log
      OCR.space error: [ 'Low resolution' ]

      at log (server.js:873:17)

    console.log
      OCR.space API failed: OCR network down

      at log (server.js:889:15)

    console.log
      OCR.space API failed: fetch is not a function

      at log (server.js:889:15)

    console.log
      OCR.space returned non-JSON response (HTML error page)

      at log (server.js:968:17)

    console.log
      OCR.space API error: Service returned HTML instead of JSON

      at log (server.js:992:15)

    console.log
      OCR.space processing error: [ 'Bad image' ]

      at log (server.js:975:17)

    console.log
      OCR.space API error: OCR service down

      at log (server.js:992:15)

    console.log
      ΓÜá∩╕Å Image exceeds 1024 KB (1.10 MB), compressing...

      at log (server.js:936:17)

    console.warn
      Image compression failed: Input buffer contains unsupported image format

    [0m [90m 42 |[39m     [36mreturn[39m buffer[33m;[39m
     [90m 43 |[39m   } [36mcatch[39m (error) {
    [31m[1m>[22m[39m[90m 44 |[39m     console[33m.[39mwarn([32m'Image 
compression failed:'[39m[33m,[39m error[33m.[39mmessage)[33m;[39m
     [90m    |[39m             [31m[1m^[22m[39m
     [90m 45 |[39m     [90m// Return original buffer if compression 
fails[39m
     [90m 46 |[39m     [36mreturn[39m imageBuffer[33m;[39m
     [90m 47 |[39m   }[0m

      at warn (server.js:44:13)
      at server.js:937:23

    console.log
      Processing video: v.mp4 (0.00 MB)

      at log (server.js:715:13)

    console.log
      Whisper API error: Format not supported

      at log (server.js:739:17)

    console.log
      Processing video: v.mp4 (0.00 MB)

      at log (server.js:715:13)

    console.error
      Video processing inner error: Network error

    [0m [90m 801 |[39m
     [90m 802 |[39m     } [36mcatch[39m (innerError) {
    [31m[1m>[22m[39m[90m 803 |[39m       
console[33m.[39merror([32m'Video processing inner error:'[39m[33m,[39m 
innerError[33m.[39mmessage)[33m;[39m
     [90m     |[39m               [31m[1m^[22m[39m
     [90m 804 |[39m       [36mthrow[39m innerError[33m;[39m
     [90m 805 |[39m     }
     [90m 806 |[39m[0m

      at error (server.js:803:15)

    console.error
      Video processing error: Network error

    [0m [90m 806 |[39m
     [90m 807 |[39m   } [36mcatch[39m (error) {
    [31m[1m>[22m[39m[90m 808 |[39m     
console[33m.[39merror([32m'Video processing error:'[39m[33m,[39m 
error[33m.[39mmessage)[33m;[39m
     [90m     |[39m             [31m[1m^[22m[39m
     [90m 809 |[39m     res[33m.[39mstatus([35m500[39m)[33m.[39mjson({
     [90m 810 |[39m       error[33m:[39m error[33m.[39mmessage[33m,[39m
     [90m 811 |[39m       text[33m:[39m [32m`ΓÜá∩╕Å Video processing 
error: ${error.message}`[39m[0m

      at error (server.js:808:13)

    console.error
      Transcription error: Error: Network unavailable
          at Object.<anonymous> 
(C:\Users\rober\Desktop\UNIMEDIA_WEBSITE\__tests__\rubric.test.js:18:27)
          at Promise.finally.completed (C:\Users\rober\Desktop\UNIMEDIA_WEBSITE
\node_modules\jest-circus\build\jestAdapterInit.js:1557:28)
          at new Promise (<anonymous>)
          at callAsyncCircusFn (C:\Users\rober\Desktop\UNIMEDIA_WEBSITE\node_mo
dules\jest-circus\build\jestAdapterInit.js:1497:10)
          at _callCircusHook (C:\Users\rober\Desktop\UNIMEDIA_WEBSITE\node_modu
les\jest-circus\build\jestAdapterInit.js:976:40)
          at processTicksAndRejections 
(node:internal/process/task_queues:103:5)
          at _runTest (C:\Users\rober\Desktop\UNIMEDIA_WEBSITE\node_modules\jes
t-circus\build\jestAdapterInit.js:941:5)
          at C:\Users\rober\Desktop\UNIMEDIA_WEBSITE\node_modules\jest-circus\b
uild\jestAdapterInit.js:849:7
          at _runTestsForDescribeBlock (C:\Users\rober\Desktop\UNIMEDIA_WEBSITE
\node_modules\jest-circus\build\jestAdapterInit.js:862:11)
          at _runTestsForDescribeBlock (C:\Users\rober\Desktop\UNIMEDIA_WEBSITE
\node_modules\jest-circus\build\jestAdapterInit.js:857:11)
          at _runTestsForDescribeBlock (C:\Users\rober\Desktop\UNIMEDIA_WEBSITE
\node_modules\jest-circus\build\jestAdapterInit.js:857:11)
          at run (C:\Users\rober\Desktop\UNIMEDIA_WEBSITE\node_modules\jest-cir
cus\build\jestAdapterInit.js:761:3)
          at runAndTransformResultsToJestFormat (C:\Users\rober\Desktop\UNIMEDI
A_WEBSITE\node_modules\jest-circus\build\jestAdapterInit.js:1918:21)
          at jestAdapter (C:\Users\rober\Desktop\UNIMEDIA_WEBSITE\node_modules\
jest-circus\build\runner.js:101:19)
          at runTestInternal (C:\Users\rober\Desktop\UNIMEDIA_WEBSITE\node_modu
les\jest-runner\build\testWorker.js:275:16)
          at runTest (C:\Users\rober\Desktop\UNIMEDIA_WEBSITE\node_modules\jest
-runner\build\testWorker.js:343:7)
          at Object.worker (C:\Users\rober\Desktop\UNIMEDIA_WEBSITE\node_module
s\jest-runner\build\testWorker.js:497:12)

    [0m [90m 174 |[39m
     [90m 175 |[39m   } [36mcatch[39m (error) {
    [31m[1m>[22m[39m[90m 176 |[39m     
console[33m.[39merror([32m'Transcription error:'[39m[33m,[39m 
error)[33m;[39m
     [90m     |[39m             [31m[1m^[22m[39m
     [90m 177 |[39m     res[33m.[39mstatus([35m500[39m)[33m.[39mjson({
     [90m 178 |[39m       error[33m:[39m error[33m.[39mmessage[33m,[39m
     [90m 179 |[39m       text[33m:[39m [32m`ΓÜá∩╕Å Transcription Error: 
${error.message}`[39m[0m

      at error (server.js:176:13)

    console.error
      Transcription error: Error: Network unavailable
          at Object.<anonymous> 
(C:\Users\rober\Desktop\UNIMEDIA_WEBSITE\__tests__\rubric.test.js:18:27)
          at Promise.finally.completed (C:\Users\rober\Desktop\UNIMEDIA_WEBSITE
\node_modules\jest-circus\build\jestAdapterInit.js:1557:28)
          at new Promise (<anonymous>)
          at callAsyncCircusFn (C:\Users\rober\Desktop\UNIMEDIA_WEBSITE\node_mo
dules\jest-circus\build\jestAdapterInit.js:1497:10)
          at _callCircusHook (C:\Users\rober\Desktop\UNIMEDIA_WEBSITE\node_modu
les\jest-circus\build\jestAdapterInit.js:976:40)
          at processTicksAndRejections 
(node:internal/process/task_queues:103:5)
          at _runTest (C:\Users\rober\Desktop\UNIMEDIA_WEBSITE\node_modules\jes
t-circus\build\jestAdapterInit.js:941:5)
          at C:\Users\rober\Desktop\UNIMEDIA_WEBSITE\node_modules\jest-circus\b
uild\jestAdapterInit.js:849:7
          at _runTestsForDescribeBlock (C:\Users\rober\Desktop\UNIMEDIA_WEBSITE
\node_modules\jest-circus\build\jestAdapterInit.js:862:11)
          at _runTestsForDescribeBlock (C:\Users\rober\Desktop\UNIMEDIA_WEBSITE
\node_modules\jest-circus\build\jestAdapterInit.js:857:11)
          at _runTestsForDescribeBlock (C:\Users\rober\Desktop\UNIMEDIA_WEBSITE
\node_modules\jest-circus\build\jestAdapterInit.js:857:11)
          at run (C:\Users\rober\Desktop\UNIMEDIA_WEBSITE\node_modules\jest-cir
cus\build\jestAdapterInit.js:761:3)
          at runAndTransformResultsToJestFormat (C:\Users\rober\Desktop\UNIMEDI
A_WEBSITE\node_modules\jest-circus\build\jestAdapterInit.js:1918:21)
          at jestAdapter (C:\Users\rober\Desktop\UNIMEDIA_WEBSITE\node_modules\
jest-circus\build\runner.js:101:19)
          at runTestInternal (C:\Users\rober\Desktop\UNIMEDIA_WEBSITE\node_modu
les\jest-runner\build\testWorker.js:275:16)
          at runTest (C:\Users\rober\Desktop\UNIMEDIA_WEBSITE\node_modules\jest
-runner\build\testWorker.js:343:7)
          at Object.worker (C:\Users\rober\Desktop\UNIMEDIA_WEBSITE\node_module
s\jest-runner\build\testWorker.js:497:12)

    [0m [90m 174 |[39m
     [90m 175 |[39m   } [36mcatch[39m (error) {
    [31m[1m>[22m[39m[90m 176 |[39m     
console[33m.[39merror([32m'Transcription error:'[39m[33m,[39m 
error)[33m;[39m
     [90m     |[39m             [31m[1m^[22m[39m
     [90m 177 |[39m     res[33m.[39mstatus([35m500[39m)[33m.[39mjson({
     [90m 178 |[39m       error[33m:[39m error[33m.[39mmessage[33m,[39m
     [90m 179 |[39m       text[33m:[39m [32m`ΓÜá∩╕Å Transcription Error: 
${error.message}`[39m[0m

      at error (server.js:176:13)

    console.error
      Transcription error: Error: Network unavailable
          at Object.<anonymous> 
(C:\Users\rober\Desktop\UNIMEDIA_WEBSITE\__tests__\rubric.test.js:18:27)
          at Promise.finally.completed (C:\Users\rober\Desktop\UNIMEDIA_WEBSITE
\node_modules\jest-circus\build\jestAdapterInit.js:1557:28)
          at new Promise (<anonymous>)
          at callAsyncCircusFn (C:\Users\rober\Desktop\UNIMEDIA_WEBSITE\node_mo
dules\jest-circus\build\jestAdapterInit.js:1497:10)
          at _callCircusHook (C:\Users\rober\Desktop\UNIMEDIA_WEBSITE\node_modu
les\jest-circus\build\jestAdapterInit.js:976:40)
          at processTicksAndRejections 
(node:internal/process/task_queues:103:5)
          at _runTest (C:\Users\rober\Desktop\UNIMEDIA_WEBSITE\node_modules\jes
t-circus\build\jestAdapterInit.js:941:5)
          at C:\Users\rober\Desktop\UNIMEDIA_WEBSITE\node_modules\jest-circus\b
uild\jestAdapterInit.js:849:7
          at _runTestsForDescribeBlock (C:\Users\rober\Desktop\UNIMEDIA_WEBSITE
\node_modules\jest-circus\build\jestAdapterInit.js:862:11)
          at _runTestsForDescribeBlock (C:\Users\rober\Desktop\UNIMEDIA_WEBSITE
\node_modules\jest-circus\build\jestAdapterInit.js:857:11)
          at _runTestsForDescribeBlock (C:\Users\rober\Desktop\UNIMEDIA_WEBSITE
\node_modules\jest-circus\build\jestAdapterInit.js:857:11)
          at run (C:\Users\rober\Desktop\UNIMEDIA_WEBSITE\node_modules\jest-cir
cus\build\jestAdapterInit.js:761:3)
          at runAndTransformResultsToJestFormat (C:\Users\rober\Desktop\UNIMEDI
A_WEBSITE\node_modules\jest-circus\build\jestAdapterInit.js:1918:21)
          at jestAdapter (C:\Users\rober\Desktop\UNIMEDIA_WEBSITE\node_modules\
jest-circus\build\runner.js:101:19)
          at runTestInternal (C:\Users\rober\Desktop\UNIMEDIA_WEBSITE\node_modu
les\jest-runner\build\testWorker.js:275:16)
          at runTest (C:\Users\rober\Desktop\UNIMEDIA_WEBSITE\node_modules\jest
-runner\build\testWorker.js:343:7)
          at Object.worker (C:\Users\rober\Desktop\UNIMEDIA_WEBSITE\node_module
s\jest-runner\build\testWorker.js:497:12)

    [0m [90m 174 |[39m
     [90m 175 |[39m   } [36mcatch[39m (error) {
    [31m[1m>[22m[39m[90m 176 |[39m     
console[33m.[39merror([32m'Transcription error:'[39m[33m,[39m 
error)[33m;[39m
     [90m     |[39m             [31m[1m^[22m[39m
     [90m 177 |[39m     res[33m.[39mstatus([35m500[39m)[33m.[39mjson({
     [90m 178 |[39m       error[33m:[39m error[33m.[39mmessage[33m,[39m
     [90m 179 |[39m       text[33m:[39m [32m`ΓÜá∩╕Å Transcription Error: 
${error.message}`[39m[0m

      at error (server.js:176:13)

    console.error
      Transcription error: Error: Network unavailable
          at Object.<anonymous> 
(C:\Users\rober\Desktop\UNIMEDIA_WEBSITE\__tests__\rubric.test.js:18:27)
          at Promise.finally.completed (C:\Users\rober\Desktop\UNIMEDIA_WEBSITE
\node_modules\jest-circus\build\jestAdapterInit.js:1557:28)
          at new Promise (<anonymous>)
          at callAsyncCircusFn (C:\Users\rober\Desktop\UNIMEDIA_WEBSITE\node_mo
dules\jest-circus\build\jestAdapterInit.js:1497:10)
          at _callCircusHook (C:\Users\rober\Desktop\UNIMEDIA_WEBSITE\node_modu
les\jest-circus\build\jestAdapterInit.js:976:40)
          at processTicksAndRejections 
(node:internal/process/task_queues:103:5)
          at _runTest (C:\Users\rober\Desktop\UNIMEDIA_WEBSITE\node_modules\jes
t-circus\build\jestAdapterInit.js:941:5)
          at C:\Users\rober\Desktop\UNIMEDIA_WEBSITE\node_modules\jest-circus\b
uild\jestAdapterInit.js:849:7
          at _runTestsForDescribeBlock (C:\Users\rober\Desktop\UNIMEDIA_WEBSITE
\node_modules\jest-circus\build\jestAdapterInit.js:862:11)
          at _runTestsForDescribeBlock (C:\Users\rober\Desktop\UNIMEDIA_WEBSITE
\node_modules\jest-circus\build\jestAdapterInit.js:857:11)
          at _runTestsForDescribeBlock (C:\Users\rober\Desktop\UNIMEDIA_WEBSITE
\node_modules\jest-circus\build\jestAdapterInit.js:857:11)
          at run (C:\Users\rober\Desktop\UNIMEDIA_WEBSITE\node_modules\jest-cir
cus\build\jestAdapterInit.js:761:3)
          at runAndTransformResultsToJestFormat (C:\Users\rober\Desktop\UNIMEDI
A_WEBSITE\node_modules\jest-circus\build\jestAdapterInit.js:1918:21)
          at jestAdapter (C:\Users\rober\Desktop\UNIMEDIA_WEBSITE\node_modules\
jest-circus\build\runner.js:101:19)
          at runTestInternal (C:\Users\rober\Desktop\UNIMEDIA_WEBSITE\node_modu
les\jest-runner\build\testWorker.js:275:16)
          at runTest (C:\Users\rober\Desktop\UNIMEDIA_WEBSITE\node_modules\jest
-runner\build\testWorker.js:343:7)
          at Object.worker (C:\Users\rober\Desktop\UNIMEDIA_WEBSITE\node_module
s\jest-runner\build\testWorker.js:497:12)

    [0m [90m 174 |[39m
     [90m 175 |[39m   } [36mcatch[39m (error) {
    [31m[1m>[22m[39m[90m 176 |[39m     
console[33m.[39merror([32m'Transcription error:'[39m[33m,[39m 
error)[33m;[39m
     [90m     |[39m             [31m[1m^[22m[39m
     [90m 177 |[39m     res[33m.[39mstatus([35m500[39m)[33m.[39mjson({
     [90m 178 |[39m       error[33m:[39m error[33m.[39mmessage[33m,[39m
     [90m 179 |[39m       text[33m:[39m [32m`ΓÜá∩╕Å Transcription Error: 
${error.message}`[39m[0m

      at error (server.js:176:13)

    console.error
      Transcription error: Error: Network unavailable
          at Object.<anonymous> 
(C:\Users\rober\Desktop\UNIMEDIA_WEBSITE\__tests__\rubric.test.js:18:27)
          at Promise.finally.completed (C:\Users\rober\Desktop\UNIMEDIA_WEBSITE
\node_modules\jest-circus\build\jestAdapterInit.js:1557:28)
          at new Promise (<anonymous>)
          at callAsyncCircusFn (C:\Users\rober\Desktop\UNIMEDIA_WEBSITE\node_mo
dules\jest-circus\build\jestAdapterInit.js:1497:10)
          at _callCircusHook (C:\Users\rober\Desktop\UNIMEDIA_WEBSITE\node_modu
les\jest-circus\build\jestAdapterInit.js:976:40)
          at processTicksAndRejections 
(node:internal/process/task_queues:103:5)
          at _runTest (C:\Users\rober\Desktop\UNIMEDIA_WEBSITE\node_modules\jes
t-circus\build\jestAdapterInit.js:941:5)
          at C:\Users\rober\Desktop\UNIMEDIA_WEBSITE\node_modules\jest-circus\b
uild\jestAdapterInit.js:849:7
          at _runTestsForDescribeBlock (C:\Users\rober\Desktop\UNIMEDIA_WEBSITE
\node_modules\jest-circus\build\jestAdapterInit.js:862:11)
          at _runTestsForDescribeBlock (C:\Users\rober\Desktop\UNIMEDIA_WEBSITE
\node_modules\jest-circus\build\jestAdapterInit.js:857:11)
          at _runTestsForDescribeBlock (C:\Users\rober\Desktop\UNIMEDIA_WEBSITE
\node_modules\jest-circus\build\jestAdapterInit.js:857:11)
          at run (C:\Users\rober\Desktop\UNIMEDIA_WEBSITE\node_modules\jest-cir
cus\build\jestAdapterInit.js:761:3)
          at runAndTransformResultsToJestFormat (C:\Users\rober\Desktop\UNIMEDI
A_WEBSITE\node_modules\jest-circus\build\jestAdapterInit.js:1918:21)
          at jestAdapter (C:\Users\rober\Desktop\UNIMEDIA_WEBSITE\node_modules\
jest-circus\build\runner.js:101:19)
          at runTestInternal (C:\Users\rober\Desktop\UNIMEDIA_WEBSITE\node_modu
les\jest-runner\build\testWorker.js:275:16)
          at runTest (C:\Users\rober\Desktop\UNIMEDIA_WEBSITE\node_modules\jest
-runner\build\testWorker.js:343:7)
          at Object.worker (C:\Users\rober\Desktop\UNIMEDIA_WEBSITE\node_module
s\jest-runner\build\testWorker.js:497:12)

    [0m [90m 174 |[39m
     [90m 175 |[39m   } [36mcatch[39m (error) {
    [31m[1m>[22m[39m[90m 176 |[39m     
console[33m.[39merror([32m'Transcription error:'[39m[33m,[39m 
error)[33m;[39m
     [90m     |[39m             [31m[1m^[22m[39m
     [90m 177 |[39m     res[33m.[39mstatus([35m500[39m)[33m.[39mjson({
     [90m 178 |[39m       error[33m:[39m error[33m.[39mmessage[33m,[39m
     [90m 179 |[39m       text[33m:[39m [32m`ΓÜá∩╕Å Transcription Error: 
${error.message}`[39m[0m

      at error (server.js:176:13)


Test Suites: 2 failed, 1 passed, 3 total
Tests:       19 failed, 132 passed, 151 total
Snapshots:   0 total
Time:        14.995 s
Ran all test suites.
